Component: ARM Compiler 5.06 update 7 (build 960) Tool: armlink [4d3601]

==============================================================================

Section Cross References

    startup_stm32h750xx.o(RESET) refers to startup_stm32h750xx.o(STACK) for __initial_sp
    startup_stm32h750xx.o(RESET) refers to startup_stm32h750xx.o(.text) for Reset_Handler
    startup_stm32h750xx.o(RESET) refers to stm32h7xx_it.o(i.NMI_Handler) for NMI_Handler
    startup_stm32h750xx.o(RESET) refers to stm32h7xx_it.o(i.HardFault_Handler) for HardFault_Handler
    startup_stm32h750xx.o(RESET) refers to stm32h7xx_it.o(i.MemManage_Handler) for MemManage_Handler
    startup_stm32h750xx.o(RESET) refers to stm32h7xx_it.o(i.BusFault_Handler) for BusFault_Handler
    startup_stm32h750xx.o(RESET) refers to stm32h7xx_it.o(i.UsageFault_Handler) for UsageFault_Handler
    startup_stm32h750xx.o(RESET) refers to stm32h7xx_it.o(i.SVC_Handler) for SVC_Handler
    startup_stm32h750xx.o(RESET) refers to stm32h7xx_it.o(i.DebugMon_Handler) for DebugMon_Handler
    startup_stm32h750xx.o(RESET) refers to stm32h7xx_it.o(i.PendSV_Handler) for PendSV_Handler
    startup_stm32h750xx.o(RESET) refers to stm32h7xx_it.o(i.SysTick_Handler) for SysTick_Handler
    startup_stm32h750xx.o(RESET) refers to stm32h7xx_it.o(i.EXTI3_IRQHandler) for EXTI3_IRQHandler
    startup_stm32h750xx.o(RESET) refers to stm32h7xx_it.o(i.EXTI15_10_IRQHandler) for EXTI15_10_IRQHandler
    startup_stm32h750xx.o(RESET) refers to debug.o(i.UART4_IRQHandler) for UART4_IRQHandler
    startup_stm32h750xx.o(.text) refers to system_stm32h7xx.o(i.SystemInit) for SystemInit
    startup_stm32h750xx.o(.text) refers to entry.o(.ARM.Collect$$$$00000000) for __main
    main.o(i.HAL_GPIO_EXTI_Callback) refers to stm32h7xx_hal.o(i.HAL_Delay) for HAL_Delay
    main.o(i.HAL_GPIO_EXTI_Callback) refers to stm32h7xx_hal_gpio.o(i.HAL_GPIO_ReadPin) for HAL_GPIO_ReadPin
    main.o(i.HAL_GPIO_EXTI_Callback) refers to stm32h7xx_hal_gpio.o(i.HAL_GPIO_WritePin) for HAL_GPIO_WritePin
    main.o(i.HAL_GPIO_EXTI_Callback) refers to ch455.o(i.CH455_Key_Read) for CH455_Key_Read
    main.o(i.HAL_GPIO_EXTI_Callback) refers to printfa.o(i.__0printf) for __2printf
    main.o(i.HAL_GPIO_EXTI_Callback) refers to ad9959.o(i.AD9959_SetAmp4Channel) for AD9959_SetAmp4Channel
    main.o(i.HAL_GPIO_EXTI_Callback) refers to stm32h7xx_hal_dac.o(i.HAL_DAC_SetValue) for HAL_DAC_SetValue
    main.o(i.HAL_GPIO_EXTI_Callback) refers to ad9959.o(i.AD9959_SetFrequency4Channel) for AD9959_SetFrequency4Channel
    main.o(i.HAL_GPIO_EXTI_Callback) refers to hmc472.o(i.HMC472set) for HMC472set
    main.o(i.HAL_GPIO_EXTI_Callback) refers to main.o(.data) for .data
    main.o(i.HAL_GPIO_EXTI_Callback) refers to ch455.o(.data) for CH455_KEY_RX_FLAG
    main.o(i.HAL_GPIO_EXTI_Callback) refers to ch455.o(.data) for CH455_KEY_NUM
    main.o(i.HAL_GPIO_EXTI_Callback) refers to dac.o(.bss) for hdac1
    main.o(i.HAL_GPIO_EXTI_Callback) refers to ad9959.o(i.AD9959_SetPhase4Channel) for AD9959_SetPhase4Channel
    main.o(i.PeriphCommonClock_Config) refers to memseta.o(.text) for __aeabi_memclr4
    main.o(i.PeriphCommonClock_Config) refers to stm32h7xx_hal_rcc_ex.o(i.HAL_RCCEx_PeriphCLKConfig) for HAL_RCCEx_PeriphCLKConfig
    main.o(i.SystemClock_Config) refers to memseta.o(.text) for __aeabi_memclr4
    main.o(i.SystemClock_Config) refers to stm32h7xx_hal_pwr_ex.o(i.HAL_PWREx_ConfigSupply) for HAL_PWREx_ConfigSupply
    main.o(i.SystemClock_Config) refers to stm32h7xx_hal_rcc.o(i.HAL_RCC_OscConfig) for HAL_RCC_OscConfig
    main.o(i.SystemClock_Config) refers to stm32h7xx_hal_rcc.o(i.HAL_RCC_ClockConfig) for HAL_RCC_ClockConfig
    main.o(i.main) refers to stm32h7xx_hal.o(i.HAL_Init) for HAL_Init
    main.o(i.main) refers to main.o(i.SystemClock_Config) for SystemClock_Config
    main.o(i.main) refers to main.o(i.PeriphCommonClock_Config) for PeriphCommonClock_Config
    main.o(i.main) refers to gpio.o(i.MX_GPIO_Init) for MX_GPIO_Init
    main.o(i.main) refers to usart.o(i.MX_USART1_UART_Init) for MX_USART1_UART_Init
    main.o(i.main) refers to lptim.o(i.MX_LPTIM1_Init) for MX_LPTIM1_Init
    main.o(i.main) refers to lptim.o(i.MX_LPTIM2_Init) for MX_LPTIM2_Init
    main.o(i.main) refers to tim.o(i.MX_TIM4_Init) for MX_TIM4_Init
    main.o(i.main) refers to dac.o(i.MX_DAC1_Init) for MX_DAC1_Init
    main.o(i.main) refers to hmc472.o(i.HMC472_Init) for HMC472_Init
    main.o(i.main) refers to stm32h7xx_hal_dac.o(i.HAL_DAC_Start) for HAL_DAC_Start
    main.o(i.main) refers to stm32h7xx_hal_dac.o(i.HAL_DAC_SetValue) for HAL_DAC_SetValue
    main.o(i.main) refers to ad9959.o(i.Init_AD9959) for Init_AD9959
    main.o(i.main) refers to ad9959.o(i.AD9959_SetFrequency4Channel) for AD9959_SetFrequency4Channel
    main.o(i.main) refers to ad9959.o(i.AD9959_SetAmp4Channel) for AD9959_SetAmp4Channel
    main.o(i.main) refers to ad9959.o(i.AD9959_SetPhase4Channel) for AD9959_SetPhase4Channel
[...]
    .ARM.Collect$$$$00000004                 0x0800029c   Section        4  entry5.o(.ARM.Collect$$$$00000004)
    .ARM.Collect$$$$00000008                 0x080002a0   Section        0  entry7b.o(.ARM.Collect$$$$00000008)
    .ARM.Collect$$$$0000000A                 0x080002a0   Section        0  entry8b.o(.ARM.Collect$$$$0000000A)
    .ARM.Collect$$$$0000000B                 0x080002a0   Section        8  entry9a.o(.ARM.Collect$$$$0000000B)
    .ARM.Collect$$$$0000000E                 0x080002a8   Section        4  entry12b.o(.ARM.Collect$$$$0000000E)
    .ARM.Collect$$$$0000000F                 0x080002ac   Section        0  entry10a.o(.ARM.Collect$$$$0000000F)
    .ARM.Collect$$$$00000011                 0x080002ac   Section        0  entry11a.o(.ARM.Collect$$$$00000011)
    .ARM.Collect$$$$00002712                 0x080002ac   Section        4  entry2.o(.ARM.Collect$$$$00002712)
    __lit__00000000                          0x080002ac   Data           4  entry2.o(.ARM.Collect$$$$00002712)
    .text                                    0x080002b0   Section       36  startup_stm32h750xx.o(.text)
    $v0                                      0x080002b0   Number         0  startup_stm32h750xx.o(.text)
    .text                                    0x080002d4   Section        0  uldiv.o(.text)
    .text                                    0x08000336   Section        0  memseta.o(.text)
    .text                                    0x0800035a   Section        0  uidiv.o(.text)
    .text                                    0x08000386   Section        0  llshl.o(.text)
    .text                                    0x080003a4   Section        0  llushr.o(.text)
    .text                                    0x080003c4   Section        0  iusefp.o(.text)
    .text                                    0x080003c4   Section        0  dadd.o(.text)
    .text                                    0x08000512   Section        0  dmul.o(.text)
    .text                                    0x080005f6   Section        0  ddiv.o(.text)
    .text                                    0x080006d4   Section        0  dfixul.o(.text)
    .text                                    0x08000704   Section       48  cdrcmple.o(.text)
    .text                                    0x08000734   Section       36  init.o(.text)
    .text                                    0x08000758   Section        0  llsshr.o(.text)
    .text                                    0x0800077c   Section        0  depilogue.o(.text)
    .text                                    0x08000836   Section        0  __dczerorl2.o(.text)
    i.AD9959_SetAmp4Channel                  0x0800088c   Section        0  ad9959.o(i.AD9959_SetAmp4Channel)
    i.AD9959_SetFrequency4Channel            0x080008b8   Section        0  ad9959.o(i.AD9959_SetFrequency4Channel)
    i.AD9959_SetPhase4Channel                0x080008e4   Section        0  ad9959.o(i.AD9959_SetPhase4Channel)
    i.BusFault_Handler                       0x08000910   Section        0  stm32h7xx_it.o(i.BusFault_Handler)
    i.CH450_Write                            0x08000912   Section        0  ch455.o(i.CH450_Write)
    i.CH450_buf_index                        0x08000940   Section        0  ch455.o(i.CH450_buf_index)
    i.CH450_buf_write                        0x08000958   Section        0  ch455.o(i.CH450_buf_write)
    i.CH455_Display                          0x08000974   Section        0  ch455.o(i.CH455_Display)
    i.CH455_Key_Read                         0x080009b0   Section        0  ch455.o(i.CH455_Key_Read)
    i.CH455_init                             0x08000a32   Section        0  ch455.o(i.CH455_init)
    i.DebugMon_Handler                       0x08000a72   Section        0  stm32h7xx_it.o(i.DebugMon_Handler)
    i.EXTI15_10_IRQHandler                   0x08000a74   Section        0  stm32h7xx_it.o(i.EXTI15_10_IRQHandler)
    i.EXTI3_IRQHandler                       0x08000a8a   Section        0  stm32h7xx_it.o(i.EXTI3_IRQHandler)
    i.Error_Handler                          0x08000a90   Section        0  main.o(i.Error_Handler)
    i.HAL_DAC_ConfigChannel                  0x08000a94   Section        0  stm32h7xx_hal_dac.o(i.HAL_DAC_ConfigChannel)
    i.HAL_DAC_Init                           0x08000be8   Section        0  stm32h7xx_hal_dac.o(i.HAL_DAC_Init)
    i.HAL_DAC_MspInit                        0x08000c10   Section        0  dac.o(i.HAL_DAC_MspInit)
    i.HAL_DAC_SetValue                       0x08000c70   Section        0  stm32h7xx_hal_dac.o(i.HAL_DAC_SetValue)
    i.HAL_DAC_Start                          0x08000c8c   Section        0  stm32h7xx_hal_dac.o(i.HAL_DAC_Start)
    i.HAL_DMA_Abort                          0x08000ce8   Section        0  stm32h7xx_hal_dma.o(i.HAL_DMA_Abort)
    i.HAL_DMA_Abort_IT                       0x0800104c   Section        0  stm32h7xx_hal_dma.o(i.HAL_DMA_Abort_IT)
    i.HAL_Delay                              0x080012d0   Section        0  stm32h7xx_hal.o(i.HAL_Delay)
    i.HAL_GPIO_EXTI_Callback                 0x080012f4   Section        0  main.o(i.HAL_GPIO_EXTI_Callback)
    i.HAL_GPIO_EXTI_IRQHandler               0x08001958   Section        0  stm32h7xx_hal_gpio.o(i.HAL_GPIO_EXTI_IRQHandler)
    i.HAL_GPIO_Init                          0x08001970   Section        0  stm32h7xx_hal_gpio.o(i.HAL_GPIO_Init)
    i.HAL_GPIO_ReadPin                       0x08001ba0   Section        0  stm32h7xx_hal_gpio.o(i.HAL_GPIO_ReadPin)
    i.HAL_GPIO_WritePin                      0x08001baa   Section        0  stm32h7xx_hal_gpio.o(i.HAL_GPIO_WritePin)
    i.HAL_GetREVID                           0x08001bb4   Section        0  stm32h7xx_hal.o(i.HAL_GetREVID)
    i.HAL_GetTick                            0x08001bc0   Section        0  stm32h7xx_hal.o(i.HAL_GetTick)
    i.HAL_IncTick                            0x08001bcc   Section        0  stm32h7xx_hal.o(i.HAL_IncTick)
    i.HAL_Init                               0x08001bdc   Section        0  stm32h7xx_hal.o(i.HAL_Init)
    i.HAL_InitTick                           0x08001c38   Section        0  stm32h7xx_hal.o(i.HAL_InitTick)
    i.HAL_LPTIM_Init                         0x08001c78   Section        0  stm32h7xx_hal_lptim.o(i.HAL_LPTIM_Init)
    i.HAL_LPTIM_MspInit                      0x08001d58   Section        0  lptim.o(i.HAL_LPTIM_MspInit)
    i.HAL_MspInit                            0x08001dc8   Section        0  stm32h7xx_hal_msp.o(i.HAL_MspInit)
    i.HAL_NVIC_EnableIRQ                     0x08001e00   Section        0  stm32h7xx_hal_cortex.o(i.HAL_NVIC_EnableIRQ)
    i.HAL_NVIC_SetPriority                   0x08001e1c   Section        0  stm32h7xx_hal_cortex.o(i.HAL_NVIC_SetPriority)
    i.HAL_NVIC_SetPriorityGrouping           0x08001e5c   Section        0  stm32h7xx_hal_cortex.o(i.HAL_NVIC_SetPriorityGrouping)
    i.HAL_PWREx_ConfigSupply                 0x08001e80   Section        0  stm32h7xx_hal_pwr_ex.o(i.HAL_PWREx_ConfigSupply)
    i.HAL_RCCEx_GetD3PCLK1Freq               0x08001ed4   Section        0  stm32h7xx_hal_rcc_ex.o(i.HAL_RCCEx_GetD3PCLK1Freq)
    i.HAL_RCCEx_GetPLL2ClockFreq             0x08001ef8   Section        0  stm32h7xx_hal_rcc_ex.o(i.HAL_RCCEx_GetPLL2ClockFreq)
    i.HAL_RCCEx_GetPLL3ClockFreq             0x0800203c   Section        0  stm32h7xx_hal_rcc_ex.o(i.HAL_RCCEx_GetPLL3ClockFreq)
    i.HAL_RCCEx_PeriphCLKConfig              0x08002180   Section        0  stm32h7xx_hal_rcc_ex.o(i.HAL_RCCEx_PeriphCLKConfig)
    i.HAL_RCC_ClockConfig                    0x08002a54   Section        0  stm32h7xx_hal_rcc.o(i.HAL_RCC_ClockConfig)
    i.HAL_RCC_GetHCLKFreq                    0x08002cb0   Section        0  stm32h7xx_hal_rcc.o(i.HAL_RCC_GetHCLKFreq)
    i.HAL_RCC_GetPCLK1Freq                   0x08002cf4   Section        0  stm32h7xx_hal_rcc.o(i.HAL_RCC_GetPCLK1Freq)
    i.HAL_RCC_GetPCLK2Freq                   0x08002d18   Section        0  stm32h7xx_hal_rcc.o(i.HAL_RCC_GetPCLK2Freq)
    i.HAL_RCC_GetSysClockFreq                0x08002d3c   Section        0  stm32h7xx_hal_rcc.o(i.HAL_RCC_GetSysClockFreq)
    i.HAL_RCC_OscConfig                      0x08002e74   Section        0  stm32h7xx_hal_rcc.o(i.HAL_RCC_OscConfig)
    i.HAL_SYSCFG_DisableVREFBUF              0x0800337c   Section        0  stm32h7xx_hal.o(i.HAL_SYSCFG_DisableVREFBUF)
    i.HAL_SYSCFG_VREFBUF_HighImpedanceConfig 0x0800338c   Section        0  stm32h7xx_hal.o(i.HAL_SYSCFG_VREFBUF_HighImpedanceConfig)
    i.HAL_SYSTICK_CLKSourceConfig            0x080033a0   Section        0  stm32h7xx_hal_cortex.o(i.HAL_SYSTICK_CLKSourceConfig)
    i.HAL_SYSTICK_Config                     0x080033b8   Section        0  stm32h7xx_hal_cortex.o(i.HAL_SYSTICK_Config)
    i.HAL_TIMEx_MasterConfigSynchronization  0x080033e0   Section        0  stm32h7xx_hal_tim_ex.o(i.HAL_TIMEx_MasterConfigSynchronization)
    i.HAL_TIM_Base_Init                      0x08003478   Section        0  stm32h7xx_hal_tim.o(i.HAL_TIM_Base_Init)
    i.HAL_TIM_Base_MspInit                   0x080034dc   Section        0  tim.o(i.HAL_TIM_Base_MspInit)
    i.HAL_TIM_ConfigClockSource              0x08003504   Section        0  stm32h7xx_hal_tim.o(i.HAL_TIM_ConfigClockSource)
    i.HAL_UARTEx_DisableFifoMode             0x080035fc   Section        0  stm32h7xx_hal_uart_ex.o(i.HAL_UARTEx_DisableFifoMode)
    i.HAL_UARTEx_RxEventCallback             0x0800363c   Section        0  stm32h7xx_hal_uart.o(i.HAL_UARTEx_RxEventCallback)
    i.HAL_UARTEx_RxFifoFullCallback          0x0800363e   Section        0  stm32h7xx_hal_uart_ex.o(i.HAL_UARTEx_RxFifoFullCallback)
    i.HAL_UARTEx_SetRxFifoThreshold          0x08003640   Section        0  stm32h7xx_hal_uart_ex.o(i.HAL_UARTEx_SetRxFifoThreshold)
    i.HAL_UARTEx_SetTxFifoThreshold          0x0800368c   Section        0  stm32h7xx_hal_uart_ex.o(i.HAL_UARTEx_SetTxFifoThreshold)
    i.HAL_UARTEx_TxFifoEmptyCallback         0x080036d8   Section        0  stm32h7xx_hal_uart_ex.o(i.HAL_UARTEx_TxFifoEmptyCallback)
    i.HAL_UARTEx_WakeupCallback              0x080036da   Section        0  stm32h7xx_hal_uart_ex.o(i.HAL_UARTEx_WakeupCallback)
    i.HAL_UART_ErrorCallback                 0x080036dc   Section        0  stm32h7xx_hal_uart.o(i.HAL_UART_ErrorCallback)
    i.HAL_UART_GetState                      0x080036de   Section        0  stm32h7xx_hal_uart.o(i.HAL_UART_GetState)
    i.HAL_UART_IRQHandler                    0x080036ec   Section        0  stm32h7xx_hal_uart.o(i.HAL_UART_IRQHandler)
    i.HAL_UART_Init                          0x080039f0   Section        0  stm32h7xx_hal_uart.o(i.HAL_UART_Init)
    i.HAL_UART_MspInit                       0x08003a5c   Section        0  usart.o(i.HAL_UART_MspInit)
    i.HAL_UART_Receive_IT                    0x08003ae0   Section        0  stm32h7xx_hal_uart.o(i.HAL_UART_Receive_IT)
    i.HAL_UART_RxCpltCallback                0x08003b2c   Section        0  debug.o(i.HAL_UART_RxCpltCallback)
    i.HAL_UART_Transmit                      0x08003b90   Section        0  stm32h7xx_hal_uart.o(i.HAL_UART_Transmit)
    i.HAL_UART_TxCpltCallback                0x08003c4e   Section        0  stm32h7xx_hal_uart.o(i.HAL_UART_TxCpltCallback)
    i.HMC472_Init                            0x08003c50   Section        0  hmc472.o(i.HMC472_Init)
    i.HMC472set                              0x08003c90   Section        0  hmc472.o(i.HMC472set)
    i.HardFault_Handler                      0x08003cac   Section        0  stm32h7xx_it.o(i.HardFault_Handler)
    i.IIC_Ack                                0x08003cb0   Section        0  myiic.o(i.IIC_Ack)
    i.IIC_NAck                               0x08003d04   Section        0  myiic.o(i.IIC_NAck)
    i.IIC_Read_Byte                          0x08003d58   Section        0  myiic.o(i.IIC_Read_Byte)
    i.IIC_Send_Byte                          0x08003dcc   Section        0  myiic.o(i.IIC_Send_Byte)
    i.IIC_Start                              0x08003e40   Section        0  myiic.o(i.IIC_Start)
    i.IIC_Stop                               0x08003e94   Section        0  myiic.o(i.IIC_Stop)
    i.IIC_Wait_Ack                           0x08003eec   Section        0  myiic.o(i.IIC_Wait_Ack)
    i.IO_Update                              0x08003f58   Section        0  ad9959.o(i.IO_Update)
    i.Init_AD9959                            0x08003f90   Section        0  ad9959.o(i.Init_AD9959)
    i.IntReset                               0x08003fec   Section        0  ad9959.o(i.IntReset)
    i.Intserve                               0x08004024   Section        0  ad9959.o(i.Intserve)
    i.MX_DAC1_Init                           0x08004064   Section        0  dac.o(i.MX_DAC1_Init)
    i.MX_GPIO_Init                           0x080040b0   Section        0  gpio.o(i.MX_GPIO_Init)
    i.MX_LPTIM1_Init                         0x080041c4   Section        0  lptim.o(i.MX_LPTIM1_Init)
    i.MX_LPTIM2_Init                         0x08004200   Section        0  lptim.o(i.MX_LPTIM2_Init)
    i.MX_TIM4_Init                           0x0800423c   Section        0  tim.o(i.MX_TIM4_Init)
    i.MX_USART1_UART_Init                    0x080042a4   Section        0  usart.o(i.MX_USART1_UART_Init)
    i.MemManage_Handler                      0x0800430c   Section        0  stm32h7xx_it.o(i.MemManage_Handler)
    i.NMI_Handler                            0x0800430e   Section        0  stm32h7xx_it.o(i.NMI_Handler)
    i.PendSV_Handler                         0x08004310   Section        0  stm32h7xx_it.o(i.PendSV_Handler)
    i.PeriphCommonClock_Config               0x08004312   Section        0  main.o(i.PeriphCommonClock_Config)
    i.RCCEx_PLL2_Config                      0x0800433c   Section        0  stm32h7xx_hal_rcc_ex.o(i.RCCEx_PLL2_Config)
    RCCEx_PLL2_Config                        0x0800433d   Thumb Code   284  stm32h7xx_hal_rcc_ex.o(i.RCCEx_PLL2_Config)
    i.RCCEx_PLL3_Config                      0x0800445c   Section        0  stm32h7xx_hal_rcc_ex.o(i.RCCEx_PLL3_Config)
    RCCEx_PLL3_Config                        0x0800445d   Thumb Code   284  stm32h7xx_hal_rcc_ex.o(i.RCCEx_PLL3_Config)
    i.SVC_Handler                            0x0800457c   Section        0  stm32h7xx_it.o(i.SVC_Handler)
    i.SysTick_Handler                        0x0800457e   Section        0  stm32h7xx_it.o(i.SysTick_Handler)
    i.SystemClock_Config                     0x08004584   Section        0  main.o(i.SystemClock_Config)
    i.SystemInit                             0x08004630   Section        0  system_stm32h7xx.o(i.SystemInit)
    i.TIM_Base_SetConfig                     0x0800470c   Section        0  stm32h7xx_hal_tim.o(i.TIM_Base_SetConfig)
    i.TIM_ETR_SetConfig                      0x080047d0   Section        0  stm32h7xx_hal_tim.o(i.TIM_ETR_SetConfig)
    i.TIM_ITRx_SetConfig                     0x080047e4   Section        0  stm32h7xx_hal_tim.o(i.TIM_ITRx_SetConfig)
    TIM_ITRx_SetConfig                       0x080047e5   Thumb Code    16  stm32h7xx_hal_tim.o(i.TIM_ITRx_SetConfig)
    i.TIM_TI1_ConfigInputStage               0x080047f8   Section        0  stm32h7xx_hal_tim.o(i.TIM_TI1_ConfigInputStage)
    TIM_TI1_ConfigInputStage                 0x080047f9   Thumb Code    34  stm32h7xx_hal_tim.o(i.TIM_TI1_ConfigInputStage)
    i.TIM_TI2_ConfigInputStage               0x0800481a   Section        0  stm32h7xx_hal_tim.o(i.TIM_TI2_ConfigInputStage)
    TIM_TI2_ConfigInputStage                 0x0800481b   Thumb Code    36  stm32h7xx_hal_tim.o(i.TIM_TI2_ConfigInputStage)
    i.UART4_IRQHandler                       0x08004840   Section        0  debug.o(i.UART4_IRQHandler)
    i.UARTEx_SetNbDataToProcess              0x08004890   Section        0  stm32h7xx_hal_uart_ex.o(i.UARTEx_SetNbDataToProcess)
    UARTEx_SetNbDataToProcess                0x08004891   Thumb Code    62  stm32h7xx_hal_uart_ex.o(i.UARTEx_SetNbDataToProcess)
    i.UART_AdvFeatureConfig                  0x080048d4   Section        0  stm32h7xx_hal_uart.o(i.UART_AdvFeatureConfig)
    i.UART_CheckIdleState                    0x0800499c   Section        0  stm32h7xx_hal_uart.o(i.UART_CheckIdleState)
    i.UART_DMAAbortOnError                   0x080049fc   Section        0  stm32h7xx_hal_uart.o(i.UART_DMAAbortOnError)
    UART_DMAAbortOnError                     0x080049fd   Thumb Code    20  stm32h7xx_hal_uart.o(i.UART_DMAAbortOnError)
    i.UART_EndRxTransfer                     0x08004a10   Section        0  stm32h7xx_hal_uart.o(i.UART_EndRxTransfer)
    UART_EndRxTransfer                       0x08004a11   Thumb Code    50  stm32h7xx_hal_uart.o(i.UART_EndRxTransfer)
    i.UART_RxISR_16BIT                       0x08004a48   Section        0  stm32h7xx_hal_uart.o(i.UART_RxISR_16BIT)
    UART_RxISR_16BIT                         0x08004a49   Thumb Code   128  stm32h7xx_hal_uart.o(i.UART_RxISR_16BIT)
    i.UART_RxISR_16BIT_FIFOEN                0x08004ac8   Section        0  stm32h7xx_hal_uart.o(i.UART_RxISR_16BIT_FIFOEN)
    UART_RxISR_16BIT_FIFOEN                  0x08004ac9   Thumb Code   318  stm32h7xx_hal_uart.o(i.UART_RxISR_16BIT_FIFOEN)
    i.UART_RxISR_8BIT                        0x08004c10   Section        0  stm32h7xx_hal_uart.o(i.UART_RxISR_8BIT)
    UART_RxISR_8BIT                          0x08004c11   Thumb Code   128  stm32h7xx_hal_uart.o(i.UART_RxISR_8BIT)
    i.UART_RxISR_8BIT_FIFOEN                 0x08004c90   Section        0  stm32h7xx_hal_uart.o(i.UART_RxISR_8BIT_FIFOEN)
    UART_RxISR_8BIT_FIFOEN                   0x08004c91   Thumb Code   318  stm32h7xx_hal_uart.o(i.UART_RxISR_8BIT_FIFOEN)
    i.UART_SetConfig                         0x08004dd8   Section        0  stm32h7xx_hal_uart.o(i.UART_SetConfig)
    i.UART_Start_Receive_IT                  0x08005184   Section        0  stm32h7xx_hal_uart.o(i.UART_Start_Receive_IT)
    i.UART_WaitOnFlagUntilTimeout            0x0800525c   Section        0  stm32h7xx_hal_uart.o(i.UART_WaitOnFlagUntilTimeout)
    i.UsageFault_Handler                     0x08005300   Section        0  stm32h7xx_it.o(i.UsageFault_Handler)
    i.WriteData_AD9959                       0x08005304   Section        0  ad9959.o(i.WriteData_AD9959)
    i.Write_Amplitude                        0x080053c8   Section        0  ad9959.o(i.Write_Amplitude)
    i.Write_Phase                            0x08005424   Section        0  ad9959.o(i.Write_Phase)
    i.Write_frequence                        0x08005498   Section        0  ad9959.o(i.Write_frequence)
    i.__0printf                              0x08005520   Section        0  printfa.o(i.__0printf)
    i.__NVIC_SetPriority                     0x08005540   Section        0  stm32h7xx_hal_cortex.o(i.__NVIC_SetPriority)
    __NVIC_SetPriority                       0x08005541   Thumb Code    34  stm32h7xx_hal_cortex.o(i.__NVIC_SetPriority)
    i.__scatterload_copy                     0x08005562   Section       14  handlers.o(i.__scatterload_copy)
    i.__scatterload_null                     0x08005570   Section        2  handlers.o(i.__scatterload_null)
    i.__scatterload_zeroinit                 0x08005572   Section       14  handlers.o(i.__scatterload_zeroinit)
    i._fp_digits                             0x08005580   Section        0  printfa.o(i._fp_digits)
    _fp_digits                               0x08005581   Thumb Code   366  printfa.o(i._fp_digits)
    i._printf_core                           0x08005704   Section        0  printfa.o(i._printf_core)
    _printf_core                             0x08005705   Thumb Code  1704  printfa.o(i._printf_core)
    i._printf_post_padding                   0x08005db8   Section        0  printfa.o(i._printf_post_padding)
    _printf_post_padding                     0x08005db9   Thumb Code    36  printfa.o(i._printf_post_padding)
    i._printf_pre_padding                    0x08005ddc   Section        0  printfa.o(i._printf_pre_padding)
    _printf_pre_padding                      0x08005ddd   Thumb Code    46  printfa.o(i._printf_pre_padding)
    i.delay1                                 0x08005e0a   Section        0  ad9959.o(i.delay1)
    i.delay_init                             0x08005e18   Section        0  delay.o(i.delay_init)
    i.delay_ms                               0x08005e2c   Section        0  delay.o(i.delay_ms)
    i.delay_us                               0x08005e48   Section        0  delay.o(i.delay_us)
    i.fputc                                  0x08005e7c   Section        0  debug.o(i.fputc)
    i.main                                   0x08005e98   Section        0  main.o(i.main)
    i.reply_er                               0x08006108   Section        0  debug.o(i.reply_er)
    .constdata                               0x08006130   Section       24  stm32h7xx_hal_uart.o(.constdata)
    .constdata                               0x08006148   Section       16  stm32h7xx_hal_uart_ex.o(.constdata)
    numerator                                0x08006148   Data           8  stm32h7xx_hal_uart_ex.o(.constdata)
    denominator                              0x08006150   Data           8  stm32h7xx_hal_uart_ex.o(.constdata)
    .constdata                               0x08006158   Section       16  system_stm32h7xx.o(.constdata)
    .constdata                               0x08006168   Section       16  ch455.o(.constdata)
    .data                                    0x24000000   Section      524  main.o(.data)
    .data                                    0x2400020c   Section       12  stm32h7xx_hal.o(.data)
    .data                                    0x24000218   Section        8  system_stm32h7xx.o(.data)
    .data                                    0x24000220   Section       11  ad9959.o(.data)
    .data                                    0x2400022c   Section       12  debug.o(.data)
    s_usart_tmp                              0x2400022d   Data           1  debug.o(.data)
    device_er                                0x2400022e   Data           2  debug.o(.data)
    .data                                    0x24000238   Section        4  delay.o(.data)
    fac_us                                   0x24000238   Data           4  delay.o(.data)
    .data                                    0x2400023c   Section        2  ch455.o(.data)
    .data                                    0x2400023e   Section        1  ch455.o(.data)
    .data                                    0x2400023f   Section        6  ch455.o(.data)
    .data                                    0x24000248   Section        4  stdout.o(.data)
    .bss                                     0x2400024c   Section       20  dac.o(.bss)
    .bss                                     0x24000260   Section      112  lptim.o(.bss)
    .bss                                     0x240002d0   Section       76  tim.o(.bss)
    .bss                                     0x2400031c   Section      144  usart.o(.bss)
    .bss                                     0x240003ac   Section     1500  debug.o(.bss)
    STACK                                    0x24000988   Section    131072  startup_stm32h750xx.o(STACK)

    Global Symbols

    Symbol Name                              Value     Ov Type        Size  Object(Section)

    BuildAttributes$$THM_ISAv4$E$P$D$K$B$S$7EM$VFPv5_D16$PE$PLD8$A:L22UL41UL21$X:L11$S22US41US21$IEEE1$IW$USESV6$~STKCKD$USESV7$~SHL$OSPACE$ROPI$EBA8$MICROLIB$REQ8$PRES8$EABIv2 0x00000000   Number         0  anon$$obj.o ABSOLUTE
    __ARM_use_no_argv                        0x00000000   Number         0  main.o ABSOLUTE
    _printf_a                                0x00000000   Number         0  stubs.o ABSOLUTE
    _printf_c                                0x00000000   Number         0  stubs.o ABSOLUTE
    _printf_charcount                        0x00000000   Number         0  stubs.o ABSOLUTE
    _printf_d                                0x00000000   Number         0  stubs.o ABSOLUTE
    _printf_e                                0x00000000   Number         0  stubs.o ABSOLUTE
    _printf_f                                0x00000000   Number         0  stubs.o ABSOLUTE
    _printf_flags                            0x00000000   Number         0  stubs.o ABSOLUTE
    _printf_fp_dec                           0x00000000   Number         0  stubs.o ABSOLUTE
    _printf_fp_hex                           0x00000000   Number         0  stubs.o ABSOLUTE
    _printf_g                                0x00000000   Number         0  stubs.o ABSOLUTE
    _printf_i                                0x00000000   Number         0  stubs.o ABSOLUTE
    _printf_int_dec                          0x00000000   Number         0  stubs.o ABSOLUTE
    _printf_l                                0x00000000   Number         0  stubs.o ABSOLUTE
    _printf_lc                               0x00000000   Number         0  stubs.o ABSOLUTE
    _printf_ll                               0x00000000   Number         0  stubs.o ABSOLUTE
    _printf_lld                              0x00000000   Number         0  stubs.o ABSOLUTE
    _printf_lli                              0x00000000   Number         0  stubs.o ABSOLUTE
    _printf_llo                              0x00000000   Number         0  stubs.o ABSOLUTE
    _printf_llu                              0x00000000   Number         0  stubs.o ABSOLUTE
    _printf_llx                              0x00000000   Number         0  stubs.o ABSOLUTE
    _printf_longlong_dec                     0x00000000   Number         0  stubs.o ABSOLUTE
    _printf_longlong_hex                     0x00000000   Number         0  stubs.o ABSOLUTE
    _printf_longlong_oct                     0x00000000   Number         0  stubs.o ABSOLUTE
    _printf_ls                               0x00000000   Number         0  stubs.o ABSOLUTE
    _printf_mbtowc                           0x00000000   Number         0  stubs.o ABSOLUTE
    _printf_n                                0x00000000   Number         0  stubs.o ABSOLUTE
    _printf_o                                0x00000000   Number         0  stubs.o ABSOLUTE
    _printf_p                                0x00000000   Number         0  stubs.o ABSOLUTE
    _printf_percent                          0x00000000   Number         0  stubs.o ABSOLUTE
    _printf_pre_padding                      0x00000000   Number         0  stubs.o ABSOLUTE
    _printf_return_value                     0x00000000   Number         0  stubs.o ABSOLUTE
    _printf_s                                0x00000000   Number         0  stubs.o ABSOLUTE
    _printf_sizespec                         0x00000000   Number         0  stubs.o ABSOLUTE
    _printf_str                              0x00000000   Number         0  stubs.o ABSOLUTE
    _printf_truncate_signed                  0x00000000   Number         0  stubs.o ABSOLUTE
    _printf_truncate_unsigned                0x00000000   Number         0  stubs.o ABSOLUTE
    _printf_u                                0x00000000   Number         0  stubs.o ABSOLUTE
    _printf_wc                               0x00000000   Number         0  stubs.o ABSOLUTE
    _printf_wctomb                           0x00000000   Number         0  stubs.o ABSOLUTE
    _printf_widthprec                        0x00000000   Number         0  stubs.o ABSOLUTE
    _printf_x                                0x00000000   Number         0  stubs.o ABSOLUTE
    __arm_fini_                               - Undefined Weak Reference
    __cpp_initialize__aeabi_                  - Undefined Weak Reference
    __cxa_finalize                            - Undefined Weak Reference
    _clock_init                               - Undefined Weak Reference
    _microlib_exit                            - Undefined Weak Reference
    __Vectors_Size                           0x00000298   Number         0  startup_stm32h750xx.o ABSOLUTE
    __Vectors                                0x08000000   Data           4  startup_stm32h750xx.o(RESET)
    __Vectors_End                            0x08000298   Data           0  startup_stm32h750xx.o(RESET)
    __main                                   0x08000299   Thumb Code     0  entry.o(.ARM.Collect$$$$00000000)
    _main_stk                                0x08000299   Thumb Code     0  entry2.o(.ARM.Collect$$$$00000001)
    _main_scatterload                        0x0800029d   Thumb Code     0  entry5.o(.ARM.Collect$$$$00000004)
    __main_after_scatterload                 0x080002a1   Thumb Code     0  entry5.o(.ARM.Collect$$$$00000004)
    _main_clock                              0x080002a1   Thumb Code     0  entry7b.o(.ARM.Collect$$$$00000008)
    _main_cpp_init                           0x080002a1   Thumb Code     0  entry8b.o(.ARM.Collect$$$$0000000A)
    _main_init                               0x080002a1   Thumb Code     0  entry9a.o(.ARM.Collect$$$$0000000B)
    __rt_lib_shutdown_fini                   0x080002a9   Thumb Code     0  entry12b.o(.ARM.Collect$$$$0000000E)
    __rt_final_cpp                           0x080002ad   Thumb Code     0  entry10a.o(.ARM.Collect$$$$0000000F)
    __rt_final_exit                          0x080002ad   Thumb Code     0  entry11a.o(.ARM.Collect$$$$00000011)
    Reset_Handler                            0x080002b1   Thumb Code     8  startup_stm32h750xx.o(.text)
    ADC3_IRQHandler                          0x080002cb   Thumb Code     0  startup_stm32h750xx.o(.text)
    ADC_IRQHandler                           0x080002cb   Thumb Code     0  startup_stm32h750xx.o(.text)
    BDMA_Channel0_IRQHandler                 0x080002cb   Thumb Code     0  startup_stm32h750xx.o(.text)
    BDMA_Channel1_IRQHandler                 0x080002cb   Thumb Code     0  startup_stm32h750xx.o(.text)
    BDMA_Channel2_IRQHandler                 0x080002cb   Thumb Code     0  startup_stm32h750xx.o(.text)
    BDMA_Channel3_IRQHandler                 0x080002cb   Thumb Code     0  startup_stm32h750xx.o(.text)
    BDMA_Channel4_IRQHandler                 0x080002cb   Thumb Code     0  startup_stm32h750xx.o(.text)
    BDMA_Channel5_IRQHandler                 0x080002cb   Thumb Code     0  startup_stm32h750xx.o(.text)
    BDMA_Channel6_IRQHandler                 0x080002cb   Thumb Code     0  startup_stm32h750xx.o(.text)
    BDMA_Channel7_IRQHandler                 0x080002cb   Thumb Code     0  startup_stm32h750xx.o(.text)
    CEC_IRQHandler                           0x080002cb   Thumb Code     0  startup_stm32h750xx.o(.text)
    COMP1_IRQHandler                         0x080002cb   Thumb Code     0  startup_stm32h750xx.o(.text)
    CRS_IRQHandler                           0x080002cb   Thumb Code     0  startup_stm32h750xx.o(.text)
    CRYP_IRQHandler                          0x080002cb   Thumb Code     0  startup_stm32h750xx.o(.text)
    DCMI_IRQHandler                          0x080002cb   Thumb Code     0  startup_stm32h750xx.o(.text)
    DFSDM1_FLT0_IRQHandler                   0x080002cb   Thumb Code     0  startup_stm32h750xx.o(.text)
    DFSDM1_FLT1_IRQHandler                   0x080002cb   Thumb Code     0  startup_stm32h750xx.o(.text)
    DFSDM1_FLT2_IRQHandler                   0x080002cb   Thumb Code     0  startup_stm32h750xx.o(.text)
    DFSDM1_FLT3_IRQHandler                   0x080002cb   Thumb Code     0  startup_stm32h750xx.o(.text)
    DMA1_Stream0_IRQHandler                  0x080002cb   Thumb Code     0  startup_stm32h750xx.o(.text)
    DMA1_Stream1_IRQHandler                  0x080002cb   Thumb Code     0  startup_stm32h750xx.o(.text)
    DMA1_Stream2_IRQHandler                  0x080002cb   Thumb Code     0  startup_stm32h750xx.o(.text)
    DMA1_Stream3_IRQHandler                  0x080002cb   Thumb Code     0  startup_stm32h750xx.o(.text)
    DMA1_Stream4_IRQHandler                  0x080002cb   Thumb Code     0  startup_stm32h750xx.o(.text)
    DMA1_Stream5_IRQHandler                  0x080002cb   Thumb Code     0  startup_stm32h750xx.o(.text)
    DMA1_Stream6_IRQHandler                  0x080002cb   Thumb Code     0  startup_stm32h750xx.o(.text)
    DMA1_Stream7_IRQHandler                  0x080002cb   Thumb Code     0  startup_stm32h750xx.o(.text)
    DMA2D_IRQHandler                         0x080002cb   Thumb Code     0  startup_stm32h750xx.o(.text)
    DMA2_Stream0_IRQHandler                  0x080002cb   Thumb Code     0  startup_stm32h750xx.o(.text)
    DMA2_Stream1_IRQHandler                  0x080002cb   Thumb Code     0  startup_stm32h750xx.o(.text)
    DMA2_Stream2_IRQHandler                  0x080002cb   Thumb Code     0  startup_stm32h750xx.o(.text)
    DMA2_Stream3_IRQHandler                  0x080002cb   Thumb Code     0  startup_stm32h750xx.o(.text)
    DMA2_Stream4_IRQHandler                  0x080002cb   Thumb Code     0  startup_stm32h750xx.o(.text)
    DMA2_Stream5_IRQHandler                  0x080002cb   Thumb Code     0  startup_stm32h750xx.o(.text)
    DMA2_Stream6_IRQHandler                  0x080002cb   Thumb Code     0  startup_stm32h750xx.o(.text)
    DMA2_Stream7_IRQHandler                  0x080002cb   Thumb Code     0  startup_stm32h750xx.o(.text)
    DMAMUX1_OVR_IRQHandler                   0x080002cb   Thumb Code     0  startup_stm32h750xx.o(.text)
    DMAMUX2_OVR_IRQHandler                   0x080002cb   Thumb Code     0  startup_stm32h750xx.o(.text)
    ECC_IRQHandler                           0x080002cb   Thumb Code     0  startup_stm32h750xx.o(.text)
    ETH_IRQHandler                           0x080002cb   Thumb Code     0  startup_stm32h750xx.o(.text)
    ETH_WKUP_IRQHandler                      0x080002cb   Thumb Code     0  startup_stm32h750xx.o(.text)
    EXTI0_IRQHandler                         0x080002cb   Thumb Code     0  startup_stm32h750xx.o(.text)
    EXTI1_IRQHandler                         0x080002cb   Thumb Code     0  startup_stm32h750xx.o(.text)
    EXTI2_IRQHandler                         0x080002cb   Thumb Code     0  startup_stm32h750xx.o(.text)
    EXTI4_IRQHandler                         0x080002cb   Thumb Code     0  startup_stm32h750xx.o(.text)
    EXTI9_5_IRQHandler                       0x080002cb   Thumb Code     0  startup_stm32h750xx.o(.text)
    FDCAN1_IT0_IRQHandler                    0x080002cb   Thumb Code     0  startup_stm32h750xx.o(.text)
    FDCAN1_IT1_IRQHandler                    0x080002cb   Thumb Code     0  startup_stm32h750xx.o(.text)
    FDCAN2_IT0_IRQHandler                    0x080002cb   Thumb Code     0  startup_stm32h750xx.o(.text)
    FDCAN2_IT1_IRQHandler                    0x080002cb   Thumb Code     0  startup_stm32h750xx.o(.text)
    FDCAN_CAL_IRQHandler                     0x080002cb   Thumb Code     0  startup_stm32h750xx.o(.text)
    FLASH_IRQHandler                         0x080002cb   Thumb Code     0  startup_stm32h750xx.o(.text)
    FMC_IRQHandler                           0x080002cb   Thumb Code     0  startup_stm32h750xx.o(.text)
    FPU_IRQHandler                           0x080002cb   Thumb Code     0  startup_stm32h750xx.o(.text)
    HASH_RNG_IRQHandler                      0x080002cb   Thumb Code     0  startup_stm32h750xx.o(.text)
    HRTIM1_FLT_IRQHandler                    0x080002cb   Thumb Code     0  startup_stm32h750xx.o(.text)
    HRTIM1_Master_IRQHandler                 0x080002cb   Thumb Code     0  startup_stm32h750xx.o(.text)
    HRTIM1_TIMA_IRQHandler                   0x080002cb   Thumb Code     0  startup_stm32h750xx.o(.text)
    HRTIM1_TIMB_IRQHandler                   0x080002cb   Thumb Code     0  startup_stm32h750xx.o(.text)
    HRTIM1_TIMC_IRQHandler                   0x080002cb   Thumb Code     0  startup_stm32h750xx.o(.text)
    HRTIM1_TIMD_IRQHandler                   0x080002cb   Thumb Code     0  startup_stm32h750xx.o(.text)
    HRTIM1_TIME_IRQHandler                   0x080002cb   Thumb Code     0  startup_stm32h750xx.o(.text)
    HSEM1_IRQHandler                         0x080002cb   Thumb Code     0  startup_stm32h750xx.o(.text)
    I2C1_ER_IRQHandler                       0x080002cb   Thumb Code     0  startup_stm32h750xx.o(.text)
    I2C1_EV_IRQHandler                       0x080002cb   Thumb Code     0  startup_stm32h750xx.o(.text)
    I2C2_ER_IRQHandler                       0x080002cb   Thumb Code     0  startup_stm32h750xx.o(.text)
    I2C2_EV_IRQHandler                       0x080002cb   Thumb Code     0  startup_stm32h750xx.o(.text)
    I2C3_ER_IRQHandler                       0x080002cb   Thumb Code     0  startup_stm32h750xx.o(.text)
    I2C3_EV_IRQHandler                       0x080002cb   Thumb Code     0  startup_stm32h750xx.o(.text)
    I2C4_ER_IRQHandler                       0x080002cb   Thumb Code     0  startup_stm32h750xx.o(.text)
    I2C4_EV_IRQHandler                       0x080002cb   Thumb Code     0  startup_stm32h750xx.o(.text)
    JPEG_IRQHandler                          0x080002cb   Thumb Code     0  startup_stm32h750xx.o(.text)
    LPTIM1_IRQHandler                        0x080002cb   Thumb Code     0  startup_stm32h750xx.o(.text)
    LPTIM2_IRQHandler                        0x080002cb   Thumb Code     0  startup_stm32h750xx.o(.text)
    LPTIM3_IRQHandler                        0x080002cb   Thumb Code     0  startup_stm32h750xx.o(.text)
    LPTIM4_IRQHandler                        0x080002cb   Thumb Code     0  startup_stm32h750xx.o(.text)
    LPTIM5_IRQHandler                        0x080002cb   Thumb Code     0  startup_stm32h750xx.o(.text)
    LPUART1_IRQHandler                       0x080002cb   Thumb Code     0  startup_stm32h750xx.o(.text)
    LTDC_ER_IRQHandler                       0x080002cb   Thumb Code     0  startup_stm32h750xx.o(.text)
    LTDC_IRQHandler                          0x080002cb   Thumb Code     0  startup_stm32h750xx.o(.text)
    MDIOS_IRQHandler                         0x080002cb   Thumb Code     0  startup_stm32h750xx.o(.text)
    MDIOS_WKUP_IRQHandler                    0x080002cb   Thumb Code     0  startup_stm32h750xx.o(.text)
    MDMA_IRQHandler                          0x080002cb   Thumb Code     0  startup_stm32h750xx.o(.text)
    OTG_FS_EP1_IN_IRQHandler                 0x080002cb   Thumb Code     0  startup_stm32h750xx.o(.text)
    OTG_FS_EP1_OUT_IRQHandler                0x080002cb   Thumb Code     0  startup_stm32h750xx.o(.text)
    OTG_FS_IRQHandler                        0x080002cb   Thumb Code     0  startup_stm32h750xx.o(.text)
    OTG_FS_WKUP_IRQHandler                   0x080002cb   Thumb Code     0  startup_stm32h750xx.o(.text)
    OTG_HS_EP1_IN_IRQHandler                 0x080002cb   Thumb Code     0  startup_stm32h750xx.o(.text)
    OTG_HS_EP1_OUT_IRQHandler                0x080002cb   Thumb Code     0  startup_stm32h750xx.o(.text)
    OTG_HS_IRQHandler                        0x080002cb   Thumb Code     0  startup_stm32h750xx.o(.text)
    OTG_HS_WKUP_IRQHandler                   0x080002cb   Thumb Code     0  startup_stm32h750xx.o(.text)
    PVD_AVD_IRQHandler                       0x080002cb   Thumb Code     0  startup_stm32h750xx.o(.text)
    QUADSPI_IRQHandler                       0x080002cb   Thumb Code     0  startup_stm32h750xx.o(.text)
    RCC_IRQHandler                           0x080002cb   Thumb Code     0  startup_stm32h750xx.o(.text)
    RTC_Alarm_IRQHandler                     0x080002cb   Thumb Code     0  startup_stm32h750xx.o(.text)
    RTC_WKUP_IRQHandler                      0x080002cb   Thumb Code     0  startup_stm32h750xx.o(.text)
    SAI1_IRQHandler                          0x080002cb   Thumb Code     0  startup_stm32h750xx.o(.text)
    SAI2_IRQHandler                          0x080002cb   Thumb Code     0  startup_stm32h750xx.o(.text)
    SAI3_IRQHandler                          0x080002cb   Thumb Code     0  startup_stm32h750xx.o(.text)
    SAI4_IRQHandler                          0x080002cb   Thumb Code     0  startup_stm32h750xx.o(.text)
    SDMMC1_IRQHandler                        0x080002cb   Thumb Code     0  startup_stm32h750xx.o(.text)
    SDMMC2_IRQHandler                        0x080002cb   Thumb Code     0  startup_stm32h750xx.o(.text)
    SPDIF_RX_IRQHandler                      0x080002cb   Thumb Code     0  startup_stm32h750xx.o(.text)
    SPI1_IRQHandler                          0x080002cb   Thumb Code     0  startup_stm32h750xx.o(.text)
    SPI2_IRQHandler                          0x080002cb   Thumb Code     0  startup_stm32h750xx.o(.text)
    SPI3_IRQHandler                          0x080002cb   Thumb Code     0  startup_stm32h750xx.o(.text)
    SPI4_IRQHandler                          0x080002cb   Thumb Code     0  startup_stm32h750xx.o(.text)
    SPI5_IRQHandler                          0x080002cb   Thumb Code     0  startup_stm32h750xx.o(.text)
    SPI6_IRQHandler                          0x080002cb   Thumb Code     0  startup_stm32h750xx.o(.text)
    SWPMI1_IRQHandler                        0x080002cb   Thumb Code     0  startup_stm32h750xx.o(.text)
    TAMP_STAMP_IRQHandler                    0x080002cb   Thumb Code     0  startup_stm32h750xx.o(.text)
    TIM15_IRQHandler                         0x080002cb   Thumb Code     0  startup_stm32h750xx.o(.text)
    TIM16_IRQHandler                         0x080002cb   Thumb Code     0  startup_stm32h750xx.o(.text)
    TIM17_IRQHandler                         0x080002cb   Thumb Code     0  startup_stm32h750xx.o(.text)
    TIM1_BRK_IRQHandler                      0x080002cb   Thumb Code     0  startup_stm32h750xx.o(.text)
    TIM1_CC_IRQHandler                       0x080002cb   Thumb Code     0  startup_stm32h750xx.o(.text)
    TIM1_TRG_COM_IRQHandler                  0x080002cb   Thumb Code     0  startup_stm32h750xx.o(.text)
    TIM1_UP_IRQHandler                       0x080002cb   Thumb Code     0  startup_stm32h750xx.o(.text)
    TIM2_IRQHandler                          0x080002cb   Thumb Code     0  startup_stm32h750xx.o(.text)
    TIM3_IRQHandler                          0x080002cb   Thumb Code     0  startup_stm32h750xx.o(.text)
    TIM4_IRQHandler                          0x080002cb   Thumb Code     0  startup_stm32h750xx.o(.text)
    TIM5_IRQHandler                          0x080002cb   Thumb Code     0  startup_stm32h750xx.o(.text)
    TIM6_DAC_IRQHandler                      0x080002cb   Thumb Code     0  startup_stm32h750xx.o(.text)
    TIM7_IRQHandler                          0x080002cb   Thumb Code     0  startup_stm32h750xx.o(.text)
    TIM8_BRK_TIM12_IRQHandler                0x080002cb   Thumb Code     0  startup_stm32h750xx.o(.text)
    TIM8_CC_IRQHandler                       0x080002cb   Thumb Code     0  startup_stm32h750xx.o(.text)
    TIM8_TRG_COM_TIM14_IRQHandler            0x080002cb   Thumb Code     0  startup_stm32h750xx.o(.text)
    TIM8_UP_TIM13_IRQHandler                 0x080002cb   Thumb Code     0  startup_stm32h750xx.o(.text)
    UART5_IRQHandler                         0x080002cb   Thumb Code     0  startup_stm32h750xx.o(.text)
    UART7_IRQHandler                         0x080002cb   Thumb Code     0  startup_stm32h750xx.o(.text)
    UART8_IRQHandler                         0x080002cb   Thumb Code     0  startup_stm32h750xx.o(.text)
    USART1_IRQHandler                        0x080002cb   Thumb Code     0  startup_stm32h750xx.o(.text)
    USART2_IRQHandler                        0x080002cb   Thumb Code     0  startup_stm32h750xx.o(.text)
    USART3_IRQHandler                        0x080002cb   Thumb Code     0  startup_stm32h750xx.o(.text)
    USART6_IRQHandler                        0x080002cb   Thumb Code     0  startup_stm32h750xx.o(.text)
    WAKEUP_PIN_IRQHandler                    0x080002cb   Thumb Code     0  startup_stm32h750xx.o(.text)
    WWDG_IRQHandler                          0x080002cb   Thumb Code     0  startup_stm32h750xx.o(.text)
    __aeabi_uldivmod                         0x080002d5   Thumb Code    98  uldiv.o(.text)
    __aeabi_memset                           0x08000337   Thumb Code    14  memseta.o(.text)
    __aeabi_memset4                          0x08000337   Thumb Code     0  memseta.o(.text)
    __aeabi_memset8                          0x08000337   Thumb Code     0  memseta.o(.text)
    __aeabi_memclr                           0x08000345   Thumb Code     4  memseta.o(.text)
    __aeabi_memclr4                          0x08000345   Thumb Code     0  memseta.o(.text)
    __aeabi_memclr8                          0x08000345   Thumb Code     0  memseta.o(.text)
    _memset$wrapper                          0x08000349   Thumb Code    18  memseta.o(.text)
    __aeabi_uidiv                            0x0800035b   Thumb Code     0  uidiv.o(.text)
    __aeabi_uidivmod                         0x0800035b   Thumb Code    44  uidiv.o(.text)
    __aeabi_llsl                             0x08000387   Thumb Code    30  llshl.o(.text)
    _ll_shift_l                              0x08000387   Thumb Code     0  llshl.o(.text)
    __aeabi_llsr                             0x080003a5   Thumb Code    32  llushr.o(.text)
    _ll_ushift_r                             0x080003a5   Thumb Code     0  llushr.o(.text)
    __I$use$fp                               0x080003c5   Thumb Code     0  iusefp.o(.text)
    __aeabi_dadd                             0x080003c5   Thumb Code   322  dadd.o(.text)
    __aeabi_dsub                             0x08000507   Thumb Code     6  dadd.o(.text)
    __aeabi_drsub                            0x0800050d   Thumb Code     6  dadd.o(.text)
    __aeabi_dmul                             0x08000513   Thumb Code   228  dmul.o(.text)
    __aeabi_ddiv                             0x080005f7   Thumb Code   222  ddiv.o(.text)
    __aeabi_d2ulz                            0x080006d5   Thumb Code    48  dfixul.o(.text)
    __aeabi_cdrcmple                         0x08000705   Thumb Code    48  cdrcmple.o(.text)
    __scatterload                            0x08000735   Thumb Code    28  init.o(.text)
    __scatterload_rt2                        0x08000735   Thumb Code     0  init.o(.text)
    __aeabi_lasr                             0x08000759   Thumb Code    36  llsshr.o(.text)
    _ll_sshift_r                             0x08000759   Thumb Code     0  llsshr.o(.text)
    _double_round                            0x0800077d   Thumb Code    30  depilogue.o(.text)
    _double_epilogue                         0x0800079b   Thumb Code   156  depilogue.o(.text)
    __decompress                             0x08000837   Thumb Code     0  __dczerorl2.o(.text)
    __decompress1                            0x08000837   Thumb Code    86  __dczerorl2.o(.text)
    AD9959_SetAmp4Channel                    0x0800088d   Thumb Code    44  ad9959.o(i.AD9959_SetAmp4Channel)
    AD9959_SetFrequency4Channel              0x080008b9   Thumb Code    44  ad9959.o(i.AD9959_SetFrequency4Channel)
    AD9959_SetPhase4Channel                  0x080008e5   Thumb Code    44  ad9959.o(i.AD9959_SetPhase4Channel)
    BusFault_Handler                         0x08000911   Thumb Code     2  stm32h7xx_it.o(i.BusFault_Handler)
    CH450_Write                              0x08000913   Thumb Code    46  ch455.o(i.CH450_Write)
    CH450_buf_index                          0x08000941   Thumb Code    20  ch455.o(i.CH450_buf_index)
    CH450_buf_write                          0x08000959   Thumb Code    22  ch455.o(i.CH450_buf_write)
    CH455_Display                            0x08000975   Thumb Code    54  ch455.o(i.CH455_Display)
    CH455_Key_Read                           0x080009b1   Thumb Code   130  ch455.o(i.CH455_Key_Read)
    CH455_init                               0x08000a33   Thumb Code    64  ch455.o(i.CH455_init)
    DebugMon_Handler                         0x08000a73   Thumb Code     2  stm32h7xx_it.o(i.DebugMon_Handler)
    EXTI15_10_IRQHandler                     0x08000a75   Thumb Code    22  stm32h7xx_it.o(i.EXTI15_10_IRQHandler)
    EXTI3_IRQHandler                         0x08000a8b   Thumb Code     6  stm32h7xx_it.o(i.EXTI3_IRQHandler)
    Error_Handler                            0x08000a91   Thumb Code     4  main.o(i.Error_Handler)
    HAL_DAC_ConfigChannel                    0x08000a95   Thumb Code   334  stm32h7xx_hal_dac.o(i.HAL_DAC_ConfigChannel)
    HAL_DAC_Init                             0x08000be9   Thumb Code    40  stm32h7xx_hal_dac.o(i.HAL_DAC_Init)
    HAL_DAC_MspInit                          0x08000c11   Thumb Code    82  dac.o(i.HAL_DAC_MspInit)
    HAL_DAC_SetValue                         0x08000c71   Thumb Code    28  stm32h7xx_hal_dac.o(i.HAL_DAC_SetValue)
    HAL_DAC_Start                            0x08000c8d   Thumb Code    90  stm32h7xx_hal_dac.o(i.HAL_DAC_Start)
    HAL_DMA_Abort                            0x08000ce9   Thumb Code   840  stm32h7xx_hal_dma.o(i.HAL_DMA_Abort)
    HAL_DMA_Abort_IT                         0x0800104d   Thumb Code   602  stm32h7xx_hal_dma.o(i.HAL_DMA_Abort_IT)
    HAL_Delay                                0x080012d1   Thumb Code    32  stm32h7xx_hal.o(i.HAL_Delay)
    HAL_GPIO_EXTI_Callback                   0x080012f5   Thumb Code  1578  main.o(i.HAL_GPIO_EXTI_Callback)
    HAL_GPIO_EXTI_IRQHandler                 0x08001959   Thumb Code    24  stm32h7xx_hal_gpio.o(i.HAL_GPIO_EXTI_IRQHandler)
    HAL_GPIO_Init                            0x08001971   Thumb Code   510  stm32h7xx_hal_gpio.o(i.HAL_GPIO_Init)
    HAL_GPIO_ReadPin                         0x08001ba1   Thumb Code    10  stm32h7xx_hal_gpio.o(i.HAL_GPIO_ReadPin)
    HAL_GPIO_WritePin                        0x08001bab   Thumb Code    10  stm32h7xx_hal_gpio.o(i.HAL_GPIO_WritePin)
    HAL_GetREVID                             0x08001bb5   Thumb Code     8  stm32h7xx_hal.o(i.HAL_GetREVID)
    HAL_GetTick                              0x08001bc1   Thumb Code     6  stm32h7xx_hal.o(i.HAL_GetTick)
    HAL_IncTick                              0x08001bcd   Thumb Code    12  stm32h7xx_hal.o(i.HAL_IncTick)
    HAL_Init                                 0x08001bdd   Thumb Code    74  stm32h7xx_hal.o(i.HAL_Init)
    HAL_InitTick                             0x08001c39   Thumb Code    56  stm32h7xx_hal.o(i.HAL_InitTick)
    HAL_LPTIM_Init                           0x08001c79   Thumb Code   208  stm32h7xx_hal_lptim.o(i.HAL_LPTIM_Init)
    HAL_LPTIM_MspInit                        0x08001d59   Thumb Code    98  lptim.o(i.HAL_LPTIM_MspInit)
    HAL_MspInit                              0x08001dc9   Thumb Code    50  stm32h7xx_hal_msp.o(i.HAL_MspInit)
    HAL_NVIC_EnableIRQ                       0x08001e01   Thumb Code    26  stm32h7xx_hal_cortex.o(i.HAL_NVIC_EnableIRQ)
    HAL_NVIC_SetPriority                     0x08001e1d   Thumb Code    60  stm32h7xx_hal_cortex.o(i.HAL_NVIC_SetPriority)
    HAL_NVIC_SetPriorityGrouping             0x08001e5d   Thumb Code    28  stm32h7xx_hal_cortex.o(i.HAL_NVIC_SetPriorityGrouping)
    HAL_PWREx_ConfigSupply                   0x08001e81   Thumb Code    78  stm32h7xx_hal_pwr_ex.o(i.HAL_PWREx_ConfigSupply)
    HAL_RCCEx_GetD3PCLK1Freq                 0x08001ed5   Thumb Code    26  stm32h7xx_hal_rcc_ex.o(i.HAL_RCCEx_GetD3PCLK1Freq)
    HAL_RCCEx_GetPLL2ClockFreq               0x08001ef9   Thumb Code   296  stm32h7xx_hal_rcc_ex.o(i.HAL_RCCEx_GetPLL2ClockFreq)
    HAL_RCCEx_GetPLL3ClockFreq               0x0800203d   Thumb Code   296  stm32h7xx_hal_rcc_ex.o(i.HAL_RCCEx_GetPLL3ClockFreq)
    HAL_RCCEx_PeriphCLKConfig                0x08002181   Thumb Code  2258  stm32h7xx_hal_rcc_ex.o(i.HAL_RCCEx_PeriphCLKConfig)
    HAL_RCC_ClockConfig                      0x08002a55   Thumb Code   580  stm32h7xx_hal_rcc.o(i.HAL_RCC_ClockConfig)
    HAL_RCC_GetHCLKFreq                      0x08002cb1   Thumb Code    52  stm32h7xx_hal_rcc.o(i.HAL_RCC_GetHCLKFreq)
    HAL_RCC_GetPCLK1Freq                     0x08002cf5   Thumb Code    26  stm32h7xx_hal_rcc.o(i.HAL_RCC_GetPCLK1Freq)
    HAL_RCC_GetPCLK2Freq                     0x08002d19   Thumb Code    26  stm32h7xx_hal_rcc.o(i.HAL_RCC_GetPCLK2Freq)
    HAL_RCC_GetSysClockFreq                  0x08002d3d   Thumb Code   278  stm32h7xx_hal_rcc.o(i.HAL_RCC_GetSysClockFreq)
    HAL_RCC_OscConfig                        0x08002e75   Thumb Code  1282  stm32h7xx_hal_rcc.o(i.HAL_RCC_OscConfig)
    HAL_SYSCFG_DisableVREFBUF                0x0800337d   Thumb Code    12  stm32h7xx_hal.o(i.HAL_SYSCFG_DisableVREFBUF)
    HAL_SYSCFG_VREFBUF_HighImpedanceConfig   0x0800338d   Thumb Code    14  stm32h7xx_hal.o(i.HAL_SYSCFG_VREFBUF_HighImpedanceConfig)
    HAL_SYSTICK_CLKSourceConfig              0x080033a1   Thumb Code    24  stm32h7xx_hal_cortex.o(i.HAL_SYSTICK_CLKSourceConfig)
    HAL_SYSTICK_Config                       0x080033b9   Thumb Code    38  stm32h7xx_hal_cortex.o(i.HAL_SYSTICK_Config)
    HAL_TIMEx_MasterConfigSynchronization    0x080033e1   Thumb Code   128  stm32h7xx_hal_tim_ex.o(i.HAL_TIMEx_MasterConfigSynchronization)
    HAL_TIM_Base_Init                        0x08003479   Thumb Code    98  stm32h7xx_hal_tim.o(i.HAL_TIM_Base_Init)
    HAL_TIM_Base_MspInit                     0x080034dd   Thumb Code    30  tim.o(i.HAL_TIM_Base_MspInit)
    HAL_TIM_ConfigClockSource                0x08003505   Thumb Code   242  stm32h7xx_hal_tim.o(i.HAL_TIM_ConfigClockSource)
    HAL_UARTEx_DisableFifoMode               0x080035fd   Thumb Code    64  stm32h7xx_hal_uart_ex.o(i.HAL_UARTEx_DisableFifoMode)
    HAL_UARTEx_RxEventCallback               0x0800363d   Thumb Code     2  stm32h7xx_hal_uart.o(i.HAL_UARTEx_RxEventCallback)
    HAL_UARTEx_RxFifoFullCallback            0x0800363f   Thumb Code     2  stm32h7xx_hal_uart_ex.o(i.HAL_UARTEx_RxFifoFullCallback)
    HAL_UARTEx_SetRxFifoThreshold            0x08003641   Thumb Code    76  stm32h7xx_hal_uart_ex.o(i.HAL_UARTEx_SetRxFifoThreshold)
    HAL_UARTEx_SetTxFifoThreshold            0x0800368d   Thumb Code    76  stm32h7xx_hal_uart_ex.o(i.HAL_UARTEx_SetTxFifoThreshold)
    HAL_UARTEx_TxFifoEmptyCallback           0x080036d9   Thumb Code     2  stm32h7xx_hal_uart_ex.o(i.HAL_UARTEx_TxFifoEmptyCallback)
    HAL_UARTEx_WakeupCallback                0x080036db   Thumb Code     2  stm32h7xx_hal_uart_ex.o(i.HAL_UARTEx_WakeupCallback)
    HAL_UART_ErrorCallback                   0x080036dd   Thumb Code     2  stm32h7xx_hal_uart.o(i.HAL_UART_ErrorCallback)
    HAL_UART_GetState                        0x080036df   Thumb Code    14  stm32h7xx_hal_uart.o(i.HAL_UART_GetState)
    HAL_UART_IRQHandler                      0x080036ed   Thumb Code   746  stm32h7xx_hal_uart.o(i.HAL_UART_IRQHandler)
    HAL_UART_Init                            0x080039f1   Thumb Code   106  stm32h7xx_hal_uart.o(i.HAL_UART_Init)
    HAL_UART_MspInit                         0x08003a5d   Thumb Code   118  usart.o(i.HAL_UART_MspInit)
    HAL_UART_Receive_IT                      0x08003ae1   Thumb Code    70  stm32h7xx_hal_uart.o(i.HAL_UART_Receive_IT)
    HAL_UART_RxCpltCallback                  0x08003b2d   Thumb Code    88  debug.o(i.HAL_UART_RxCpltCallback)
    HAL_UART_Transmit                        0x08003b91   Thumb Code   190  stm32h7xx_hal_uart.o(i.HAL_UART_Transmit)
    HAL_UART_TxCpltCallback                  0x08003c4f   Thumb Code     2  stm32h7xx_hal_uart.o(i.HAL_UART_TxCpltCallback)
    HMC472_Init                              0x08003c51   Thumb Code    56  hmc472.o(i.HMC472_Init)
    HMC472set                                0x08003c91   Thumb Code    24  hmc472.o(i.HMC472set)
    HardFault_Handler                        0x08003cad   Thumb Code     2  stm32h7xx_it.o(i.HardFault_Handler)
    IIC_Ack                                  0x08003cb1   Thumb Code    80  myiic.o(i.IIC_Ack)
    IIC_NAck                                 0x08003d05   Thumb Code    80  myiic.o(i.IIC_NAck)
    IIC_Read_Byte                            0x08003d59   Thumb Code   112  myiic.o(i.IIC_Read_Byte)
    IIC_Send_Byte                            0x08003dcd   Thumb Code   110  myiic.o(i.IIC_Send_Byte)
    IIC_Start                                0x08003e41   Thumb Code    80  myiic.o(i.IIC_Start)
    IIC_Stop                                 0x08003e95   Thumb Code    82  myiic.o(i.IIC_Stop)
    IIC_Wait_Ack                             0x08003eed   Thumb Code   102  myiic.o(i.IIC_Wait_Ack)
    IO_Update                                0x08003f59   Thumb Code    50  ad9959.o(i.IO_Update)
    Init_AD9959                              0x08003f91   Thumb Code    80  ad9959.o(i.Init_AD9959)
    IntReset                                 0x08003fed   Thumb Code    50  ad9959.o(i.IntReset)
    Intserve                                 0x08004025   Thumb Code    58  ad9959.o(i.Intserve)
    MX_DAC1_Init                             0x08004065   Thumb Code    66  dac.o(i.MX_DAC1_Init)
    MX_GPIO_Init                             0x080040b1   Thumb Code   254  gpio.o(i.MX_GPIO_Init)
    MX_LPTIM1_Init                           0x080041c5   Thumb Code    52  lptim.o(i.MX_LPTIM1_Init)
    MX_LPTIM2_Init                           0x08004201   Thumb Code    52  lptim.o(i.MX_LPTIM2_Init)
    MX_TIM4_Init                             0x0800423d   Thumb Code    94  tim.o(i.MX_TIM4_Init)
    MX_USART1_UART_Init                      0x080042a5   Thumb Code    94  usart.o(i.MX_USART1_UART_Init)
    MemManage_Handler                        0x0800430d   Thumb Code     2  stm32h7xx_it.o(i.MemManage_Handler)
    NMI_Handler                              0x0800430f   Thumb Code     2  stm32h7xx_it.o(i.NMI_Handler)
    PendSV_Handler                           0x08004311   Thumb Code     2  stm32h7xx_it.o(i.PendSV_Handler)
    PeriphCommonClock_Config                 0x08004313   Thumb Code    40  main.o(i.PeriphCommonClock_Config)
    SVC_Handler                              0x0800457d   Thumb Code     2  stm32h7xx_it.o(i.SVC_Handler)
    SysTick_Handler                          0x0800457f   Thumb Code     4  stm32h7xx_it.o(i.SysTick_Handler)
    SystemClock_Config                       0x08004585   Thumb Code   164  main.o(i.SystemClock_Config)
    SystemInit                               0x08004631   Thumb Code   180  system_stm32h7xx.o(i.SystemInit)
    TIM_Base_SetConfig                       0x0800470d   Thumb Code   162  stm32h7xx_hal_tim.o(i.TIM_Base_SetConfig)
    TIM_ETR_SetConfig                        0x080047d1   Thumb Code    18  stm32h7xx_hal_tim.o(i.TIM_ETR_SetConfig)
    UART4_IRQHandler                         0x08004841   Thumb Code    72  debug.o(i.UART4_IRQHandler)
    UART_AdvFeatureConfig                    0x080048d5   Thumb Code   200  stm32h7xx_hal_uart.o(i.UART_AdvFeatureConfig)
    UART_CheckIdleState                      0x0800499d   Thumb Code    96  stm32h7xx_hal_uart.o(i.UART_CheckIdleState)
    UART_SetConfig                           0x08004dd9   Thumb Code   876  stm32h7xx_hal_uart.o(i.UART_SetConfig)
    UART_Start_Receive_IT                    0x08005185   Thumb Code   198  stm32h7xx_hal_uart.o(i.UART_Start_Receive_IT)
    UART_WaitOnFlagUntilTimeout              0x0800525d   Thumb Code   164  stm32h7xx_hal_uart.o(i.UART_WaitOnFlagUntilTimeout)
    UsageFault_Handler                       0x08005301   Thumb Code     2  stm32h7xx_it.o(i.UsageFault_Handler)
    WriteData_AD9959                         0x08005305   Thumb Code   190  ad9959.o(i.WriteData_AD9959)
    Write_Amplitude                          0x080053c9   Thumb Code    86  ad9959.o(i.Write_Amplitude)
    Write_Phase                              0x08005425   Thumb Code   104  ad9959.o(i.Write_Phase)
    Write_frequence                          0x08005499   Thumb Code   122  ad9959.o(i.Write_frequence)
    __0printf                                0x08005521   Thumb Code    22  printfa.o(i.__0printf)
    __1printf                                0x08005521   Thumb Code     0  printfa.o(i.__0printf)
    __2printf                                0x08005521   Thumb Code     0  printfa.o(i.__0printf)
    __c89printf                              0x08005521   Thumb Code     0  printfa.o(i.__0printf)
    printf                                   0x08005521   Thumb Code     0  printfa.o(i.__0printf)
    __scatterload_copy                       0x08005563   Thumb Code    14  handlers.o(i.__scatterload_copy)
    __scatterload_null                       0x08005571   Thumb Code     2  handlers.o(i.__scatterload_null)
    __scatterload_zeroinit                   0x08005573   Thumb Code    14  handlers.o(i.__scatterload_zeroinit)
    delay1                                   0x08005e0b   Thumb Code    12  ad9959.o(i.delay1)
    delay_init                               0x08005e19   Thumb Code    16  delay.o(i.delay_init)
    delay_ms                                 0x08005e2d   Thumb Code    26  delay.o(i.delay_ms)
    delay_us                                 0x08005e49   Thumb Code    48  delay.o(i.delay_us)
    fputc                                    0x08005e7d   Thumb Code    24  debug.o(i.fputc)
    main                                     0x08005e99   Thumb Code   444  main.o(i.main)
    reply_er                                 0x08006109   Thumb Code    34  debug.o(i.reply_er)
    UARTPrescTable                           0x08006130   Data          24  stm32h7xx_hal_uart.o(.constdata)
    D1CorePrescTable                         0x08006158   Data          16  system_stm32h7xx.o(.constdata)
    BCD_decode_tab                           0x08006168   Data          16  ch455.o(.constdata)
    Region$$Table$$Base                      0x08006178   Number         0  anon$$obj.o(Region$$Table)
    Region$$Table$$Limit                     0x08006198   Number         0  anon$$obj.o(Region$$Table)
    vamp_L_f_i                               0x24000000   Data           1  main.o(.data)
    vamp_L_i                                 0x24000001   Data           1  main.o(.data)
    deg_i                                    0x24000002   Data           1  main.o(.data)
    adjust_i                                 0x24000003   Data           1  main.o(.data)
    mode                                     0x24000004   Data           1  main.o(.data)
    attenuation                              0x24000006   Data           2  main.o(.data)
    attenuation_hmc                          0x24000008   Data           2  main.o(.data)
    vamp_A_1                                 0x2400000a   Data           2  main.o(.data)
    vamp_A_2                                 0x2400000c   Data           2  main.o(.data)
    f_L                                      0x24000010   Data           4  main.o(.data)
    vp_B                                     0x24000014   Data           4  main.o(.data)
    dac_voltage                              0x24000018   Data           4  main.o(.data)
    dac_value                                0x2400001c   Data           4  main.o(.data)
    vamp_L_2_scale                           0x24000020   Data           4  main.o(.data)
    deg                                      0x24000024   Data           7  main.o(.data)
    vamp_L                                   0x2400002c   Data         440  main.o(.data)
    attenuation_real                         0x240001e4   Data          11  main.o(.data)
    adjust                                   0x240001f0   Data          28  main.o(.data)
    uwTickFreq                               0x2400020c   Data           1  stm32h7xx_hal.o(.data)
    uwTickPrio                               0x24000210   Data           4  stm32h7xx_hal.o(.data)
    uwTick                                   0x24000214   Data           4  stm32h7xx_hal.o(.data)
    SystemCoreClock                          0x24000218   Data           4  system_stm32h7xx.o(.data)
    SystemD2Clock                            0x2400021c   Data           4  system_stm32h7xx.o(.data)
    CSR_DATA0                                0x24000220   Data           1  ad9959.o(.data)
    CSR_DATA1                                0x24000221   Data           1  ad9959.o(.data)
    CSR_DATA2                                0x24000222   Data           1  ad9959.o(.data)
    CSR_DATA3                                0x24000223   Data           1  ad9959.o(.data)
    FR2_DATA                                 0x24000224   Data           2  ad9959.o(.data)
    CPOW0_DATA                               0x24000226   Data           2  ad9959.o(.data)
    FR1_DATA                                 0x24000228   Data           3  ad9959.o(.data)
    aRxBuffer                                0x2400022c   Data           1  debug.o(.data)
    USART_RX_STA                             0x24000230   Data           2  debug.o(.data)
    huart_debug                              0x24000234   Data           4  debug.o(.data)
    CH455_KEY_RX_FLAG                        0x2400023c   Data           2  ch455.o(.data)
    CH455_KEY_NUM                            0x2400023e   Data           1  ch455.o(.data)
    CH450_buf                                0x2400023f   Data           6  ch455.o(.data)
    __stdout                                 0x24000248   Data           4  stdout.o(.data)
    hdac1                                    0x2400024c   Data          20  dac.o(.bss)
    hlptim1                                  0x24000260   Data          56  lptim.o(.bss)
    hlptim2                                  0x24000298   Data          56  lptim.o(.bss)
    htim4                                    0x240002d0   Data          76  tim.o(.bss)
    huart1                                   0x2400031c   Data         144  usart.o(.bss)
    USART_RX_BUF                             0x240003ac   Data        1500  debug.o(.bss)
    __initial_sp                             0x24020988   Data           0  startup_stm32h750xx.o(STACK)



==============================================================================

Memory Map of the image

  Image Entry point : 0x08000299

  Load Region LR_IROM1 (Base: 0x08000000, Size: 0x000063e4, Max: 0x00020000, ABSOLUTE, COMPRESSED[0x00006310])

    Execution Region ER_IROM1 (Exec base: 0x08000000, Load base: 0x08000000, Size: 0x00006198, Max: 0x00020000, ABSOLUTE)

    Exec Addr    Load Addr    Size         Type   Attr      Idx    E Section Name        Object

    0x08000000   0x08000000   0x00000298   Data   RO            3    RESET               startup_stm32h750xx.o
    0x08000298   0x08000298   0x00000000   Code   RO         5405  * .ARM.Collect$$$$00000000  mc_w.l(entry.o)
    0x08000298   0x08000298   0x00000004   Code   RO         5673    .ARM.Collect$$$$00000001  mc_w.l(entry2.o)
    0x0800029c   0x0800029c   0x00000004   Code   RO         5676    .ARM.Collect$$$$00000004  mc_w.l(entry5.o)
    0x080002a0   0x080002a0   0x00000000   Code   RO         5678    .ARM.Collect$$$$00000008  mc_w.l(entry7b.o)
    0x080002a0   0x080002a0   0x00000000   Code   RO         5680    .ARM.Collect$$$$0000000A  mc_w.l(entry8b.o)
    0x080002a0   0x080002a0   0x00000008   Code   RO         5681    .ARM.Collect$$$$0000000B  mc_w.l(entry9a.o)
    0x080002a8   0x080002a8   0x00000004   Code   RO         5688    .ARM.Collect$$$$0000000E  mc_w.l(entry12b.o)
    0x080002ac   0x080002ac   0x00000000   Code   RO         5683    .ARM.Collect$$$$0000000F  mc_w.l(entry10a.o)
    0x080002ac   0x080002ac   0x00000000   Code   RO         5685    .ARM.Collect$$$$00000011  mc_w.l(entry11a.o)
    0x080002ac   0x080002ac   0x00000004   Code   RO         5674    .ARM.Collect$$$$00002712  mc_w.l(entry2.o)
    0x080002b0   0x080002b0   0x00000024   Code   RO            4    .text               startup_stm32h750xx.o
    0x080002d4   0x080002d4   0x00000062   Code   RO         5408    .text               mc_w.l(uldiv.o)
    0x08000336   0x08000336   0x00000024   Code   RO         5410    .text               mc_w.l(memseta.o)
    0x0800035a   0x0800035a   0x0000002c   Code   RO         5690    .text               mc_w.l(uidiv.o)
    0x08000386   0x08000386   0x0000001e   Code   RO         5692    .text               mc_w.l(llshl.o)
    0x080003a4   0x080003a4   0x00000020   Code   RO         5694    .text               mc_w.l(llushr.o)
    0x080003c4   0x080003c4   0x00000000   Code   RO         5696    .text               mc_w.l(iusefp.o)
    0x080003c4   0x080003c4   0x0000014e   Code   RO         5697    .text               mf_w.l(dadd.o)
    0x08000512   0x08000512   0x000000e4   Code   RO         5699    .text               mf_w.l(dmul.o)
    0x080005f6   0x080005f6   0x000000de   Code   RO         5701    .text               mf_w.l(ddiv.o)
    0x080006d4   0x080006d4   0x00000030   Code   RO         5703    .text               mf_w.l(dfixul.o)
    0x08000704   0x08000704   0x00000030   Code   RO         5705    .text               mf_w.l(cdrcmple.o)
    0x08000734   0x08000734   0x00000024   Code   RO         5707    .text               mc_w.l(init.o)
    0x08000758   0x08000758   0x00000024   Code   RO         5709    .text               mc_w.l(llsshr.o)
    0x0800077c   0x0800077c   0x000000ba   Code   RO         5711    .text               mf_w.l(depilogue.o)
    0x08000836   0x08000836   0x00000056   Code   RO         5721    .text               mc_w.l(__dczerorl2.o)
    0x0800088c   0x0800088c   0x0000002c   Code   RO         5018    i.AD9959_SetAmp4Channel  ad9959.o
    0x080008b8   0x080008b8   0x0000002c   Code   RO         5019    i.AD9959_SetFrequency4Channel  ad9959.o
    0x080008e4   0x080008e4   0x0000002c   Code   RO         5020    i.AD9959_SetPhase4Channel  ad9959.o
    0x08000910   0x08000910   0x00000002   Code   RO          424    i.BusFault_Handler  stm32h7xx_it.o
    0x08000912   0x08000912   0x0000002e   Code   RO         5328    i.CH450_Write       ch455.o
    0x08000940   0x08000940   0x00000018   Code   RO         5329    i.CH450_buf_index   ch455.o
    0x08000958   0x08000958   0x0000001c   Code   RO         5330    i.CH450_buf_write   ch455.o
    0x08000974   0x08000974   0x0000003c   Code   RO         5333    i.CH455_Display     ch455.o
    0x080009b0   0x080009b0   0x00000082   Code   RO         5334    i.CH455_Key_Read    ch455.o
    0x08000a32   0x08000a32   0x00000040   Code   RO         5335    i.CH455_init        ch455.o
    0x08000a72   0x08000a72   0x00000002   Code   RO          425    i.DebugMon_Handler  stm32h7xx_it.o
    0x08000a74   0x08000a74   0x00000016   Code   RO          426    i.EXTI15_10_IRQHandler  stm32h7xx_it.o
    0x08000a8a   0x08000a8a   0x00000006   Code   RO          427    i.EXTI3_IRQHandler  stm32h7xx_it.o
    0x08000a90   0x08000a90   0x00000004   Code   RO           13    i.Error_Handler     main.o
    0x08000a94   0x08000a94   0x00000154   Code   RO          679    i.HAL_DAC_ConfigChannel  stm32h7xx_hal_dac.o
    0x08000be8   0x08000be8   0x00000028   Code   RO          689    i.HAL_DAC_Init      stm32h7xx_hal_dac.o
    0x08000c10   0x08000c10   0x00000060   Code   RO          251    i.HAL_DAC_MspInit   dac.o
    0x08000c70   0x08000c70   0x0000001c   Code   RO          692    i.HAL_DAC_SetValue  stm32h7xx_hal_dac.o
    0x08000c8c   0x08000c8c   0x0000005a   Code   RO          693    i.HAL_DAC_Start     stm32h7xx_hal_dac.o
    0x08000ce6   0x08000ce6   0x00000002   PAD
    0x08000ce8   0x08000ce8   0x00000364   Code   RO         1571    i.HAL_DMA_Abort     stm32h7xx_hal_dma.o
    0x0800104c   0x0800104c   0x00000284   Code   RO         1572    i.HAL_DMA_Abort_IT  stm32h7xx_hal_dma.o
    0x080012d0   0x080012d0   0x00000024   Code   RO         2280    i.HAL_Delay         stm32h7xx_hal.o
    0x080012f4   0x080012f4   0x00000664   Code   RO           14    i.HAL_GPIO_EXTI_Callback  main.o
    0x08001958   0x08001958   0x00000018   Code   RO         1418    i.HAL_GPIO_EXTI_IRQHandler  stm32h7xx_hal_gpio.o
    0x08001970   0x08001970   0x00000230   Code   RO         1419    i.HAL_GPIO_Init     stm32h7xx_hal_gpio.o
    0x08001ba0   0x08001ba0   0x0000000a   Code   RO         1421    i.HAL_GPIO_ReadPin  stm32h7xx_hal_gpio.o
    0x08001baa   0x08001baa   0x0000000a   Code   RO         1423    i.HAL_GPIO_WritePin  stm32h7xx_hal_gpio.o
    0x08001bb4   0x08001bb4   0x0000000c   Code   RO         2291    i.HAL_GetREVID      stm32h7xx_hal.o
    0x08001bc0   0x08001bc0   0x0000000c   Code   RO         2292    i.HAL_GetTick       stm32h7xx_hal.o
    0x08001bcc   0x08001bcc   0x00000010   Code   RO         2298    i.HAL_IncTick       stm32h7xx_hal.o
    0x08001bdc   0x08001bdc   0x0000005c   Code   RO         2299    i.HAL_Init          stm32h7xx_hal.o
    0x08001c38   0x08001c38   0x00000040   Code   RO         2300    i.HAL_InitTick      stm32h7xx_hal.o
    0x08001c78   0x08001c78   0x000000e0   Code   RO         3190    i.HAL_LPTIM_Init    stm32h7xx_hal_lptim.o
    0x08001d58   0x08001d58   0x00000070   Code   RO          293    i.HAL_LPTIM_MspInit  lptim.o
    0x08001dc8   0x08001dc8   0x00000038   Code   RO          511    i.HAL_MspInit       stm32h7xx_hal_msp.o
    0x08001e00   0x08001e00   0x0000001a   Code   RO          541    i.HAL_NVIC_EnableIRQ  stm32h7xx_hal_cortex.o
    0x08001e1a   0x08001e1a   0x00000002   PAD
    0x08001e1c   0x08001e1c   0x00000040   Code   RO          547    i.HAL_NVIC_SetPriority  stm32h7xx_hal_cortex.o
    0x08001e5c   0x08001e5c   0x00000024   Code   RO          548    i.HAL_NVIC_SetPriorityGrouping  stm32h7xx_hal_cortex.o
    0x08001e80   0x08001e80   0x00000054   Code   RO         2020    i.HAL_PWREx_ConfigSupply  stm32h7xx_hal_pwr_ex.o
    0x08001ed4   0x08001ed4   0x00000024   Code   RO         1062    i.HAL_RCCEx_GetD3PCLK1Freq  stm32h7xx_hal_rcc_ex.o
    0x08001ef8   0x08001ef8   0x00000144   Code   RO         1064    i.HAL_RCCEx_GetPLL2ClockFreq  stm32h7xx_hal_rcc_ex.o
    0x0800203c   0x0800203c   0x00000144   Code   RO         1065    i.HAL_RCCEx_GetPLL3ClockFreq  stm32h7xx_hal_rcc_ex.o
    0x08002180   0x08002180   0x000008d2   Code   RO         1071    i.HAL_RCCEx_PeriphCLKConfig  stm32h7xx_hal_rcc_ex.o
    0x08002a52   0x08002a52   0x00000002   PAD
    0x08002a54   0x08002a54   0x0000025c   Code   RO          947    i.HAL_RCC_ClockConfig  stm32h7xx_hal_rcc.o
    0x08002cb0   0x08002cb0   0x00000044   Code   RO          952    i.HAL_RCC_GetHCLKFreq  stm32h7xx_hal_rcc.o
    0x08002cf4   0x08002cf4   0x00000024   Code   RO          954    i.HAL_RCC_GetPCLK1Freq  stm32h7xx_hal_rcc.o
    0x08002d18   0x08002d18   0x00000024   Code   RO          955    i.HAL_RCC_GetPCLK2Freq  stm32h7xx_hal_rcc.o
    0x08002d3c   0x08002d3c   0x00000138   Code   RO          956    i.HAL_RCC_GetSysClockFreq  stm32h7xx_hal_rcc.o
    0x08002e74   0x08002e74   0x00000508   Code   RO          959    i.HAL_RCC_OscConfig  stm32h7xx_hal_rcc.o
    0x0800337c   0x0800337c   0x00000010   Code   RO         2310    i.HAL_SYSCFG_DisableVREFBUF  stm32h7xx_hal.o
    0x0800338c   0x0800338c   0x00000014   Code   RO         2315    i.HAL_SYSCFG_VREFBUF_HighImpedanceConfig  stm32h7xx_hal.o
    0x080033a0   0x080033a0   0x00000018   Code   RO          550    i.HAL_SYSTICK_CLKSourceConfig  stm32h7xx_hal_cortex.o
    0x080033b8   0x080033b8   0x00000026   Code   RO          552    i.HAL_SYSTICK_Config  stm32h7xx_hal_cortex.o
    0x080033de   0x080033de   0x00000002   PAD
    0x080033e0   0x080033e0   0x00000098   Code   RO         4180    i.HAL_TIMEx_MasterConfigSynchronization  stm32h7xx_hal_tim_ex.o
    0x08003478   0x08003478   0x00000062   Code   RO         3444    i.HAL_TIM_Base_Init  stm32h7xx_hal_tim.o
    0x080034da   0x080034da   0x00000002   PAD
    0x080034dc   0x080034dc   0x00000028   Code   RO          341    i.HAL_TIM_Base_MspInit  tim.o
    0x08003504   0x08003504   0x000000f8   Code   RO         3453    i.HAL_TIM_ConfigClockSource  stm32h7xx_hal_tim.o
    0x080035fc   0x080035fc   0x00000040   Code   RO         4869    i.HAL_UARTEx_DisableFifoMode  stm32h7xx_hal_uart_ex.o
    0x0800363c   0x0800363c   0x00000002   Code   RO         4458    i.HAL_UARTEx_RxEventCallback  stm32h7xx_hal_uart.o
    0x0800363e   0x0800363e   0x00000002   Code   RO         4876    i.HAL_UARTEx_RxFifoFullCallback  stm32h7xx_hal_uart_ex.o
    0x08003640   0x08003640   0x0000004c   Code   RO         4877    i.HAL_UARTEx_SetRxFifoThreshold  stm32h7xx_hal_uart_ex.o
    0x0800368c   0x0800368c   0x0000004c   Code   RO         4878    i.HAL_UARTEx_SetTxFifoThreshold  stm32h7xx_hal_uart_ex.o
    0x080036d8   0x080036d8   0x00000002   Code   RO         4880    i.HAL_UARTEx_TxFifoEmptyCallback  stm32h7xx_hal_uart_ex.o
    0x080036da   0x080036da   0x00000002   Code   RO         4881    i.HAL_UARTEx_WakeupCallback  stm32h7xx_hal_uart_ex.o
    0x080036dc   0x080036dc   0x00000002   Code   RO         4474    i.HAL_UART_ErrorCallback  stm32h7xx_hal_uart.o
    0x080036de   0x080036de   0x0000000e   Code   RO         4476    i.HAL_UART_GetState  stm32h7xx_hal_uart.o
    0x080036ec   0x080036ec   0x00000304   Code   RO         4477    i.HAL_UART_IRQHandler  stm32h7xx_hal_uart.o
    0x080039f0   0x080039f0   0x0000006a   Code   RO         4478    i.HAL_UART_Init     stm32h7xx_hal_uart.o
    0x08003a5a   0x08003a5a   0x00000002   PAD
    0x08003a5c   0x08003a5c   0x00000084   Code   RO          383    i.HAL_UART_MspInit  usart.o
    0x08003ae0   0x08003ae0   0x0000004c   Code   RO         4483    i.HAL_UART_Receive_IT  stm32h7xx_hal_uart.o
    0x08003b2c   0x08003b2c   0x00000064   Code   RO         5129    i.HAL_UART_RxCpltCallback  debug.o
    0x08003b90   0x08003b90   0x000000be   Code   RO         4487    i.HAL_UART_Transmit  stm32h7xx_hal_uart.o
    0x08003c4e   0x08003c4e   0x00000002   Code   RO         4490    i.HAL_UART_TxCpltCallback  stm32h7xx_hal_uart.o
    0x08003c50   0x08003c50   0x00000040   Code   RO         5295    i.HMC472_Init       hmc472.o
    0x08003c90   0x08003c90   0x0000001c   Code   RO         5296    i.HMC472set         hmc472.o
    0x08003cac   0x08003cac   0x00000002   Code   RO          428    i.HardFault_Handler  stm32h7xx_it.o
    0x08003cae   0x08003cae   0x00000002   PAD
    0x08003cb0   0x08003cb0   0x00000054   Code   RO         5185    i.IIC_Ack           myiic.o
    0x08003d04   0x08003d04   0x00000054   Code   RO         5187    i.IIC_NAck          myiic.o
    0x08003d58   0x08003d58   0x00000074   Code   RO         5188    i.IIC_Read_Byte     myiic.o
    0x08003dcc   0x08003dcc   0x00000074   Code   RO         5189    i.IIC_Send_Byte     myiic.o
    0x08003e40   0x08003e40   0x00000054   Code   RO         5190    i.IIC_Start         myiic.o
    0x08003e94   0x08003e94   0x00000058   Code   RO         5191    i.IIC_Stop          myiic.o
    0x08003eec   0x08003eec   0x0000006c   Code   RO         5192    i.IIC_Wait_Ack      myiic.o
    0x08003f58   0x08003f58   0x00000038   Code   RO         5022    i.IO_Update         ad9959.o
    0x08003f90   0x08003f90   0x0000005c   Code   RO         5023    i.Init_AD9959       ad9959.o
    0x08003fec   0x08003fec   0x00000038   Code   RO         5024    i.IntReset          ad9959.o
    0x08004024   0x08004024   0x00000040   Code   RO         5025    i.Intserve          ad9959.o
    0x08004064   0x08004064   0x0000004c   Code   RO          252    i.MX_DAC1_Init      dac.o
    0x080040b0   0x080040b0   0x00000114   Code   RO          226    i.MX_GPIO_Init      gpio.o
    0x080041c4   0x080041c4   0x0000003c   Code   RO          294    i.MX_LPTIM1_Init    lptim.o
    0x08004200   0x08004200   0x0000003c   Code   RO          295    i.MX_LPTIM2_Init    lptim.o
    0x0800423c   0x0800423c   0x00000068   Code   RO          342    i.MX_TIM4_Init      tim.o
    0x080042a4   0x080042a4   0x00000068   Code   RO          384    i.MX_USART1_UART_Init  usart.o
    0x0800430c   0x0800430c   0x00000002   Code   RO          429    i.MemManage_Handler  stm32h7xx_it.o
    0x0800430e   0x0800430e   0x00000002   Code   RO          430    i.NMI_Handler       stm32h7xx_it.o
    0x08004310   0x08004310   0x00000002   Code   RO          431    i.PendSV_Handler    stm32h7xx_it.o
    0x08004312   0x08004312   0x00000028   Code   RO           15    i.PeriphCommonClock_Config  main.o
    0x0800433a   0x0800433a   0x00000002   PAD
    0x0800433c   0x0800433c   0x00000120   Code   RO         1074    i.RCCEx_PLL2_Config  stm32h7xx_hal_rcc_ex.o
    0x0800445c   0x0800445c   0x00000120   Code   RO         1075    i.RCCEx_PLL3_Config  stm32h7xx_hal_rcc_ex.o
    0x0800457c   0x0800457c   0x00000002   Code   RO          432    i.SVC_Handler       stm32h7xx_it.o
    0x0800457e   0x0800457e   0x00000004   Code   RO          433    i.SysTick_Handler   stm32h7xx_it.o
    0x08004582   0x08004582   0x00000002   PAD
    0x08004584   0x08004584   0x000000ac   Code   RO           16    i.SystemClock_Config  main.o
    0x08004630   0x08004630   0x000000dc   Code   RO         4982    i.SystemInit        system_stm32h7xx.o
    0x0800470c   0x0800470c   0x000000c4   Code   RO         3537    i.TIM_Base_SetConfig  stm32h7xx_hal_tim.o
    0x080047d0   0x080047d0   0x00000012   Code   RO         3548    i.TIM_ETR_SetConfig  stm32h7xx_hal_tim.o
    0x080047e2   0x080047e2   0x00000002   PAD
    0x080047e4   0x080047e4   0x00000014   Code   RO         3549    i.TIM_ITRx_SetConfig  stm32h7xx_hal_tim.o
    0x080047f8   0x080047f8   0x00000022   Code   RO         3557    i.TIM_TI1_ConfigInputStage  stm32h7xx_hal_tim.o
    0x0800481a   0x0800481a   0x00000024   Code   RO         3559    i.TIM_TI2_ConfigInputStage  stm32h7xx_hal_tim.o
    0x0800483e   0x0800483e   0x00000002   PAD
    0x08004840   0x08004840   0x00000050   Code   RO         5130    i.UART4_IRQHandler  debug.o
    0x08004890   0x08004890   0x00000044   Code   RO         4882    i.UARTEx_SetNbDataToProcess  stm32h7xx_hal_uart_ex.o
    0x080048d4   0x080048d4   0x000000c8   Code   RO         4492    i.UART_AdvFeatureConfig  stm32h7xx_hal_uart.o
    0x0800499c   0x0800499c   0x00000060   Code   RO         4493    i.UART_CheckIdleState  stm32h7xx_hal_uart.o
    0x080049fc   0x080049fc   0x00000014   Code   RO         4494    i.UART_DMAAbortOnError  stm32h7xx_hal_uart.o
    0x08004a10   0x08004a10   0x00000038   Code   RO         4504    i.UART_EndRxTransfer  stm32h7xx_hal_uart.o
    0x08004a48   0x08004a48   0x00000080   Code   RO         4506    i.UART_RxISR_16BIT  stm32h7xx_hal_uart.o
    0x08004ac8   0x08004ac8   0x00000148   Code   RO         4507    i.UART_RxISR_16BIT_FIFOEN  stm32h7xx_hal_uart.o
    0x08004c10   0x08004c10   0x00000080   Code   RO         4508    i.UART_RxISR_8BIT   stm32h7xx_hal_uart.o
    0x08004c90   0x08004c90   0x00000148   Code   RO         4509    i.UART_RxISR_8BIT_FIFOEN  stm32h7xx_hal_uart.o
    0x08004dd8   0x08004dd8   0x000003ac   Code   RO         4510    i.UART_SetConfig    stm32h7xx_hal_uart.o
    0x08005184   0x08005184   0x000000d8   Code   RO         4512    i.UART_Start_Receive_IT  stm32h7xx_hal_uart.o
    0x0800525c   0x0800525c   0x000000a4   Code   RO         4517    i.UART_WaitOnFlagUntilTimeout  stm32h7xx_hal_uart.o
    0x08005300   0x08005300   0x00000002   Code   RO          434    i.UsageFault_Handler  stm32h7xx_it.o
    0x08005302   0x08005302   0x00000002   PAD
    0x08005304   0x08005304   0x000000c4   Code   RO         5026    i.WriteData_AD9959  ad9959.o
    0x080053c8   0x080053c8   0x0000005c   Code   RO         5027    i.Write_Amplitude   ad9959.o
    0x08005424   0x08005424   0x00000074   Code   RO         5028    i.Write_Phase       ad9959.o
    0x08005498   0x08005498   0x00000088   Code   RO         5029    i.Write_frequence   ad9959.o
    0x08005520   0x08005520   0x00000020   Code   RO         5645    i.__0printf         mc_w.l(printfa.o)
    0x08005540   0x08005540   0x00000022   Code   RO          554    i.__NVIC_SetPriority  stm32h7xx_hal_cortex.o
    0x08005562   0x08005562   0x0000000e   Code   RO         5715    i.__scatterload_copy  mc_w.l(handlers.o)
    0x08005570   0x08005570   0x00000002   Code   RO         5716    i.__scatterload_null  mc_w.l(handlers.o)
    0x08005572   0x08005572   0x0000000e   Code   RO         5717    i.__scatterload_zeroinit  mc_w.l(handlers.o)
    0x08005580   0x08005580   0x00000184   Code   RO         5652    i._fp_digits        mc_w.l(printfa.o)
    0x08005704   0x08005704   0x000006b4   Code   RO         5653    i._printf_core      mc_w.l(printfa.o)
    0x08005db8   0x08005db8   0x00000024   Code   RO         5654    i._printf_post_padding  mc_w.l(printfa.o)
    0x08005ddc   0x08005ddc   0x0000002e   Code   RO         5655    i._printf_pre_padding  mc_w.l(printfa.o)
    0x08005e0a   0x08005e0a   0x0000000c   Code   RO         5030    i.delay1            ad9959.o
    0x08005e16   0x08005e16   0x00000002   PAD
    0x08005e18   0x08005e18   0x00000014   Code   RO         5257    i.delay_init        delay.o
    0x08005e2c   0x08005e2c   0x0000001a   Code   RO         5258    i.delay_ms          delay.o
    0x08005e46   0x08005e46   0x00000002   PAD
    0x08005e48   0x08005e48   0x00000034   Code   RO         5259    i.delay_us          delay.o
    0x08005e7c   0x08005e7c   0x0000001c   Code   RO         5131    i.fputc             debug.o
    0x08005e98   0x08005e98   0x00000270   Code   RO           17    i.main              main.o
    0x08006108   0x08006108   0x00000028   Code   RO         5132    i.reply_er          debug.o
    0x08006130   0x08006130   0x00000018   Data   RO         4518    .constdata          stm32h7xx_hal_uart.o
    0x08006148   0x08006148   0x00000010   Data   RO         4883    .constdata          stm32h7xx_hal_uart_ex.o
    0x08006158   0x08006158   0x00000010   Data   RO         4983    .constdata          system_stm32h7xx.o
    0x08006168   0x08006168   0x00000010   Data   RO         5336    .constdata          ch455.o
    0x08006178   0x08006178   0x00000020   Data   RO         5713    Region$$Table       anon$$obj.o


    Execution Region RW_IRAM1 (Exec base: 0x20000000, Load base: 0x08006198, Size: 0x00000000, Max: 0x00020000, ABSOLUTE)

    **** No section assigned to this execution region ****


    Execution Region RW_IRAM2 (Exec base: 0x24000000, Load base: 0x08006198, Size: 0x00020988, Max: 0x00080000, ABSOLUTE, COMPRESSED[0x00000178])

    Exec Addr    Load Addr    Size         Type   Attr      Idx    E Section Name        Object

    0x24000000   COMPRESSED   0x0000020c   Data   RW           18    .data               main.o
    0x2400020c   COMPRESSED   0x0000000c   Data   RW         2321    .data               stm32h7xx_hal.o
    0x24000218   COMPRESSED   0x00000008   Data   RW         4984    .data               system_stm32h7xx.o
    0x24000220   COMPRESSED   0x0000000b   Data   RW         5031    .data               ad9959.o
    0x2400022b   COMPRESSED   0x00000001   PAD
    0x2400022c   COMPRESSED   0x0000000c   Data   RW         5134    .data               debug.o
    0x24000238   COMPRESSED   0x00000004   Data   RW         5260    .data               delay.o
    0x2400023c   COMPRESSED   0x00000002   Data   RW         5337    .data               ch455.o
    0x2400023e   COMPRESSED   0x00000001   Data   RW         5338    .data               ch455.o
    0x2400023f   COMPRESSED   0x00000006   Data   RW         5339    .data               ch455.o
    0x24000245   COMPRESSED   0x00000003   PAD
    0x24000248   COMPRESSED   0x00000004   Data   RW         5689    .data               mc_w.l(stdout.o)
    0x2400024c        -       0x00000014   Zero   RW          253    .bss                dac.o
    0x24000260        -       0x00000070   Zero   RW          296    .bss                lptim.o
    0x240002d0        -       0x0000004c   Zero   RW          343    .bss                tim.o
    0x2400031c        -       0x00000090   Zero   RW          385    .bss                usart.o
    0x240003ac        -       0x000005dc   Zero   RW         5133    .bss                debug.o
    0x24000988        -       0x00020000   Zero   RW            1    STACK               startup_stm32h750xx.o


==============================================================================

Image component sizes


      Code (inc. data)   RO Data    RW Data    ZI Data      Debug   Object Name

       952         68          0         11          0       9174   ad9959.o
       352         44         16          9          0       4745   ch455.o
       172         24          0          0         20       1833   dac.o
       248         30          0         12       1500       4558   debug.o
        98          8          0          4          0       1915   delay.o
       276         22          0          0          0       1183   gpio.o
        92         12          0          0          0       1738   hmc472.o
       232         30          0          0        112       2440   lptim.o
      2476        450          0        524          0    1299315   main.o
       680         34          0          0          0       4075   myiic.o
        36          8        664          0     131072        836   startup_stm32h750xx.o
       268         54          0         12          0      24601   stm32h7xx_hal.o
       222         12          0          0          0      40249   stm32h7xx_hal_cortex.o
       498          6          0          0          0       4078   stm32h7xx_hal_dac.o
      1512         70          0          0          0       3911   stm32h7xx_hal_dma.o
       604         50          0          0          0       4014   stm32h7xx_hal_gpio.o
       224         16          0          0          0       1634   stm32h7xx_hal_lptim.o
        56          6          0          0          0        990   stm32h7xx_hal_msp.o
        84          6          0          0          0        793   stm32h7xx_hal_pwr_ex.o
      2344        108          0          0          0       7136   stm32h7xx_hal_rcc.o
      3518        112          0          0          0       7905   stm32h7xx_hal_rcc_ex.o
       650         52          0          0          0       6399   stm32h7xx_hal_tim.o
       152         24          0          0          0       1544   stm32h7xx_hal_tim_ex.o
      3768        182         24          0          0      36946   stm32h7xx_hal_uart.o
       290          6         16          0          0       5530   stm32h7xx_hal_uart_ex.o
        48          0          0          0          0       5184   stm32h7xx_it.o
       220         40         16          8          0       1506   system_stm32h7xx.o
       144         20          0          0         76       1782   tim.o
       236         24          0          0        144       1938   usart.o

    ----------------------------------------------------------------------
     20480       1518        768        584     132924    1487952   Object Totals
         0          0         32          0          0          0   (incl. Generated)
        28          0          0          4          0          0   (incl. Padding)

    ----------------------------------------------------------------------

      Code (inc. data)   RO Data    RW Data    ZI Data      Debug   Library Member Name

        86          0          0          0          0          0   __dczerorl2.o
         0          0          0          0          0          0   entry.o
         0          0          0          0          0          0   entry10a.o
         0          0          0          0          0          0   entry11a.o
         4          0          0          0          0          0   entry12b.o
         8          4          0          0          0          0   entry2.o
         4          0          0          0          0          0   entry5.o
         0          0          0          0          0          0   entry7b.o
         0          0          0          0          0          0   entry8b.o
         8          4          0          0          0          0   entry9a.o
        30          0          0          0          0          0   handlers.o
        36          8          0          0          0         68   init.o
         0          0          0          0          0          0   iusefp.o
        30          0          0          0          0         68   llshl.o
        36          0          0          0          0         68   llsshr.o
        32          0          0          0          0         68   llushr.o
        36          0          0          0          0        108   memseta.o
      2218         90          0          0          0        464   printfa.o
         0          0          0          4          0          0   stdout.o
        44          0          0          0          0         80   uidiv.o
        98          0          0          0          0         92   uldiv.o
        48          0          0          0          0         68   cdrcmple.o
       334          0          0          0          0        148   dadd.o
       222          0          0          0          0        100   ddiv.o
       186          0          0          0          0        176   depilogue.o
        48          0          0          0          0         68   dfixul.o
       228          0          0          0          0         96   dmul.o

    ----------------------------------------------------------------------
      3736        106          0          4          0       1672   Library Totals
         0          0          0          0          0          0   (incl. Padding)

    ----------------------------------------------------------------------

      Code (inc. data)   RO Data    RW Data    ZI Data      Debug   Library Name

      2670        106          0          4          0       1016   mc_w.l
      1066          0          0          0          0        656   mf_w.l

    ----------------------------------------------------------------------
      3736        106          0          4          0       1672   Library Totals

    ----------------------------------------------------------------------

==============================================================================


      Code (inc. data)   RO Data    RW Data    ZI Data      Debug   

     24216       1624        768        588     132924    1476676   Grand Totals
     24216       1624        768        376     132924    1476676   ELF Image Totals (compressed)
     24216       1624        768        376          0          0   ROM Totals

==============================================================================

    Total RO  Size (Code + RO Data)                24984 (  24.40kB)
    Total RW  Size (RW Data + ZI Data)            133512 ( 130.38kB)
    Total ROM Size (Code + RO Data + RW Data)      25360 (  24.77kB)

==============================================================================

