Component: ARM Compiler 5.06 update 7 (build 960) Tool: armlink [4d3601]

==============================================================================

Section Cross References

    startup_stm32h750xx.o(RESET) refers to startup_stm32h750xx.o(STACK) for __initial_sp
    startup_stm32h750xx.o(RESET) refers to startup_stm32h750xx.o(.text) for Reset_Handler
    startup_stm32h750xx.o(RESET) refers to stm32h7xx_it.o(i.NMI_Handler) for NMI_Handler
    startup_stm32h750xx.o(RESET) refers to stm32h7xx_it.o(i.HardFault_Handler) for HardFault_Handler
    startup_stm32h750xx.o(RESET) refers to stm32h7xx_it.o(i.MemManage_Handler) for MemManage_Handler
    startup_stm32h750xx.o(RESET) refers to stm32h7xx_it.o(i.BusFault_Handler) for BusFault_Handler
    startup_stm32h750xx.o(RESET) refers to stm32h7xx_it.o(i.UsageFault_Handler) for UsageFault_Handler
    startup_stm32h750xx.o(RESET) refers to stm32h7xx_it.o(i.SVC_Handler) for SVC_Handler
    startup_stm32h750xx.o(RESET) refers to stm32h7xx_it.o(i.DebugMon_Handler) for DebugMon_Handler
    startup_stm32h750xx.o(RESET) refers to stm32h7xx_it.o(i.PendSV_Handler) for PendSV_Handler
    startup_stm32h750xx.o(RESET) refers to stm32h7xx_it.o(i.SysTick_Handler) for SysTick_Handler
    startup_stm32h750xx.o(RESET) refers to stm32h7xx_it.o(i.EXTI3_IRQHandler) for EXTI3_IRQHandler
    startup_stm32h750xx.o(RESET) refers to stm32h7xx_it.o(i.DMA1_Stream0_IRQHandler) for DMA1_Stream0_IRQHandler
    startup_stm32h750xx.o(RESET) refers to stm32h7xx_it.o(i.EXTI15_10_IRQHandler) for EXTI15_10_IRQHandler
    startup_stm32h750xx.o(RESET) refers to debug.o(i.UART4_IRQHandler) for UART4_IRQHandler
    startup_stm32h750xx.o(.text) refers to system_stm32h7xx.o(i.SystemInit) for SystemInit
    startup_stm32h750xx.o(.text) refers to entry.o(.ARM.Collect$$$$00000000) for __main
    debug.o(i.HAL_UART_RxCpltCallback) refers to debug.o(i.reply_er) for reply_er
    debug.o(i.HAL_UART_RxCpltCallback) refers to debug.o(.data) for .data
    debug.o(i.HAL_UART_RxCpltCallback) refers to debug.o(.bss) for .bss
    debug.o(i.UART4_IRQHandler) refers to stm32h7xx_hal_uart.o(i.HAL_UART_IRQHandler) for HAL_UART_IRQHandler
    debug.o(i.UART4_IRQHandler) refers to debug.o(i.reply_er) for reply_er
    debug.o(i.UART4_IRQHandler) refers to stm32h7xx_hal_uart.o(i.HAL_UART_GetState) for HAL_UART_GetState
    debug.o(i.UART4_IRQHandler) refers to stm32h7xx_hal_uart.o(i.HAL_UART_Receive_IT) for HAL_UART_Receive_IT
    debug.o(i.UART4_IRQHandler) refers to debug.o(.data) for .data
    debug.o(i.fputc) refers to stm32h7xx_hal_uart.o(i.HAL_UART_Transmit) for HAL_UART_Transmit
    debug.o(i.fputc) refers to debug.o(.data) for .data
    debug.o(i.reply_er) refers to stm32h7xx_hal_uart.o(i.HAL_UART_Transmit) for HAL_UART_Transmit
    debug.o(i.reply_er) refers to debug.o(.data) for .data
    debug.o(.data) refers to usart.o(.bss) for huart4
    hmc472.o(i.HMC472_Init) refers to stm32h7xx_hal_gpio.o(i.HAL_GPIO_Init) for HAL_GPIO_Init
    ch455.o(i.CH450_Write) refers to myiic.o(i.IIC_Start) for IIC_Start
    ch455.o(i.CH450_Write) refers to myiic.o(i.IIC_Send_Byte) for IIC_Send_Byte
    ch455.o(i.CH450_Write) refers to myiic.o(i.IIC_Wait_Ack) for IIC_Wait_Ack
    ch455.o(i.CH450_Write) refers to myiic.o(i.IIC_Stop) for IIC_Stop
    ch455.o(i.CH450_buf_index) refers to ch455.o(i.CH450_Write) for CH450_Write
    ch455.o(i.CH450_buf_index) refers to ch455.o(.data) for .data
    ch455.o(i.CH450_buf_write) refers to ch455.o(i.CH450_Write) for CH450_Write
    ch455.o(i.CH450_buf_write) refers to ch455.o(.data) for .data
    ch455.o(i.CH450_clr_bit) refers to ch455.o(i.CH450_buf_index) for CH450_buf_index
    ch455.o(i.CH450_clr_bit) refers to ch455.o(.data) for .data
    ch455.o(i.CH450_set_bit) refers to ch455.o(i.CH450_buf_index) for CH450_buf_index
    ch455.o(i.CH450_set_bit) refers to ch455.o(.data) for .data
    ch455.o(i.CH455_Display) refers to ch455.o(i.CH450_buf_write) for CH450_buf_write
    ch455.o(i.CH455_Display) refers to ch455.o(.constdata) for .constdata
    ch455.o(i.CH455_Key_Read) refers to myiic.o(i.IIC_Start) for IIC_Start
    ch455.o(i.CH455_Key_Read) refers to myiic.o(i.IIC_Send_Byte) for IIC_Send_Byte
    ch455.o(i.CH455_Key_Read) refers to myiic.o(i.IIC_Wait_Ack) for IIC_Wait_Ack
    ch455.o(i.CH455_Key_Read) refers to myiic.o(i.IIC_Read_Byte) for IIC_Read_Byte
    ch455.o(i.CH455_Key_Read) refers to myiic.o(i.IIC_Stop) for IIC_Stop
    ch455.o(i.CH455_init) refers to ch455.o(i.CH450_buf_index) for CH450_buf_index
    ch455.o(i.CH455_init) refers to ch455.o(i.CH450_buf_write) for CH450_buf_write
    ch455.o(i.CH455_init) refers to ch455.o(i.CH455_Display) for CH455_Display
    myiic.o(i.IIC_Ack) refers to stm32h7xx_hal_gpio.o(i.HAL_GPIO_WritePin) for HAL_GPIO_WritePin
    myiic.o(i.IIC_Ack) refers to delay.o(i.delay_us) for delay_us
    myiic.o(i.IIC_Init) refers to stm32h7xx_hal_gpio.o(i.HAL_GPIO_Init) for HAL_GPIO_Init
[...]
    Removing stm32h7xx_hal_i2c.o(i.I2C_Slave_ISR_DMA), (576 bytes).
    Removing stm32h7xx_hal_i2c.o(i.I2C_Slave_ISR_IT), (316 bytes).
    Removing stm32h7xx_hal_i2c.o(i.I2C_TransferConfig), (56 bytes).
    Removing stm32h7xx_hal_i2c.o(i.I2C_TreatErrorCallback), (42 bytes).
    Removing stm32h7xx_hal_i2c.o(i.I2C_WaitOnFlagUntilTimeout), (134 bytes).
    Removing stm32h7xx_hal_i2c.o(i.I2C_WaitOnRXNEFlagUntilTimeout), (192 bytes).
    Removing stm32h7xx_hal_i2c.o(i.I2C_WaitOnSTOPFlagUntilTimeout), (98 bytes).
    Removing stm32h7xx_hal_i2c.o(i.I2C_WaitOnTXISFlagUntilTimeout), (104 bytes).
    Removing stm32h7xx_hal_i2c_ex.o(.rev16_text), (4 bytes).
    Removing stm32h7xx_hal_i2c_ex.o(.revsh_text), (4 bytes).
    Removing stm32h7xx_hal_i2c_ex.o(.rrx_text), (6 bytes).
    Removing stm32h7xx_hal_i2c_ex.o(i.HAL_I2CEx_ConfigAnalogFilter), (90 bytes).
    Removing stm32h7xx_hal_i2c_ex.o(i.HAL_I2CEx_ConfigDigitalFilter), (86 bytes).
    Removing stm32h7xx_hal_i2c_ex.o(i.HAL_I2CEx_DisableFastModePlus), (44 bytes).
    Removing stm32h7xx_hal_i2c_ex.o(i.HAL_I2CEx_DisableWakeUp), (82 bytes).
    Removing stm32h7xx_hal_i2c_ex.o(i.HAL_I2CEx_EnableFastModePlus), (40 bytes).
    Removing stm32h7xx_hal_i2c_ex.o(i.HAL_I2CEx_EnableWakeUp), (82 bytes).
    Removing stm32h7xx_hal_exti.o(.rev16_text), (4 bytes).
    Removing stm32h7xx_hal_exti.o(.revsh_text), (4 bytes).
    Removing stm32h7xx_hal_exti.o(.rrx_text), (6 bytes).
    Removing stm32h7xx_hal_exti.o(i.HAL_EXTI_ClearConfigLine), (264 bytes).
    Removing stm32h7xx_hal_exti.o(i.HAL_EXTI_ClearPending), (32 bytes).
    Removing stm32h7xx_hal_exti.o(i.HAL_EXTI_GenerateSWI), (32 bytes).
    Removing stm32h7xx_hal_exti.o(i.HAL_EXTI_GetConfigLine), (264 bytes).
    Removing stm32h7xx_hal_exti.o(i.HAL_EXTI_GetHandle), (14 bytes).
    Removing stm32h7xx_hal_exti.o(i.HAL_EXTI_GetPending), (36 bytes).
    Removing stm32h7xx_hal_exti.o(i.HAL_EXTI_IRQHandler), (44 bytes).
    Removing stm32h7xx_hal_exti.o(i.HAL_EXTI_RegisterCallback), (22 bytes).
    Removing stm32h7xx_hal_exti.o(i.HAL_EXTI_SetConfigLine), (352 bytes).
    Removing stm32h7xx_hal_tim.o(.rev16_text), (4 bytes).
    Removing stm32h7xx_hal_tim.o(.revsh_text), (4 bytes).
    Removing stm32h7xx_hal_tim.o(.rrx_text), (6 bytes).
    Removing stm32h7xx_hal_tim_ex.o(.rev16_text), (4 bytes).
    Removing stm32h7xx_hal_tim_ex.o(.revsh_text), (4 bytes).
    Removing stm32h7xx_hal_tim_ex.o(.rrx_text), (6 bytes).
    Removing stm32h7xx_hal_uart.o(.rev16_text), (4 bytes).
    Removing stm32h7xx_hal_uart.o(.revsh_text), (4 bytes).
    Removing stm32h7xx_hal_uart.o(.rrx_text), (6 bytes).
    Removing stm32h7xx_hal_uart.o(i.HAL_HalfDuplex_EnableReceiver), (76 bytes).
    Removing stm32h7xx_hal_uart.o(i.HAL_HalfDuplex_EnableTransmitter), (76 bytes).
    Removing stm32h7xx_hal_uart.o(i.HAL_HalfDuplex_Init), (122 bytes).
    Removing stm32h7xx_hal_uart.o(i.HAL_LIN_Init), (154 bytes).
    Removing stm32h7xx_hal_uart.o(i.HAL_LIN_SendBreak), (50 bytes).
    Removing stm32h7xx_hal_uart.o(i.HAL_MultiProcessor_DisableMuteMode), (52 bytes).
    Removing stm32h7xx_hal_uart.o(i.HAL_MultiProcessor_EnableMuteMode), (52 bytes).
    Removing stm32h7xx_hal_uart.o(i.HAL_MultiProcessor_EnterMuteMode), (12 bytes).
    Removing stm32h7xx_hal_uart.o(i.HAL_MultiProcessor_Init), (146 bytes).
    Removing stm32h7xx_hal_uart.o(i.HAL_UART_Abort), (272 bytes).
    Removing stm32h7xx_hal_uart.o(i.HAL_UART_AbortCpltCallback), (2 bytes).
    Removing stm32h7xx_hal_uart.o(i.HAL_UART_AbortReceive), (176 bytes).
    Removing stm32h7xx_hal_uart.o(i.HAL_UART_AbortReceiveCpltCallback), (2 bytes).
    Removing stm32h7xx_hal_uart.o(i.HAL_UART_AbortReceive_IT), (204 bytes).
    Removing stm32h7xx_hal_uart.o(i.HAL_UART_AbortTransmit), (142 bytes).
    Removing stm32h7xx_hal_uart.o(i.HAL_UART_AbortTransmitCpltCallback), (2 bytes).
    Removing stm32h7xx_hal_uart.o(i.HAL_UART_AbortTransmit_IT), (160 bytes).
    Removing stm32h7xx_hal_uart.o(i.HAL_UART_Abort_IT), (308 bytes).
    Removing stm32h7xx_hal_uart.o(i.HAL_UART_DMAPause), (120 bytes).
    Removing stm32h7xx_hal_uart.o(i.HAL_UART_DMAResume), (108 bytes).
    Removing stm32h7xx_hal_uart.o(i.HAL_UART_DMAStop), (162 bytes).
    Removing stm32h7xx_hal_uart.o(i.HAL_UART_DeInit), (72 bytes).
    Removing stm32h7xx_hal_uart.o(i.HAL_UART_DisableReceiverTimeout), (76 bytes).
    Removing stm32h7xx_hal_uart.o(i.HAL_UART_EnableReceiverTimeout), (76 bytes).
    Removing stm32h7xx_hal_uart.o(i.HAL_UART_GetError), (6 bytes).
    Removing stm32h7xx_hal_uart.o(i.HAL_UART_MspDeInit), (2 bytes).
    Removing stm32h7xx_hal_uart.o(i.HAL_UART_MspInit), (2 bytes).
    Removing stm32h7xx_hal_uart.o(i.HAL_UART_Receive), (262 bytes).
    Removing stm32h7xx_hal_uart.o(i.HAL_UART_Receive_DMA), (74 bytes).
    Removing stm32h7xx_hal_uart.o(i.HAL_UART_ReceiverTimeout_Config), (24 bytes).
    Removing stm32h7xx_hal_uart.o(i.HAL_UART_RxCpltCallback), (2 bytes).
    Removing stm32h7xx_hal_uart.o(i.HAL_UART_RxHalfCpltCallback), (2 bytes).
    Removing stm32h7xx_hal_uart.o(i.HAL_UART_Transmit_DMA), (156 bytes).
    Removing stm32h7xx_hal_uart.o(i.HAL_UART_Transmit_IT), (160 bytes).
    Removing stm32h7xx_hal_uart.o(i.HAL_UART_TxHalfCpltCallback), (2 bytes).
    Removing stm32h7xx_hal_uart.o(i.UART_DMAError), (84 bytes).
    Removing stm32h7xx_hal_uart.o(i.UART_DMAReceiveCplt), (140 bytes).
    Removing stm32h7xx_hal_uart.o(i.UART_DMARxAbortCallback), (70 bytes).
    Removing stm32h7xx_hal_uart.o(i.UART_DMARxHalfCplt), (32 bytes).
    Removing stm32h7xx_hal_uart.o(i.UART_DMARxOnlyAbortCallback), (40 bytes).
    Removing stm32h7xx_hal_uart.o(i.UART_DMATransmitCplt), (66 bytes).
    Removing stm32h7xx_hal_uart.o(i.UART_DMATxAbortCallback), (78 bytes).
    Removing stm32h7xx_hal_uart.o(i.UART_DMATxHalfCplt), (10 bytes).
    Removing stm32h7xx_hal_uart.o(i.UART_DMATxOnlyAbortCallback), (40 bytes).
    Removing stm32h7xx_hal_uart.o(i.UART_EndTxTransfer), (46 bytes).
    Removing stm32h7xx_hal_uart.o(i.UART_Start_Receive_DMA), (172 bytes).
    Removing stm32h7xx_hal_uart.o(i.UART_TxISR_16BIT), (82 bytes).
    Removing stm32h7xx_hal_uart.o(i.UART_TxISR_16BIT_FIFOEN), (108 bytes).
    Removing stm32h7xx_hal_uart.o(i.UART_TxISR_8BIT), (78 bytes).
    Removing stm32h7xx_hal_uart.o(i.UART_TxISR_8BIT_FIFOEN), (104 bytes).
    Removing stm32h7xx_hal_uart_ex.o(.rev16_text), (4 bytes).
    Removing stm32h7xx_hal_uart_ex.o(.revsh_text), (4 bytes).
    Removing stm32h7xx_hal_uart_ex.o(.rrx_text), (6 bytes).
    Removing stm32h7xx_hal_uart_ex.o(i.HAL_MultiProcessorEx_AddressLength_Set), (50 bytes).
    Removing stm32h7xx_hal_uart_ex.o(i.HAL_RS485Ex_Init), (144 bytes).
    Removing stm32h7xx_hal_uart_ex.o(i.HAL_UARTEx_DisableStopMode), (46 bytes).
    Removing stm32h7xx_hal_uart_ex.o(i.HAL_UARTEx_EnableFifoMode), (74 bytes).
    Removing stm32h7xx_hal_uart_ex.o(i.HAL_UARTEx_EnableStopMode), (46 bytes).
    Removing stm32h7xx_hal_uart_ex.o(i.HAL_UARTEx_GetRxEventType), (4 bytes).
    Removing stm32h7xx_hal_uart_ex.o(i.HAL_UARTEx_ReceiveToIdle), (344 bytes).
    Removing stm32h7xx_hal_uart_ex.o(i.HAL_UARTEx_ReceiveToIdle_DMA), (82 bytes).
    Removing stm32h7xx_hal_uart_ex.o(i.HAL_UARTEx_ReceiveToIdle_IT), (82 bytes).
    Removing stm32h7xx_hal_uart_ex.o(i.HAL_UARTEx_StopModeWakeUpSourceConfig), (132 bytes).
    Removing stm32h7xx_hal_uart_ex.o(i.UARTEx_Wakeup_AddressConfig), (36 bytes).
    Removing system_stm32h7xx.o(.rev16_text), (4 bytes).
    Removing system_stm32h7xx.o(.revsh_text), (4 bytes).
    Removing system_stm32h7xx.o(.rrx_text), (6 bytes).
    Removing system_stm32h7xx.o(i.SystemCoreClockUpdate), (468 bytes).

588 unused section(s) (total 125016 bytes) removed from the image.

==============================================================================

Image Symbol Table

    Local Symbols

    Symbol Name                              Value     Ov Type        Size  Object(Section)

    ../Core/Src/adc.c                        0x00000000   Number         0  adc.o ABSOLUTE
    ../Core/Src/dma.c                        0x00000000   Number         0  dma.o ABSOLUTE
    ../Core/Src/gpio.c                       0x00000000   Number         0  gpio.o ABSOLUTE
    ../Core/Src/main.c                       0x00000000   Number         0  main.o ABSOLUTE
    ../Core/Src/stm32h7xx_hal_msp.c          0x00000000   Number         0  stm32h7xx_hal_msp.o ABSOLUTE
    ../Core/Src/stm32h7xx_it.c               0x00000000   Number         0  stm32h7xx_it.o ABSOLUTE
    ../Core/Src/system_stm32h7xx.c           0x00000000   Number         0  system_stm32h7xx.o ABSOLUTE
    ../Core/Src/usart.c                      0x00000000   Number         0  usart.o ABSOLUTE
    ../Drivers/STM32H7xx_HAL_Driver/Src/stm32h7xx_hal.c 0x00000000   Number         0  stm32h7xx_hal.o ABSOLUTE
    ../Drivers/STM32H7xx_HAL_Driver/Src/stm32h7xx_hal_adc.c 0x00000000   Number         0  stm32h7xx_hal_adc.o ABSOLUTE
    ../Drivers/STM32H7xx_HAL_Driver/Src/stm32h7xx_hal_adc_ex.c 0x00000000   Number         0  stm32h7xx_hal_adc_ex.o ABSOLUTE
    ../Drivers/STM32H7xx_HAL_Driver/Src/stm32h7xx_hal_cortex.c 0x00000000   Number         0  stm32h7xx_hal_cortex.o ABSOLUTE
    ../Drivers/STM32H7xx_HAL_Driver/Src/stm32h7xx_hal_dma.c 0x00000000   Number         0  stm32h7xx_hal_dma.o ABSOLUTE
    ../Drivers/STM32H7xx_HAL_Driver/Src/stm32h7xx_hal_dma_ex.c 0x00000000   Number         0  stm32h7xx_hal_dma_ex.o ABSOLUTE
    ../Drivers/STM32H7xx_HAL_Driver/Src/stm32h7xx_hal_exti.c 0x00000000   Number         0  stm32h7xx_hal_exti.o ABSOLUTE
    ../Drivers/STM32H7xx_HAL_Driver/Src/stm32h7xx_hal_flash.c 0x00000000   Number         0  stm32h7xx_hal_flash.o ABSOLUTE
    ../Drivers/STM32H7xx_HAL_Driver/Src/stm32h7xx_hal_flash_ex.c 0x00000000   Number         0  stm32h7xx_hal_flash_ex.o ABSOLUTE
    ../Drivers/STM32H7xx_HAL_Driver/Src/stm32h7xx_hal_gpio.c 0x00000000   Number         0  stm32h7xx_hal_gpio.o ABSOLUTE
    ../Drivers/STM32H7xx_HAL_Driver/Src/stm32h7xx_hal_hsem.c 0x00000000   Number         0  stm32h7xx_hal_hsem.o ABSOLUTE
    ../Drivers/STM32H7xx_HAL_Driver/Src/stm32h7xx_hal_i2c.c 0x00000000   Number         0  stm32h7xx_hal_i2c.o ABSOLUTE
    ../Drivers/STM32H7xx_HAL_Driver/Src/stm32h7xx_hal_i2c_ex.c 0x00000000   Number         0  stm32h7xx_hal_i2c_ex.o ABSOLUTE
    ../Drivers/STM32H7xx_HAL_Driver/Src/stm32h7xx_hal_mdma.c 0x00000000   Number         0  stm32h7xx_hal_mdma.o ABSOLUTE
    ../Drivers/STM32H7xx_HAL_Driver/Src/stm32h7xx_hal_pwr.c 0x00000000   Number         0  stm32h7xx_hal_pwr.o ABSOLUTE
    ../Drivers/STM32H7xx_HAL_Driver/Src/stm32h7xx_hal_pwr_ex.c 0x00000000   Number         0  stm32h7xx_hal_pwr_ex.o ABSOLUTE
    ../Drivers/STM32H7xx_HAL_Driver/Src/stm32h7xx_hal_rcc.c 0x00000000   Number         0  stm32h7xx_hal_rcc.o ABSOLUTE
    ../Drivers/STM32H7xx_HAL_Driver/Src/stm32h7xx_hal_rcc_ex.c 0x00000000   Number         0  stm32h7xx_hal_rcc_ex.o ABSOLUTE
    ../Drivers/STM32H7xx_HAL_Driver/Src/stm32h7xx_hal_tim.c 0x00000000   Number         0  stm32h7xx_hal_tim.o ABSOLUTE
    ../Drivers/STM32H7xx_HAL_Driver/Src/stm32h7xx_hal_tim_ex.c 0x00000000   Number         0  stm32h7xx_hal_tim_ex.o ABSOLUTE
    ../Drivers/STM32H7xx_HAL_Driver/Src/stm32h7xx_hal_uart.c 0x00000000   Number         0  stm32h7xx_hal_uart.o ABSOLUTE
    ../Drivers/STM32H7xx_HAL_Driver/Src/stm32h7xx_hal_uart_ex.c 0x00000000   Number         0  stm32h7xx_hal_uart_ex.o ABSOLUTE
    ../clib/microlib/division.c              0x00000000   Number         0  uldiv.o ABSOLUTE
    ../clib/microlib/errno.c                 0x00000000   Number         0  errno.o ABSOLUTE
    ../clib/microlib/init/entry.s            0x00000000   Number         0  entry5.o ABSOLUTE
    ../clib/microlib/init/entry.s            0x00000000   Number         0  entry11b.o ABSOLUTE
    ../clib/microlib/init/entry.s            0x00000000   Number         0  entry.o ABSOLUTE
    ../clib/microlib/init/entry.s            0x00000000   Number         0  entry2.o ABSOLUTE
    ../clib/microlib/init/entry.s            0x00000000   Number         0  entry7a.o ABSOLUTE
    ../clib/microlib/init/entry.s            0x00000000   Number         0  entry7b.o ABSOLUTE
    ../clib/microlib/init/entry.s            0x00000000   Number         0  entry8a.o ABSOLUTE
    ../clib/microlib/init/entry.s            0x00000000   Number         0  entry8b.o ABSOLUTE
    ../clib/microlib/init/entry.s            0x00000000   Number         0  entry9a.o ABSOLUTE
    ../clib/microlib/init/entry.s            0x00000000   Number         0  entry9b.o ABSOLUTE
    ../clib/microlib/init/entry.s            0x00000000   Number         0  entry11a.o ABSOLUTE
    ../clib/microlib/init/entry.s            0x00000000   Number         0  entry12b.o ABSOLUTE
    ../clib/microlib/init/entry.s            0x00000000   Number         0  entry12a.o ABSOLUTE
    ../clib/microlib/init/entry.s            0x00000000   Number         0  entry10a.o ABSOLUTE
    ../clib/microlib/init/entry.s            0x00000000   Number         0  entry10b.o ABSOLUTE
    ../clib/microlib/longlong.c              0x00000000   Number         0  llushr.o ABSOLUTE
    ../clib/microlib/longlong.c              0x00000000   Number         0  llshl.o ABSOLUTE
    ../clib/microlib/string/memset.c         0x00000000   Number         0  memseta.o ABSOLUTE
    ../clib/microlib/stubs.s                 0x00000000   Number         0  iusefp.o ABSOLUTE
    ../mathlib/cos.c                         0x00000000   Number         0  cos.o ABSOLUTE
    ../mathlib/cos.c                         0x00000000   Number         0  cos_x.o ABSOLUTE
    ../mathlib/cos_i.c                       0x00000000   Number         0  cos_i.o ABSOLUTE
    ../mathlib/dunder.c                      0x00000000   Number         0  dunder.o ABSOLUTE
    ../mathlib/fabs.c                        0x00000000   Number         0  fabs.o ABSOLUTE
    ../mathlib/fpclassify.c                  0x00000000   Number         0  fpclassify.o ABSOLUTE
    ../mathlib/poly.c                        0x00000000   Number         0  poly.o ABSOLUTE
    ../mathlib/rred.c                        0x00000000   Number         0  rred.o ABSOLUTE
    ../mathlib/sin.c                         0x00000000   Number         0  sin_x.o ABSOLUTE
    ../mathlib/sin.c                         0x00000000   Number         0  sin.o ABSOLUTE
    ../mathlib/sin_i.c                       0x00000000   Number         0  sin_i_x.o ABSOLUTE
    ../mathlib/sin_i.c                       0x00000000   Number         0  sin_i.o ABSOLUTE
    ../mathlib/sqrt.c                        0x00000000   Number         0  sqrt.o ABSOLUTE
    ../mathlib/sqrt.c                        0x00000000   Number         0  sqrt_x.o ABSOLUTE
    ..\Core\Src\adc.c                        0x00000000   Number         0  adc.o ABSOLUTE
    ..\Core\Src\dma.c                        0x00000000   Number         0  dma.o ABSOLUTE
    ..\Core\Src\gpio.c                       0x00000000   Number         0  gpio.o ABSOLUTE
    ..\Core\Src\main.c                       0x00000000   Number         0  main.o ABSOLUTE
    ..\Core\Src\stm32h7xx_hal_msp.c          0x00000000   Number         0  stm32h7xx_hal_msp.o ABSOLUTE
    ..\Core\Src\stm32h7xx_it.c               0x00000000   Number         0  stm32h7xx_it.o ABSOLUTE
    ..\Core\Src\system_stm32h7xx.c           0x00000000   Number         0  system_stm32h7xx.o ABSOLUTE
    ..\Core\Src\usart.c                      0x00000000   Number         0  usart.o ABSOLUTE
    ..\Drivers\STM32H7xx_HAL_Driver\Src\stm32h7xx_hal.c 0x00000000   Number         0  stm32h7xx_hal.o ABSOLUTE
    ..\Drivers\STM32H7xx_HAL_Driver\Src\stm32h7xx_hal_adc.c 0x00000000   Number         0  stm32h7xx_hal_adc.o ABSOLUTE
    ..\Drivers\STM32H7xx_HAL_Driver\Src\stm32h7xx_hal_adc_ex.c 0x00000000   Number         0  stm32h7xx_hal_adc_ex.o ABSOLUTE
    ..\Drivers\STM32H7xx_HAL_Driver\Src\stm32h7xx_hal_cortex.c 0x00000000   Number         0  stm32h7xx_hal_cortex.o ABSOLUTE
    ..\Drivers\STM32H7xx_HAL_Driver\Src\stm32h7xx_hal_dma.c 0x00000000   Number         0  stm32h7xx_hal_dma.o ABSOLUTE
    ..\Drivers\STM32H7xx_HAL_Driver\Src\stm32h7xx_hal_dma_ex.c 0x00000000   Number         0  stm32h7xx_hal_dma_ex.o ABSOLUTE
    ..\Drivers\STM32H7xx_HAL_Driver\Src\stm32h7xx_hal_exti.c 0x00000000   Number         0  stm32h7xx_hal_exti.o ABSOLUTE
    ..\Drivers\STM32H7xx_HAL_Driver\Src\stm32h7xx_hal_flash.c 0x00000000   Number         0  stm32h7xx_hal_flash.o ABSOLUTE
    ..\Drivers\STM32H7xx_HAL_Driver\Src\stm32h7xx_hal_flash_ex.c 0x00000000   Number         0  stm32h7xx_hal_flash_ex.o ABSOLUTE
    ..\Drivers\STM32H7xx_HAL_Driver\Src\stm32h7xx_hal_gpio.c 0x00000000   Number         0  stm32h7xx_hal_gpio.o ABSOLUTE
    ..\Drivers\STM32H7xx_HAL_Driver\Src\stm32h7xx_hal_hsem.c 0x00000000   Number         0  stm32h7xx_hal_hsem.o ABSOLUTE
    ..\Drivers\STM32H7xx_HAL_Driver\Src\stm32h7xx_hal_i2c.c 0x00000000   Number         0  stm32h7xx_hal_i2c.o ABSOLUTE
    ..\Drivers\STM32H7xx_HAL_Driver\Src\stm32h7xx_hal_i2c_ex.c 0x00000000   Number         0  stm32h7xx_hal_i2c_ex.o ABSOLUTE
    ..\Drivers\STM32H7xx_HAL_Driver\Src\stm32h7xx_hal_mdma.c 0x00000000   Number         0  stm32h7xx_hal_mdma.o ABSOLUTE
    ..\Drivers\STM32H7xx_HAL_Driver\Src\stm32h7xx_hal_pwr.c 0x00000000   Number         0  stm32h7xx_hal_pwr.o ABSOLUTE
    ..\Drivers\STM32H7xx_HAL_Driver\Src\stm32h7xx_hal_pwr_ex.c 0x00000000   Number         0  stm32h7xx_hal_pwr_ex.o ABSOLUTE
    ..\Drivers\STM32H7xx_HAL_Driver\Src\stm32h7xx_hal_rcc.c 0x00000000   Number         0  stm32h7xx_hal_rcc.o ABSOLUTE
    ..\Drivers\STM32H7xx_HAL_Driver\Src\stm32h7xx_hal_rcc_ex.c 0x00000000   Number         0  stm32h7xx_hal_rcc_ex.o ABSOLUTE
    ..\Drivers\STM32H7xx_HAL_Driver\Src\stm32h7xx_hal_tim.c 0x00000000   Number         0  stm32h7xx_hal_tim.o ABSOLUTE
    ..\Drivers\STM32H7xx_HAL_Driver\Src\stm32h7xx_hal_tim_ex.c 0x00000000   Number         0  stm32h7xx_hal_tim_ex.o ABSOLUTE
    ..\Drivers\STM32H7xx_HAL_Driver\Src\stm32h7xx_hal_uart.c 0x00000000   Number         0  stm32h7xx_hal_uart.o ABSOLUTE
    ..\Drivers\STM32H7xx_HAL_Driver\Src\stm32h7xx_hal_uart_ex.c 0x00000000   Number         0  stm32h7xx_hal_uart_ex.o ABSOLUTE
    ..\User\CH455\ch455.c                    0x00000000   Number         0  ch455.o ABSOLUTE
    ..\User\DELAY\delay.c                    0x00000000   Number         0  delay.o ABSOLUTE
    ..\User\IIC\myiic.c                      0x00000000   Number         0  myiic.o ABSOLUTE
    ..\User\debug\AD9959.c                   0x00000000   Number         0  ad9959.o ABSOLUTE
    ..\User\debug\HMC472.c                   0x00000000   Number         0  hmc472.o ABSOLUTE
    ..\User\debug\debug.c                    0x00000000   Number         0  debug.o ABSOLUTE
    ..\\User\\CH455\\ch455.c                 0x00000000   Number         0  ch455.o ABSOLUTE
    ..\\User\\DELAY\\delay.c                 0x00000000   Number         0  delay.o ABSOLUTE
    ..\\User\\IIC\\myiic.c                   0x00000000   Number         0  myiic.o ABSOLUTE
    ..\\User\\debug\\AD9959.c                0x00000000   Number         0  ad9959.o ABSOLUTE
    ..\\User\\debug\\HMC472.c                0x00000000   Number         0  hmc472.o ABSOLUTE
    ..\\User\\debug\\debug.c                 0x00000000   Number         0  debug.o ABSOLUTE
    dc.s                                     0x00000000   Number         0  dc.o ABSOLUTE
    handlers.s                               0x00000000   Number         0  handlers.o ABSOLUTE
    init.s                                   0x00000000   Number         0  init.o ABSOLUTE
    startup_stm32h750xx.s                    0x00000000   Number         0  startup_stm32h750xx.o ABSOLUTE
    RESET                                    0x08000000   Section      664  startup_stm32h750xx.o(RESET)
    .ARM.Collect$$$$00000000                 0x08000298   Section        0  entry.o(.ARM.Collect$$$$00000000)
    .ARM.Collect$$$$00000001                 0x08000298   Section        4  entry2.o(.ARM.Collect$$$$00000001)
    .ARM.Collect$$$$00000004                 0x0800029c   Section        4  entry5.o(.ARM.Collect$$$$00000004)
    .ARM.Collect$$$$00000008                 0x080002a0   Section        0  entry7b.o(.ARM.Collect$$$$00000008)
    .ARM.Collect$$$$0000000A                 0x080002a0   Section        0  entry8b.o(.ARM.Collect$$$$0000000A)
    .ARM.Collect$$$$0000000B                 0x080002a0   Section        8  entry9a.o(.ARM.Collect$$$$0000000B)
    .ARM.Collect$$$$0000000E                 0x080002a8   Section        4  entry12b.o(.ARM.Collect$$$$0000000E)
    .ARM.Collect$$$$0000000F                 0x080002ac   Section        0  entry10a.o(.ARM.Collect$$$$0000000F)
    .ARM.Collect$$$$00000011                 0x080002ac   Section        0  entry11a.o(.ARM.Collect$$$$00000011)
    .ARM.Collect$$$$00002712                 0x080002ac   Section        4  entry2.o(.ARM.Collect$$$$00002712)
    __lit__00000000                          0x080002ac   Data           4  entry2.o(.ARM.Collect$$$$00002712)
    .text                                    0x080002b0   Section       36  startup_stm32h750xx.o(.text)
    $v0                                      0x080002b0   Number         0  startup_stm32h750xx.o(.text)
    .text                                    0x080002d4   Section        0  uldiv.o(.text)
    .text                                    0x08000336   Section        0  memseta.o(.text)
    .text                                    0x0800035a   Section        0  llshl.o(.text)
    .text                                    0x08000378   Section        0  llushr.o(.text)
    .text                                    0x08000398   Section       36  init.o(.text)
    i.AD9959_SetAmp4Channel                  0x080003bc   Section        0  ad9959.o(i.AD9959_SetAmp4Channel)
    i.AD9959_SetFrequency4Channel            0x080003e8   Section        0  ad9959.o(i.AD9959_SetFrequency4Channel)
    i.AD9959_SetPhase4Channel                0x08000414   Section        0  ad9959.o(i.AD9959_SetPhase4Channel)
    i.BusFault_Handler                       0x08000440   Section        0  stm32h7xx_it.o(i.BusFault_Handler)
    i.CH450_Write                            0x08000442   Section        0  ch455.o(i.CH450_Write)
    i.CH450_buf_index                        0x08000470   Section        0  ch455.o(i.CH450_buf_index)
    i.CH450_buf_write                        0x08000488   Section        0  ch455.o(i.CH450_buf_write)
    i.CH455_Display                          0x080004a4   Section        0  ch455.o(i.CH455_Display)
    i.CH455_Key_Read                         0x080004e0   Section        0  ch455.o(i.CH455_Key_Read)
    i.CH455_init                             0x08000562   Section        0  ch455.o(i.CH455_init)
    i.DMA1_Stream0_IRQHandler                0x080005a4   Section        0  stm32h7xx_it.o(i.DMA1_Stream0_IRQHandler)
    i.DebugMon_Handler                       0x080005b0   Section        0  stm32h7xx_it.o(i.DebugMon_Handler)
    i.EXTI15_10_IRQHandler                   0x080005b2   Section        0  stm32h7xx_it.o(i.EXTI15_10_IRQHandler)
    i.EXTI3_IRQHandler                       0x080005c8   Section        0  stm32h7xx_it.o(i.EXTI3_IRQHandler)
    i.Error_Handler                          0x080005ce   Section        0  main.o(i.Error_Handler)
    i.HAL_DMA_Abort                          0x080005d4   Section        0  stm32h7xx_hal_dma.o(i.HAL_DMA_Abort)
    i.HAL_DMA_Abort_IT                       0x0800093c   Section        0  stm32h7xx_hal_dma.o(i.HAL_DMA_Abort_IT)
    i.HAL_DMA_IRQHandler                     0x08000bdc   Section        0  stm32h7xx_hal_dma.o(i.HAL_DMA_IRQHandler)
    i.HAL_Delay                              0x0800135c   Section        0  stm32h7xx_hal.o(i.HAL_Delay)
    i.HAL_GPIO_EXTI_Callback                 0x08001384   Section        0  main.o(i.HAL_GPIO_EXTI_Callback)
    i.HAL_GPIO_EXTI_IRQHandler               0x08001608   Section        0  stm32h7xx_hal_gpio.o(i.HAL_GPIO_EXTI_IRQHandler)
    i.HAL_GPIO_Init                          0x08001620   Section        0  stm32h7xx_hal_gpio.o(i.HAL_GPIO_Init)
    i.HAL_GPIO_ReadPin                       0x08001814   Section        0  stm32h7xx_hal_gpio.o(i.HAL_GPIO_ReadPin)
    i.HAL_GPIO_WritePin                      0x08001822   Section        0  stm32h7xx_hal_gpio.o(i.HAL_GPIO_WritePin)
    i.HAL_GetREVID                           0x08001830   Section        0  stm32h7xx_hal.o(i.HAL_GetREVID)
    i.HAL_GetTick                            0x0800183c   Section        0  stm32h7xx_hal.o(i.HAL_GetTick)
    i.HAL_IncTick                            0x08001848   Section        0  stm32h7xx_hal.o(i.HAL_IncTick)
    i.HAL_Init                               0x08001858   Section        0  stm32h7xx_hal.o(i.HAL_Init)
    i.HAL_InitTick                           0x080018b4   Section        0  stm32h7xx_hal.o(i.HAL_InitTick)
    i.HAL_MspInit                            0x08001900   Section        0  stm32h7xx_hal_msp.o(i.HAL_MspInit)
    i.HAL_NVIC_EnableIRQ                     0x08001938   Section        0  stm32h7xx_hal_cortex.o(i.HAL_NVIC_EnableIRQ)
    i.HAL_NVIC_SetPriority                   0x08001954   Section        0  stm32h7xx_hal_cortex.o(i.HAL_NVIC_SetPriority)
    i.HAL_NVIC_SetPriorityGrouping           0x080019c0   Section        0  stm32h7xx_hal_cortex.o(i.HAL_NVIC_SetPriorityGrouping)
    i.HAL_PWREx_ConfigSupply                 0x080019e4   Section        0  stm32h7xx_hal_pwr_ex.o(i.HAL_PWREx_ConfigSupply)
    i.HAL_RCCEx_GetD3PCLK1Freq               0x08001a44   Section        0  stm32h7xx_hal_rcc_ex.o(i.HAL_RCCEx_GetD3PCLK1Freq)
    i.HAL_RCCEx_GetPLL2ClockFreq             0x08001a68   Section        0  stm32h7xx_hal_rcc_ex.o(i.HAL_RCCEx_GetPLL2ClockFreq)
    i.HAL_RCCEx_GetPLL3ClockFreq             0x08001c38   Section        0  stm32h7xx_hal_rcc_ex.o(i.HAL_RCCEx_GetPLL3ClockFreq)
    i.HAL_RCCEx_PeriphCLKConfig              0x08001e08   Section        0  stm32h7xx_hal_rcc_ex.o(i.HAL_RCCEx_PeriphCLKConfig)
    i.HAL_RCC_ClockConfig                    0x080028b0   Section        0  stm32h7xx_hal_rcc.o(i.HAL_RCC_ClockConfig)
    i.HAL_RCC_GetHCLKFreq                    0x08002b6c   Section        0  stm32h7xx_hal_rcc.o(i.HAL_RCC_GetHCLKFreq)
    i.HAL_RCC_GetPCLK1Freq                   0x08002bb4   Section        0  stm32h7xx_hal_rcc.o(i.HAL_RCC_GetPCLK1Freq)
    i.HAL_RCC_GetPCLK2Freq                   0x08002bdc   Section        0  stm32h7xx_hal_rcc.o(i.HAL_RCC_GetPCLK2Freq)
    i.HAL_RCC_GetSysClockFreq                0x08002c04   Section        0  stm32h7xx_hal_rcc.o(i.HAL_RCC_GetSysClockFreq)
    i.HAL_RCC_OscConfig                      0x08002de0   Section        0  stm32h7xx_hal_rcc.o(i.HAL_RCC_OscConfig)
    i.HAL_SYSCFG_DisableVREFBUF              0x0800351c   Section        0  stm32h7xx_hal.o(i.HAL_SYSCFG_DisableVREFBUF)
    i.HAL_SYSCFG_VREFBUF_HighImpedanceConfig 0x0800352c   Section        0  stm32h7xx_hal.o(i.HAL_SYSCFG_VREFBUF_HighImpedanceConfig)
    i.HAL_SYSTICK_CLKSourceConfig            0x08003540   Section        0  stm32h7xx_hal_cortex.o(i.HAL_SYSTICK_CLKSourceConfig)
    i.HAL_SYSTICK_Config                     0x0800355c   Section        0  stm32h7xx_hal_cortex.o(i.HAL_SYSTICK_Config)
    i.HAL_UARTEx_DisableFifoMode             0x08003584   Section        0  stm32h7xx_hal_uart_ex.o(i.HAL_UARTEx_DisableFifoMode)
    i.HAL_UARTEx_RxEventCallback             0x080035c2   Section        0  stm32h7xx_hal_uart.o(i.HAL_UARTEx_RxEventCallback)
    i.HAL_UARTEx_RxFifoFullCallback          0x080035c4   Section        0  stm32h7xx_hal_uart_ex.o(i.HAL_UARTEx_RxFifoFullCallback)
    i.HAL_UARTEx_SetRxFifoThreshold          0x080035c6   Section        0  stm32h7xx_hal_uart_ex.o(i.HAL_UARTEx_SetRxFifoThreshold)
    i.HAL_UARTEx_SetTxFifoThreshold          0x08003612   Section        0  stm32h7xx_hal_uart_ex.o(i.HAL_UARTEx_SetTxFifoThreshold)
    i.HAL_UARTEx_TxFifoEmptyCallback         0x0800365e   Section        0  stm32h7xx_hal_uart_ex.o(i.HAL_UARTEx_TxFifoEmptyCallback)
    i.HAL_UARTEx_WakeupCallback              0x08003660   Section        0  stm32h7xx_hal_uart_ex.o(i.HAL_UARTEx_WakeupCallback)
    i.HAL_UART_ErrorCallback                 0x08003662   Section        0  stm32h7xx_hal_uart.o(i.HAL_UART_ErrorCallback)
    i.HAL_UART_GetState                      0x08003664   Section        0  stm32h7xx_hal_uart.o(i.HAL_UART_GetState)
    i.HAL_UART_IRQHandler                    0x08003670   Section        0  stm32h7xx_hal_uart.o(i.HAL_UART_IRQHandler)
    i.HAL_UART_Init                          0x08003a68   Section        0  stm32h7xx_hal_uart.o(i.HAL_UART_Init)
    i.HAL_UART_MspInit                       0x08003ad8   Section        0  usart.o(i.HAL_UART_MspInit)
    i.HAL_UART_Receive_IT                    0x08003b60   Section        0  stm32h7xx_hal_uart.o(i.HAL_UART_Receive_IT)
    i.HAL_UART_RxCpltCallback                0x08003bb4   Section        0  debug.o(i.HAL_UART_RxCpltCallback)
    i.HAL_UART_Transmit                      0x08003c18   Section        0  stm32h7xx_hal_uart.o(i.HAL_UART_Transmit)
    i.HAL_UART_TxCpltCallback                0x08003cde   Section        0  stm32h7xx_hal_uart.o(i.HAL_UART_TxCpltCallback)
    i.HardFault_Handler                      0x08003ce0   Section        0  stm32h7xx_it.o(i.HardFault_Handler)
    i.IIC_Ack                                0x08003ce4   Section        0  myiic.o(i.IIC_Ack)
    i.IIC_NAck                               0x08003d38   Section        0  myiic.o(i.IIC_NAck)
    i.IIC_Read_Byte                          0x08003d8c   Section        0  myiic.o(i.IIC_Read_Byte)
    i.IIC_Send_Byte                          0x08003e00   Section        0  myiic.o(i.IIC_Send_Byte)
    i.IIC_Start                              0x08003e74   Section        0  myiic.o(i.IIC_Start)
    i.IIC_Stop                               0x08003ec8   Section        0  myiic.o(i.IIC_Stop)
    i.IIC_Wait_Ack                           0x08003f20   Section        0  myiic.o(i.IIC_Wait_Ack)
    i.IO_Update                              0x08003f8c   Section        0  ad9959.o(i.IO_Update)
    i.Init_AD9959                            0x08003fc4   Section        0  ad9959.o(i.Init_AD9959)
    i.IntReset                               0x08004020   Section        0  ad9959.o(i.IntReset)
    i.Intserve                               0x08004058   Section        0  ad9959.o(i.Intserve)
    i.MX_GPIO_Init                           0x08004098   Section        0  gpio.o(i.MX_GPIO_Init)
    i.MX_UART4_Init                          0x08004198   Section        0  usart.o(i.MX_UART4_Init)
    i.MemManage_Handler                      0x08004200   Section        0  stm32h7xx_it.o(i.MemManage_Handler)
    i.NMI_Handler                            0x08004202   Section        0  stm32h7xx_it.o(i.NMI_Handler)
    i.PendSV_Handler                         0x08004204   Section        0  stm32h7xx_it.o(i.PendSV_Handler)
    i.PeriphCommonClock_Config               0x08004206   Section        0  main.o(i.PeriphCommonClock_Config)
    i.RCCEx_PLL2_Config                      0x08004248   Section        0  stm32h7xx_hal_rcc_ex.o(i.RCCEx_PLL2_Config)
    RCCEx_PLL2_Config                        0x08004249   Thumb Code   300  stm32h7xx_hal_rcc_ex.o(i.RCCEx_PLL2_Config)
    i.RCCEx_PLL3_Config                      0x08004388   Section        0  stm32h7xx_hal_rcc_ex.o(i.RCCEx_PLL3_Config)
    RCCEx_PLL3_Config                        0x08004389   Thumb Code   300  stm32h7xx_hal_rcc_ex.o(i.RCCEx_PLL3_Config)
    i.SVC_Handler                            0x080044c8   Section        0  stm32h7xx_it.o(i.SVC_Handler)
    i.SysTick_Handler                        0x080044ca   Section        0  stm32h7xx_it.o(i.SysTick_Handler)
    i.SystemClock_Config                     0x080044d0   Section        0  main.o(i.SystemClock_Config)
    i.SystemInit                             0x08004588   Section        0  system_stm32h7xx.o(i.SystemInit)
    i.UART4_IRQHandler                       0x0800467c   Section        0  debug.o(i.UART4_IRQHandler)
    i.UARTEx_SetNbDataToProcess              0x080046cc   Section        0  stm32h7xx_hal_uart_ex.o(i.UARTEx_SetNbDataToProcess)
    UARTEx_SetNbDataToProcess                0x080046cd   Thumb Code    86  stm32h7xx_hal_uart_ex.o(i.UARTEx_SetNbDataToProcess)
    i.UART_AdvFeatureConfig                  0x08004728   Section        0  stm32h7xx_hal_uart.o(i.UART_AdvFeatureConfig)
    i.UART_CheckIdleState                    0x08004800   Section        0  stm32h7xx_hal_uart.o(i.UART_CheckIdleState)
    i.UART_DMAAbortOnError                   0x080048ba   Section        0  stm32h7xx_hal_uart.o(i.UART_DMAAbortOnError)
    UART_DMAAbortOnError                     0x080048bb   Thumb Code    20  stm32h7xx_hal_uart.o(i.UART_DMAAbortOnError)
    i.UART_EndRxTransfer                     0x080048ce   Section        0  stm32h7xx_hal_uart.o(i.UART_EndRxTransfer)
    UART_EndRxTransfer                       0x080048cf   Thumb Code    80  stm32h7xx_hal_uart.o(i.UART_EndRxTransfer)
    i.UART_EndTransmit_IT                    0x0800491e   Section        0  stm32h7xx_hal_uart.o(i.UART_EndTransmit_IT)
    UART_EndTransmit_IT                      0x0800491f   Thumb Code    36  stm32h7xx_hal_uart.o(i.UART_EndTransmit_IT)
    i.UART_RxISR_16BIT                       0x08004942   Section        0  stm32h7xx_hal_uart.o(i.UART_RxISR_16BIT)
    UART_RxISR_16BIT                         0x08004943   Thumb Code   210  stm32h7xx_hal_uart.o(i.UART_RxISR_16BIT)
    i.UART_RxISR_16BIT_FIFOEN                0x08004a14   Section        0  stm32h7xx_hal_uart.o(i.UART_RxISR_16BIT_FIFOEN)
    UART_RxISR_16BIT_FIFOEN                  0x08004a15   Thumb Code   434  stm32h7xx_hal_uart.o(i.UART_RxISR_16BIT_FIFOEN)
    i.UART_RxISR_8BIT                        0x08004bcc   Section        0  stm32h7xx_hal_uart.o(i.UART_RxISR_8BIT)
    UART_RxISR_8BIT                          0x08004bcd   Thumb Code   210  stm32h7xx_hal_uart.o(i.UART_RxISR_8BIT)
    i.UART_RxISR_8BIT_FIFOEN                 0x08004ca0   Section        0  stm32h7xx_hal_uart.o(i.UART_RxISR_8BIT_FIFOEN)
    UART_RxISR_8BIT_FIFOEN                   0x08004ca1   Thumb Code   434  stm32h7xx_hal_uart.o(i.UART_RxISR_8BIT_FIFOEN)
    i.UART_SetConfig                         0x08004e58   Section        0  stm32h7xx_hal_uart.o(i.UART_SetConfig)
    i.UART_Start_Receive_IT                  0x0800531c   Section        0  stm32h7xx_hal_uart.o(i.UART_Start_Receive_IT)
    i.UART_WaitOnFlagUntilTimeout            0x0800544c   Section        0  stm32h7xx_hal_uart.o(i.UART_WaitOnFlagUntilTimeout)
    i.UsageFault_Handler                     0x080054f8   Section        0  stm32h7xx_it.o(i.UsageFault_Handler)
    i.WriteData_AD9959                       0x080054fc   Section        0  ad9959.o(i.WriteData_AD9959)
    i.Write_Amplitude                        0x080055c0   Section        0  ad9959.o(i.Write_Amplitude)
    i.Write_Phase                            0x0800561c   Section        0  ad9959.o(i.Write_Phase)
    i.Write_frequence                        0x08005690   Section        0  ad9959.o(i.Write_frequence)
    i.__scatterload_copy                     0x08005718   Section       14  handlers.o(i.__scatterload_copy)
    i.__scatterload_null                     0x08005726   Section        2  handlers.o(i.__scatterload_null)
    i.__scatterload_zeroinit                 0x08005728   Section       14  handlers.o(i.__scatterload_zeroinit)
    i.delay1                                 0x08005736   Section        0  ad9959.o(i.delay1)
    i.delay_init                             0x08005744   Section        0  delay.o(i.delay_init)
    i.delay_ms                               0x08005758   Section        0  delay.o(i.delay_ms)
    i.delay_us                               0x08005774   Section        0  delay.o(i.delay_us)
    i.main                                   0x080057a8   Section        0  main.o(i.main)
    i.reply_er                               0x08005894   Section        0  debug.o(i.reply_er)
    .constdata                               0x080058bc   Section       16  ch455.o(.constdata)
    .constdata                               0x080058cc   Section       24  stm32h7xx_hal_uart.o(.constdata)
    .constdata                               0x080058e4   Section       16  stm32h7xx_hal_uart_ex.o(.constdata)
    numerator                                0x080058e4   Data           8  stm32h7xx_hal_uart_ex.o(.constdata)
    denominator                              0x080058ec   Data           8  stm32h7xx_hal_uart_ex.o(.constdata)
    .constdata                               0x080058f4   Section       16  system_stm32h7xx.o(.constdata)
    .data                                    0x24000000   Section       12  debug.o(.data)
    s_usart_tmp                              0x24000001   Data           1  debug.o(.data)
    device_er                                0x24000002   Data           2  debug.o(.data)
    .data                                    0x2400000c   Section        2  ch455.o(.data)
    .data                                    0x2400000e   Section        1  ch455.o(.data)
    .data                                    0x2400000f   Section        6  ch455.o(.data)
    .data                                    0x24000015   Section       11  ad9959.o(.data)
    .data                                    0x24000020   Section        4  delay.o(.data)
    fac_us                                   0x24000020   Data           4  delay.o(.data)
    .data                                    0x24000024   Section       16  main.o(.data)
    .data                                    0x24000034   Section       12  stm32h7xx_hal.o(.data)
    .data                                    0x24000040   Section        8  system_stm32h7xx.o(.data)
    .bss                                     0x24000048   Section     1500  debug.o(.bss)
    .bss                                     0x24000624   Section      320  adc.o(.bss)
    .bss                                     0x24000764   Section      148  usart.o(.bss)
    STACK                                    0x240007f8   Section     4096  startup_stm32h750xx.o(STACK)

    Global Symbols

    Symbol Name                              Value     Ov Type        Size  Object(Section)

    BuildAttributes$$THM_ISAv4$E$P$D$K$B$S$7EM$VFPv5_D16$PE$PLD8$A:L22UL41UL21$X:L11$S22US41US21$IEEE1$IW$USESV6$~STKCKD$USESV7$~SHL$OTIME$ROPI$IEEEX$EBA8$MICROLIB$REQ8$PRES8$EABIv2 0x00000000   Number         0  anon$$obj.o ABSOLUTE
    __ARM_use_no_argv                        0x00000000   Number         0  main.o ABSOLUTE
    __arm_fini_                               - Undefined Weak Reference
    __cpp_initialize__aeabi_                  - Undefined Weak Reference
    __cxa_finalize                            - Undefined Weak Reference
    __decompress                              - Undefined Weak Reference
    _clock_init                               - Undefined Weak Reference
    _microlib_exit                            - Undefined Weak Reference
    __Vectors_Size                           0x00000298   Number         0  startup_stm32h750xx.o ABSOLUTE
    __Vectors                                0x08000000   Data           4  startup_stm32h750xx.o(RESET)
    __Vectors_End                            0x08000298   Data           0  startup_stm32h750xx.o(RESET)
    __main                                   0x08000299   Thumb Code     0  entry.o(.ARM.Collect$$$$00000000)
    _main_stk                                0x08000299   Thumb Code     0  entry2.o(.ARM.Collect$$$$00000001)
    _main_scatterload                        0x0800029d   Thumb Code     0  entry5.o(.ARM.Collect$$$$00000004)
    __main_after_scatterload                 0x080002a1   Thumb Code     0  entry5.o(.ARM.Collect$$$$00000004)
    _main_clock                              0x080002a1   Thumb Code     0  entry7b.o(.ARM.Collect$$$$00000008)
    _main_cpp_init                           0x080002a1   Thumb Code     0  entry8b.o(.ARM.Collect$$$$0000000A)
    _main_init                               0x080002a1   Thumb Code     0  entry9a.o(.ARM.Collect$$$$0000000B)
    __rt_lib_shutdown_fini                   0x080002a9   Thumb Code     0  entry12b.o(.ARM.Collect$$$$0000000E)
    __rt_final_cpp                           0x080002ad   Thumb Code     0  entry10a.o(.ARM.Collect$$$$0000000F)
    __rt_final_exit                          0x080002ad   Thumb Code     0  entry11a.o(.ARM.Collect$$$$00000011)
    Reset_Handler                            0x080002b1   Thumb Code     8  startup_stm32h750xx.o(.text)
    ADC3_IRQHandler                          0x080002cb   Thumb Code     0  startup_stm32h750xx.o(.text)
    ADC_IRQHandler                           0x080002cb   Thumb Code     0  startup_stm32h750xx.o(.text)
    BDMA_Channel0_IRQHandler                 0x080002cb   Thumb Code     0  startup_stm32h750xx.o(.text)
    BDMA_Channel1_IRQHandler                 0x080002cb   Thumb Code     0  startup_stm32h750xx.o(.text)
    BDMA_Channel2_IRQHandler                 0x080002cb   Thumb Code     0  startup_stm32h750xx.o(.text)
    BDMA_Channel3_IRQHandler                 0x080002cb   Thumb Code     0  startup_stm32h750xx.o(.text)
    BDMA_Channel4_IRQHandler                 0x080002cb   Thumb Code     0  startup_stm32h750xx.o(.text)
    BDMA_Channel5_IRQHandler                 0x080002cb   Thumb Code     0  startup_stm32h750xx.o(.text)
    BDMA_Channel6_IRQHandler                 0x080002cb   Thumb Code     0  startup_stm32h750xx.o(.text)
    BDMA_Channel7_IRQHandler                 0x080002cb   Thumb Code     0  startup_stm32h750xx.o(.text)
    CEC_IRQHandler                           0x080002cb   Thumb Code     0  startup_stm32h750xx.o(.text)
    COMP1_IRQHandler                         0x080002cb   Thumb Code     0  startup_stm32h750xx.o(.text)
    CRS_IRQHandler                           0x080002cb   Thumb Code     0  startup_stm32h750xx.o(.text)
    CRYP_IRQHandler                          0x080002cb   Thumb Code     0  startup_stm32h750xx.o(.text)
    DCMI_IRQHandler                          0x080002cb   Thumb Code     0  startup_stm32h750xx.o(.text)
    DFSDM1_FLT0_IRQHandler                   0x080002cb   Thumb Code     0  startup_stm32h750xx.o(.text)
    DFSDM1_FLT1_IRQHandler                   0x080002cb   Thumb Code     0  startup_stm32h750xx.o(.text)
    DFSDM1_FLT2_IRQHandler                   0x080002cb   Thumb Code     0  startup_stm32h750xx.o(.text)
    DFSDM1_FLT3_IRQHandler                   0x080002cb   Thumb Code     0  startup_stm32h750xx.o(.text)
    DMA1_Stream1_IRQHandler                  0x080002cb   Thumb Code     0  startup_stm32h750xx.o(.text)
    DMA1_Stream2_IRQHandler                  0x080002cb   Thumb Code     0  startup_stm32h750xx.o(.text)
    DMA1_Stream3_IRQHandler                  0x080002cb   Thumb Code     0  startup_stm32h750xx.o(.text)
    DMA1_Stream4_IRQHandler                  0x080002cb   Thumb Code     0  startup_stm32h750xx.o(.text)
    DMA1_Stream5_IRQHandler                  0x080002cb   Thumb Code     0  startup_stm32h750xx.o(.text)
    DMA1_Stream6_IRQHandler                  0x080002cb   Thumb Code     0  startup_stm32h750xx.o(.text)
    DMA1_Stream7_IRQHandler                  0x080002cb   Thumb Code     0  startup_stm32h750xx.o(.text)
    DMA2D_IRQHandler                         0x080002cb   Thumb Code     0  startup_stm32h750xx.o(.text)
    DMA2_Stream0_IRQHandler                  0x080002cb   Thumb Code     0  startup_stm32h750xx.o(.text)
    DMA2_Stream1_IRQHandler                  0x080002cb   Thumb Code     0  startup_stm32h750xx.o(.text)
    DMA2_Stream2_IRQHandler                  0x080002cb   Thumb Code     0  startup_stm32h750xx.o(.text)
    DMA2_Stream3_IRQHandler                  0x080002cb   Thumb Code     0  startup_stm32h750xx.o(.text)
    DMA2_Stream4_IRQHandler                  0x080002cb   Thumb Code     0  startup_stm32h750xx.o(.text)
    DMA2_Stream5_IRQHandler                  0x080002cb   Thumb Code     0  startup_stm32h750xx.o(.text)
    DMA2_Stream6_IRQHandler                  0x080002cb   Thumb Code     0  startup_stm32h750xx.o(.text)
    DMA2_Stream7_IRQHandler                  0x080002cb   Thumb Code     0  startup_stm32h750xx.o(.text)
    DMAMUX1_OVR_IRQHandler                   0x080002cb   Thumb Code     0  startup_stm32h750xx.o(.text)
    DMAMUX2_OVR_IRQHandler                   0x080002cb   Thumb Code     0  startup_stm32h750xx.o(.text)
    ECC_IRQHandler                           0x080002cb   Thumb Code     0  startup_stm32h750xx.o(.text)
    ETH_IRQHandler                           0x080002cb   Thumb Code     0  startup_stm32h750xx.o(.text)
    ETH_WKUP_IRQHandler                      0x080002cb   Thumb Code     0  startup_stm32h750xx.o(.text)
    EXTI0_IRQHandler                         0x080002cb   Thumb Code     0  startup_stm32h750xx.o(.text)
    EXTI1_IRQHandler                         0x080002cb   Thumb Code     0  startup_stm32h750xx.o(.text)
    EXTI2_IRQHandler                         0x080002cb   Thumb Code     0  startup_stm32h750xx.o(.text)
    EXTI4_IRQHandler                         0x080002cb   Thumb Code     0  startup_stm32h750xx.o(.text)
    EXTI9_5_IRQHandler                       0x080002cb   Thumb Code     0  startup_stm32h750xx.o(.text)
    FDCAN1_IT0_IRQHandler                    0x080002cb   Thumb Code     0  startup_stm32h750xx.o(.text)
    FDCAN1_IT1_IRQHandler                    0x080002cb   Thumb Code     0  startup_stm32h750xx.o(.text)
    FDCAN2_IT0_IRQHandler                    0x080002cb   Thumb Code     0  startup_stm32h750xx.o(.text)
    FDCAN2_IT1_IRQHandler                    0x080002cb   Thumb Code     0  startup_stm32h750xx.o(.text)
    FDCAN_CAL_IRQHandler                     0x080002cb   Thumb Code     0  startup_stm32h750xx.o(.text)
    FLASH_IRQHandler                         0x080002cb   Thumb Code     0  startup_stm32h750xx.o(.text)
    FMC_IRQHandler                           0x080002cb   Thumb Code     0  startup_stm32h750xx.o(.text)
    FPU_IRQHandler                           0x080002cb   Thumb Code     0  startup_stm32h750xx.o(.text)
    HASH_RNG_IRQHandler                      0x080002cb   Thumb Code     0  startup_stm32h750xx.o(.text)
    HRTIM1_FLT_IRQHandler                    0x080002cb   Thumb Code     0  startup_stm32h750xx.o(.text)
    HRTIM1_Master_IRQHandler                 0x080002cb   Thumb Code     0  startup_stm32h750xx.o(.text)
    HRTIM1_TIMA_IRQHandler                   0x080002cb   Thumb Code     0  startup_stm32h750xx.o(.text)
    HRTIM1_TIMB_IRQHandler                   0x080002cb   Thumb Code     0  startup_stm32h750xx.o(.text)
    HRTIM1_TIMC_IRQHandler                   0x080002cb   Thumb Code     0  startup_stm32h750xx.o(.text)
    HRTIM1_TIMD_IRQHandler                   0x080002cb   Thumb Code     0  startup_stm32h750xx.o(.text)
    HRTIM1_TIME_IRQHandler                   0x080002cb   Thumb Code     0  startup_stm32h750xx.o(.text)
    HSEM1_IRQHandler                         0x080002cb   Thumb Code     0  startup_stm32h750xx.o(.text)
    I2C1_ER_IRQHandler                       0x080002cb   Thumb Code     0  startup_stm32h750xx.o(.text)
    I2C1_EV_IRQHandler                       0x080002cb   Thumb Code     0  startup_stm32h750xx.o(.text)
    I2C2_ER_IRQHandler                       0x080002cb   Thumb Code     0  startup_stm32h750xx.o(.text)
    I2C2_EV_IRQHandler                       0x080002cb   Thumb Code     0  startup_stm32h750xx.o(.text)
    I2C3_ER_IRQHandler                       0x080002cb   Thumb Code     0  startup_stm32h750xx.o(.text)
    I2C3_EV_IRQHandler                       0x080002cb   Thumb Code     0  startup_stm32h750xx.o(.text)
    I2C4_ER_IRQHandler                       0x080002cb   Thumb Code     0  startup_stm32h750xx.o(.text)
    I2C4_EV_IRQHandler                       0x080002cb   Thumb Code     0  startup_stm32h750xx.o(.text)
    JPEG_IRQHandler                          0x080002cb   Thumb Code     0  startup_stm32h750xx.o(.text)
    LPTIM1_IRQHandler                        0x080002cb   Thumb Code     0  startup_stm32h750xx.o(.text)
    LPTIM2_IRQHandler                        0x080002cb   Thumb Code     0  startup_stm32h750xx.o(.text)
    LPTIM3_IRQHandler                        0x080002cb   Thumb Code     0  startup_stm32h750xx.o(.text)
    LPTIM4_IRQHandler                        0x080002cb   Thumb Code     0  startup_stm32h750xx.o(.text)
    LPTIM5_IRQHandler                        0x080002cb   Thumb Code     0  startup_stm32h750xx.o(.text)
    LPUART1_IRQHandler                       0x080002cb   Thumb Code     0  startup_stm32h750xx.o(.text)
    LTDC_ER_IRQHandler                       0x080002cb   Thumb Code     0  startup_stm32h750xx.o(.text)
    LTDC_IRQHandler                          0x080002cb   Thumb Code     0  startup_stm32h750xx.o(.text)
    MDIOS_IRQHandler                         0x080002cb   Thumb Code     0  startup_stm32h750xx.o(.text)
    MDIOS_WKUP_IRQHandler                    0x080002cb   Thumb Code     0  startup_stm32h750xx.o(.text)
    MDMA_IRQHandler                          0x080002cb   Thumb Code     0  startup_stm32h750xx.o(.text)
    OTG_FS_EP1_IN_IRQHandler                 0x080002cb   Thumb Code     0  startup_stm32h750xx.o(.text)
    OTG_FS_EP1_OUT_IRQHandler                0x080002cb   Thumb Code     0  startup_stm32h750xx.o(.text)
    OTG_FS_IRQHandler                        0x080002cb   Thumb Code     0  startup_stm32h750xx.o(.text)
    OTG_FS_WKUP_IRQHandler                   0x080002cb   Thumb Code     0  startup_stm32h750xx.o(.text)
    OTG_HS_EP1_IN_IRQHandler                 0x080002cb   Thumb Code     0  startup_stm32h750xx.o(.text)
    OTG_HS_EP1_OUT_IRQHandler                0x080002cb   Thumb Code     0  startup_stm32h750xx.o(.text)
    OTG_HS_IRQHandler                        0x080002cb   Thumb Code     0  startup_stm32h750xx.o(.text)
    OTG_HS_WKUP_IRQHandler                   0x080002cb   Thumb Code     0  startup_stm32h750xx.o(.text)
    PVD_AVD_IRQHandler                       0x080002cb   Thumb Code     0  startup_stm32h750xx.o(.text)
    QUADSPI_IRQHandler                       0x080002cb   Thumb Code     0  startup_stm32h750xx.o(.text)
    RCC_IRQHandler                           0x080002cb   Thumb Code     0  startup_stm32h750xx.o(.text)
    RTC_Alarm_IRQHandler                     0x080002cb   Thumb Code     0  startup_stm32h750xx.o(.text)
    RTC_WKUP_IRQHandler                      0x080002cb   Thumb Code     0  startup_stm32h750xx.o(.text)
    SAI1_IRQHandler                          0x080002cb   Thumb Code     0  startup_stm32h750xx.o(.text)
    SAI2_IRQHandler                          0x080002cb   Thumb Code     0  startup_stm32h750xx.o(.text)
    SAI3_IRQHandler                          0x080002cb   Thumb Code     0  startup_stm32h750xx.o(.text)
    SAI4_IRQHandler                          0x080002cb   Thumb Code     0  startup_stm32h750xx.o(.text)
    SDMMC1_IRQHandler                        0x080002cb   Thumb Code     0  startup_stm32h750xx.o(.text)
    SDMMC2_IRQHandler                        0x080002cb   Thumb Code     0  startup_stm32h750xx.o(.text)
    SPDIF_RX_IRQHandler                      0x080002cb   Thumb Code     0  startup_stm32h750xx.o(.text)
    SPI1_IRQHandler                          0x080002cb   Thumb Code     0  startup_stm32h750xx.o(.text)
    SPI2_IRQHandler                          0x080002cb   Thumb Code     0  startup_stm32h750xx.o(.text)
    SPI3_IRQHandler                          0x080002cb   Thumb Code     0  startup_stm32h750xx.o(.text)
    SPI4_IRQHandler                          0x080002cb   Thumb Code     0  startup_stm32h750xx.o(.text)
    SPI5_IRQHandler                          0x080002cb   Thumb Code     0  startup_stm32h750xx.o(.text)
    SPI6_IRQHandler                          0x080002cb   Thumb Code     0  startup_stm32h750xx.o(.text)
    SWPMI1_IRQHandler                        0x080002cb   Thumb Code     0  startup_stm32h750xx.o(.text)
    TAMP_STAMP_IRQHandler                    0x080002cb   Thumb Code     0  startup_stm32h750xx.o(.text)
    TIM15_IRQHandler                         0x080002cb   Thumb Code     0  startup_stm32h750xx.o(.text)
    TIM16_IRQHandler                         0x080002cb   Thumb Code     0  startup_stm32h750xx.o(.text)
    TIM17_IRQHandler                         0x080002cb   Thumb Code     0  startup_stm32h750xx.o(.text)
    TIM1_BRK_IRQHandler                      0x080002cb   Thumb Code     0  startup_stm32h750xx.o(.text)
    TIM1_CC_IRQHandler                       0x080002cb   Thumb Code     0  startup_stm32h750xx.o(.text)
    TIM1_TRG_COM_IRQHandler                  0x080002cb   Thumb Code     0  startup_stm32h750xx.o(.text)
    TIM1_UP_IRQHandler                       0x080002cb   Thumb Code     0  startup_stm32h750xx.o(.text)
    TIM2_IRQHandler                          0x080002cb   Thumb Code     0  startup_stm32h750xx.o(.text)
    TIM3_IRQHandler                          0x080002cb   Thumb Code     0  startup_stm32h750xx.o(.text)
    TIM4_IRQHandler                          0x080002cb   Thumb Code     0  startup_stm32h750xx.o(.text)
    TIM5_IRQHandler                          0x080002cb   Thumb Code     0  startup_stm32h750xx.o(.text)
    TIM6_DAC_IRQHandler                      0x080002cb   Thumb Code     0  startup_stm32h750xx.o(.text)
    TIM7_IRQHandler                          0x080002cb   Thumb Code     0  startup_stm32h750xx.o(.text)
    TIM8_BRK_TIM12_IRQHandler                0x080002cb   Thumb Code     0  startup_stm32h750xx.o(.text)
    TIM8_CC_IRQHandler                       0x080002cb   Thumb Code     0  startup_stm32h750xx.o(.text)
    TIM8_TRG_COM_TIM14_IRQHandler            0x080002cb   Thumb Code     0  startup_stm32h750xx.o(.text)
    TIM8_UP_TIM13_IRQHandler                 0x080002cb   Thumb Code     0  startup_stm32h750xx.o(.text)
    UART5_IRQHandler                         0x080002cb   Thumb Code     0  startup_stm32h750xx.o(.text)
    UART7_IRQHandler                         0x080002cb   Thumb Code     0  startup_stm32h750xx.o(.text)
    UART8_IRQHandler                         0x080002cb   Thumb Code     0  startup_stm32h750xx.o(.text)
    USART1_IRQHandler                        0x080002cb   Thumb Code     0  startup_stm32h750xx.o(.text)
    USART2_IRQHandler                        0x080002cb   Thumb Code     0  startup_stm32h750xx.o(.text)
    USART3_IRQHandler                        0x080002cb   Thumb Code     0  startup_stm32h750xx.o(.text)
    USART6_IRQHandler                        0x080002cb   Thumb Code     0  startup_stm32h750xx.o(.text)
    WAKEUP_PIN_IRQHandler                    0x080002cb   Thumb Code     0  startup_stm32h750xx.o(.text)
    WWDG_IRQHandler                          0x080002cb   Thumb Code     0  startup_stm32h750xx.o(.text)
    __aeabi_uldivmod                         0x080002d5   Thumb Code    98  uldiv.o(.text)
    __aeabi_memset                           0x08000337   Thumb Code    14  memseta.o(.text)
    __aeabi_memset4                          0x08000337   Thumb Code     0  memseta.o(.text)
    __aeabi_memset8                          0x08000337   Thumb Code     0  memseta.o(.text)
    __aeabi_memclr                           0x08000345   Thumb Code     4  memseta.o(.text)
    __aeabi_memclr4                          0x08000345   Thumb Code     0  memseta.o(.text)
    __aeabi_memclr8                          0x08000345   Thumb Code     0  memseta.o(.text)
    _memset$wrapper                          0x08000349   Thumb Code    18  memseta.o(.text)
    __aeabi_llsl                             0x0800035b   Thumb Code    30  llshl.o(.text)
    _ll_shift_l                              0x0800035b   Thumb Code     0  llshl.o(.text)
    __aeabi_llsr                             0x08000379   Thumb Code    32  llushr.o(.text)
    _ll_ushift_r                             0x08000379   Thumb Code     0  llushr.o(.text)
    __scatterload                            0x08000399   Thumb Code    28  init.o(.text)
    __scatterload_rt2                        0x08000399   Thumb Code     0  init.o(.text)
    AD9959_SetAmp4Channel                    0x080003bd   Thumb Code    44  ad9959.o(i.AD9959_SetAmp4Channel)
    AD9959_SetFrequency4Channel              0x080003e9   Thumb Code    44  ad9959.o(i.AD9959_SetFrequency4Channel)
    AD9959_SetPhase4Channel                  0x08000415   Thumb Code    44  ad9959.o(i.AD9959_SetPhase4Channel)
    BusFault_Handler                         0x08000441   Thumb Code     2  stm32h7xx_it.o(i.BusFault_Handler)
    CH450_Write                              0x08000443   Thumb Code    46  ch455.o(i.CH450_Write)
    CH450_buf_index                          0x08000471   Thumb Code    20  ch455.o(i.CH450_buf_index)
    CH450_buf_write                          0x08000489   Thumb Code    22  ch455.o(i.CH450_buf_write)
    CH455_Display                            0x080004a5   Thumb Code    54  ch455.o(i.CH455_Display)
    CH455_Key_Read                           0x080004e1   Thumb Code   130  ch455.o(i.CH455_Key_Read)
    CH455_init                               0x08000563   Thumb Code    64  ch455.o(i.CH455_init)
    DMA1_Stream0_IRQHandler                  0x080005a5   Thumb Code     6  stm32h7xx_it.o(i.DMA1_Stream0_IRQHandler)
    DebugMon_Handler                         0x080005b1   Thumb Code     2  stm32h7xx_it.o(i.DebugMon_Handler)
    EXTI15_10_IRQHandler                     0x080005b3   Thumb Code    22  stm32h7xx_it.o(i.EXTI15_10_IRQHandler)
    EXTI3_IRQHandler                         0x080005c9   Thumb Code     6  stm32h7xx_it.o(i.EXTI3_IRQHandler)
    Error_Handler                            0x080005cf   Thumb Code     4  main.o(i.Error_Handler)
    HAL_DMA_Abort                            0x080005d5   Thumb Code   774  stm32h7xx_hal_dma.o(i.HAL_DMA_Abort)
    HAL_DMA_Abort_IT                         0x0800093d   Thumb Code   576  stm32h7xx_hal_dma.o(i.HAL_DMA_Abort_IT)
    HAL_DMA_IRQHandler                       0x08000bdd   Thumb Code  1836  stm32h7xx_hal_dma.o(i.HAL_DMA_IRQHandler)
    HAL_Delay                                0x0800135d   Thumb Code    34  stm32h7xx_hal.o(i.HAL_Delay)
    HAL_GPIO_EXTI_Callback                   0x08001385   Thumb Code   604  main.o(i.HAL_GPIO_EXTI_Callback)
    HAL_GPIO_EXTI_IRQHandler                 0x08001609   Thumb Code    24  stm32h7xx_hal_gpio.o(i.HAL_GPIO_EXTI_IRQHandler)
    HAL_GPIO_Init                            0x08001621   Thumb Code   492  stm32h7xx_hal_gpio.o(i.HAL_GPIO_Init)
    HAL_GPIO_ReadPin                         0x08001815   Thumb Code    14  stm32h7xx_hal_gpio.o(i.HAL_GPIO_ReadPin)
    HAL_GPIO_WritePin                        0x08001823   Thumb Code    14  stm32h7xx_hal_gpio.o(i.HAL_GPIO_WritePin)
    HAL_GetREVID                             0x08001831   Thumb Code     8  stm32h7xx_hal.o(i.HAL_GetREVID)
    HAL_GetTick                              0x0800183d   Thumb Code     6  stm32h7xx_hal.o(i.HAL_GetTick)
    HAL_IncTick                              0x08001849   Thumb Code    12  stm32h7xx_hal.o(i.HAL_IncTick)
    HAL_Init                                 0x08001859   Thumb Code    74  stm32h7xx_hal.o(i.HAL_Init)
    HAL_InitTick                             0x080018b5   Thumb Code    66  stm32h7xx_hal.o(i.HAL_InitTick)
    HAL_MspInit                              0x08001901   Thumb Code    50  stm32h7xx_hal_msp.o(i.HAL_MspInit)
    HAL_NVIC_EnableIRQ                       0x08001939   Thumb Code    28  stm32h7xx_hal_cortex.o(i.HAL_NVIC_EnableIRQ)
    HAL_NVIC_SetPriority                     0x08001955   Thumb Code   104  stm32h7xx_hal_cortex.o(i.HAL_NVIC_SetPriority)
    HAL_NVIC_SetPriorityGrouping             0x080019c1   Thumb Code    30  stm32h7xx_hal_cortex.o(i.HAL_NVIC_SetPriorityGrouping)
    HAL_PWREx_ConfigSupply                   0x080019e5   Thumb Code    86  stm32h7xx_hal_pwr_ex.o(i.HAL_PWREx_ConfigSupply)
    HAL_RCCEx_GetD3PCLK1Freq                 0x08001a45   Thumb Code    26  stm32h7xx_hal_rcc_ex.o(i.HAL_RCCEx_GetD3PCLK1Freq)
    HAL_RCCEx_GetPLL2ClockFreq               0x08001a69   Thumb Code   424  stm32h7xx_hal_rcc_ex.o(i.HAL_RCCEx_GetPLL2ClockFreq)
    HAL_RCCEx_GetPLL3ClockFreq               0x08001c39   Thumb Code   424  stm32h7xx_hal_rcc_ex.o(i.HAL_RCCEx_GetPLL3ClockFreq)
    HAL_RCCEx_PeriphCLKConfig                0x08001e09   Thumb Code  2722  stm32h7xx_hal_rcc_ex.o(i.HAL_RCCEx_PeriphCLKConfig)
    HAL_RCC_ClockConfig                      0x080028b1   Thumb Code   658  stm32h7xx_hal_rcc.o(i.HAL_RCC_ClockConfig)
    HAL_RCC_GetHCLKFreq                      0x08002b6d   Thumb Code    56  stm32h7xx_hal_rcc.o(i.HAL_RCC_GetHCLKFreq)
    HAL_RCC_GetPCLK1Freq                     0x08002bb5   Thumb Code    30  stm32h7xx_hal_rcc.o(i.HAL_RCC_GetPCLK1Freq)
    HAL_RCC_GetPCLK2Freq                     0x08002bdd   Thumb Code    30  stm32h7xx_hal_rcc.o(i.HAL_RCC_GetPCLK2Freq)
    HAL_RCC_GetSysClockFreq                  0x08002c05   Thumb Code   428  stm32h7xx_hal_rcc.o(i.HAL_RCC_GetSysClockFreq)
    HAL_RCC_OscConfig                        0x08002de1   Thumb Code  1840  stm32h7xx_hal_rcc.o(i.HAL_RCC_OscConfig)
    HAL_SYSCFG_DisableVREFBUF                0x0800351d   Thumb Code    12  stm32h7xx_hal.o(i.HAL_SYSCFG_DisableVREFBUF)
    HAL_SYSCFG_VREFBUF_HighImpedanceConfig   0x0800352d   Thumb Code    14  stm32h7xx_hal.o(i.HAL_SYSCFG_VREFBUF_HighImpedanceConfig)
    HAL_SYSTICK_CLKSourceConfig              0x08003541   Thumb Code    28  stm32h7xx_hal_cortex.o(i.HAL_SYSTICK_CLKSourceConfig)
    HAL_SYSTICK_Config                       0x0800355d   Thumb Code    36  stm32h7xx_hal_cortex.o(i.HAL_SYSTICK_Config)
    HAL_UARTEx_DisableFifoMode               0x08003585   Thumb Code    62  stm32h7xx_hal_uart_ex.o(i.HAL_UARTEx_DisableFifoMode)
    HAL_UARTEx_RxEventCallback               0x080035c3   Thumb Code     2  stm32h7xx_hal_uart.o(i.HAL_UARTEx_RxEventCallback)
    HAL_UARTEx_RxFifoFullCallback            0x080035c5   Thumb Code     2  stm32h7xx_hal_uart_ex.o(i.HAL_UARTEx_RxFifoFullCallback)
    HAL_UARTEx_SetRxFifoThreshold            0x080035c7   Thumb Code    76  stm32h7xx_hal_uart_ex.o(i.HAL_UARTEx_SetRxFifoThreshold)
    HAL_UARTEx_SetTxFifoThreshold            0x08003613   Thumb Code    76  stm32h7xx_hal_uart_ex.o(i.HAL_UARTEx_SetTxFifoThreshold)
    HAL_UARTEx_TxFifoEmptyCallback           0x0800365f   Thumb Code     2  stm32h7xx_hal_uart_ex.o(i.HAL_UARTEx_TxFifoEmptyCallback)
    HAL_UARTEx_WakeupCallback                0x08003661   Thumb Code     2  stm32h7xx_hal_uart_ex.o(i.HAL_UARTEx_WakeupCallback)
    HAL_UART_ErrorCallback                   0x08003663   Thumb Code     2  stm32h7xx_hal_uart.o(i.HAL_UART_ErrorCallback)
    HAL_UART_GetState                        0x08003665   Thumb Code    12  stm32h7xx_hal_uart.o(i.HAL_UART_GetState)
    HAL_UART_IRQHandler                      0x08003671   Thumb Code   940  stm32h7xx_hal_uart.o(i.HAL_UART_IRQHandler)
    HAL_UART_Init                            0x08003a69   Thumb Code   112  stm32h7xx_hal_uart.o(i.HAL_UART_Init)
    HAL_UART_MspInit                         0x08003ad9   Thumb Code   122  usart.o(i.HAL_UART_MspInit)
    HAL_UART_Receive_IT                      0x08003b61   Thumb Code    82  stm32h7xx_hal_uart.o(i.HAL_UART_Receive_IT)
    HAL_UART_RxCpltCallback                  0x08003bb5   Thumb Code    88  debug.o(i.HAL_UART_RxCpltCallback)
    HAL_UART_Transmit                        0x08003c19   Thumb Code   198  stm32h7xx_hal_uart.o(i.HAL_UART_Transmit)
    HAL_UART_TxCpltCallback                  0x08003cdf   Thumb Code     2  stm32h7xx_hal_uart.o(i.HAL_UART_TxCpltCallback)
    HardFault_Handler                        0x08003ce1   Thumb Code     2  stm32h7xx_it.o(i.HardFault_Handler)
    IIC_Ack                                  0x08003ce5   Thumb Code    80  myiic.o(i.IIC_Ack)
    IIC_NAck                                 0x08003d39   Thumb Code    80  myiic.o(i.IIC_NAck)
    IIC_Read_Byte                            0x08003d8d   Thumb Code   112  myiic.o(i.IIC_Read_Byte)
    IIC_Send_Byte                            0x08003e01   Thumb Code   110  myiic.o(i.IIC_Send_Byte)
    IIC_Start                                0x08003e75   Thumb Code    80  myiic.o(i.IIC_Start)
    IIC_Stop                                 0x08003ec9   Thumb Code    82  myiic.o(i.IIC_Stop)
    IIC_Wait_Ack                             0x08003f21   Thumb Code   102  myiic.o(i.IIC_Wait_Ack)
    IO_Update                                0x08003f8d   Thumb Code    50  ad9959.o(i.IO_Update)
    Init_AD9959                              0x08003fc5   Thumb Code    80  ad9959.o(i.Init_AD9959)
    IntReset                                 0x08004021   Thumb Code    50  ad9959.o(i.IntReset)
    Intserve                                 0x08004059   Thumb Code    58  ad9959.o(i.Intserve)
    MX_GPIO_Init                             0x08004099   Thumb Code   240  gpio.o(i.MX_GPIO_Init)
    MX_UART4_Init                            0x08004199   Thumb Code    94  usart.o(i.MX_UART4_Init)
    MemManage_Handler                        0x08004201   Thumb Code     2  stm32h7xx_it.o(i.MemManage_Handler)
    NMI_Handler                              0x08004203   Thumb Code     2  stm32h7xx_it.o(i.NMI_Handler)
    PendSV_Handler                           0x08004205   Thumb Code     2  stm32h7xx_it.o(i.PendSV_Handler)
    PeriphCommonClock_Config                 0x08004207   Thumb Code    66  main.o(i.PeriphCommonClock_Config)
    SVC_Handler                              0x080044c9   Thumb Code     2  stm32h7xx_it.o(i.SVC_Handler)
    SysTick_Handler                          0x080044cb   Thumb Code     4  stm32h7xx_it.o(i.SysTick_Handler)
    SystemClock_Config                       0x080044d1   Thumb Code   170  main.o(i.SystemClock_Config)
    SystemInit                               0x08004589   Thumb Code   182  system_stm32h7xx.o(i.SystemInit)
    UART4_IRQHandler                         0x0800467d   Thumb Code    72  debug.o(i.UART4_IRQHandler)
    UART_AdvFeatureConfig                    0x08004729   Thumb Code   216  stm32h7xx_hal_uart.o(i.UART_AdvFeatureConfig)
    UART_CheckIdleState                      0x08004801   Thumb Code   186  stm32h7xx_hal_uart.o(i.UART_CheckIdleState)
    UART_SetConfig                           0x08004e59   Thumb Code  1218  stm32h7xx_hal_uart.o(i.UART_SetConfig)
    UART_Start_Receive_IT                    0x0800531d   Thumb Code   286  stm32h7xx_hal_uart.o(i.UART_Start_Receive_IT)
    UART_WaitOnFlagUntilTimeout              0x0800544d   Thumb Code   172  stm32h7xx_hal_uart.o(i.UART_WaitOnFlagUntilTimeout)
    UsageFault_Handler                       0x080054f9   Thumb Code     2  stm32h7xx_it.o(i.UsageFault_Handler)
    WriteData_AD9959                         0x080054fd   Thumb Code   190  ad9959.o(i.WriteData_AD9959)
    Write_Amplitude                          0x080055c1   Thumb Code    86  ad9959.o(i.Write_Amplitude)
    Write_Phase                              0x0800561d   Thumb Code   104  ad9959.o(i.Write_Phase)
    Write_frequence                          0x08005691   Thumb Code   122  ad9959.o(i.Write_frequence)
    __scatterload_copy                       0x08005719   Thumb Code    14  handlers.o(i.__scatterload_copy)
    __scatterload_null                       0x08005727   Thumb Code     2  handlers.o(i.__scatterload_null)
    __scatterload_zeroinit                   0x08005729   Thumb Code    14  handlers.o(i.__scatterload_zeroinit)
    delay1                                   0x08005737   Thumb Code    12  ad9959.o(i.delay1)
    delay_init                               0x08005745   Thumb Code    16  delay.o(i.delay_init)
    delay_ms                                 0x08005759   Thumb Code    26  delay.o(i.delay_ms)
    delay_us                                 0x08005775   Thumb Code    48  delay.o(i.delay_us)
    main                                     0x080057a9   Thumb Code   210  main.o(i.main)
    reply_er                                 0x08005895   Thumb Code    34  debug.o(i.reply_er)
    BCD_decode_tab                           0x080058bc   Data          16  ch455.o(.constdata)
    UARTPrescTable                           0x080058cc   Data          24  stm32h7xx_hal_uart.o(.constdata)
    D1CorePrescTable                         0x080058f4   Data          16  system_stm32h7xx.o(.constdata)
    Region$$Table$$Base                      0x08005904   Number         0  anon$$obj.o(Region$$Table)
    Region$$Table$$Limit                     0x08005924   Number         0  anon$$obj.o(Region$$Table)
    aRxBuffer                                0x24000000   Data           1  debug.o(.data)
    USART_RX_STA                             0x24000004   Data           2  debug.o(.data)
    huart_debug                              0x24000008   Data           4  debug.o(.data)
    CH455_KEY_RX_FLAG                        0x2400000c   Data           2  ch455.o(.data)
    CH455_KEY_NUM                            0x2400000e   Data           1  ch455.o(.data)
    CH450_buf                                0x2400000f   Data           6  ch455.o(.data)
    CSR_DATA0                                0x24000015   Data           1  ad9959.o(.data)
    CSR_DATA1                                0x24000016   Data           1  ad9959.o(.data)
    CSR_DATA2                                0x24000017   Data           1  ad9959.o(.data)
    CSR_DATA3                                0x24000018   Data           1  ad9959.o(.data)
    FR2_DATA                                 0x24000019   Data           2  ad9959.o(.data)
    CPOW0_DATA                               0x2400001b   Data           2  ad9959.o(.data)
    FR1_DATA                                 0x2400001d   Data           3  ad9959.o(.data)
    mode                                     0x24000024   Data           1  main.o(.data)
    vamp_L                                   0x24000026   Data           2  main.o(.data)
    vamp_step                                0x24000028   Data           2  main.o(.data)
    vamp_min                                 0x2400002a   Data           2  main.o(.data)
    vamp_A                                   0x2400002c   Data           2  main.o(.data)
    adjust                                   0x24000030   Data           4  main.o(.data)
    uwTickFreq                               0x24000034   Data           1  stm32h7xx_hal.o(.data)
    uwTickPrio                               0x24000038   Data           4  stm32h7xx_hal.o(.data)
    uwTick                                   0x2400003c   Data           4  stm32h7xx_hal.o(.data)
    SystemCoreClock                          0x24000040   Data           4  system_stm32h7xx.o(.data)
    SystemD2Clock                            0x24000044   Data           4  system_stm32h7xx.o(.data)
    USART_RX_BUF                             0x24000048   Data        1500  debug.o(.bss)
    hadc1                                    0x24000624   Data         100  adc.o(.bss)
    hadc2                                    0x24000688   Data         100  adc.o(.bss)
    hdma_adc1                                0x240006ec   Data         120  adc.o(.bss)
    huart4                                   0x24000764   Data         148  usart.o(.bss)
    __initial_sp                             0x240017f8   Data           0  startup_stm32h750xx.o(STACK)



==============================================================================

Memory Map of the image

  Image Entry point : 0x08000299

  Load Region LR_IROM1 (Base: 0x08000000, Size: 0x0000596c, Max: 0x00020000, ABSOLUTE)

    Execution Region ER_IROM1 (Exec base: 0x08000000, Load base: 0x08000000, Size: 0x00005924, Max: 0x00020000, ABSOLUTE)

    Exec Addr    Load Addr    Size         Type   Attr      Idx    E Section Name        Object

    0x08000000   0x08000000   0x00000298   Data   RO            3    RESET               startup_stm32h750xx.o
    0x08000298   0x08000298   0x00000000   Code   RO         4370  * .ARM.Collect$$$$00000000  mc_w.l(entry.o)
    0x08000298   0x08000298   0x00000004   Code   RO         4405    .ARM.Collect$$$$00000001  mc_w.l(entry2.o)
    0x0800029c   0x0800029c   0x00000004   Code   RO         4408    .ARM.Collect$$$$00000004  mc_w.l(entry5.o)
    0x080002a0   0x080002a0   0x00000000   Code   RO         4410    .ARM.Collect$$$$00000008  mc_w.l(entry7b.o)
    0x080002a0   0x080002a0   0x00000000   Code   RO         4412    .ARM.Collect$$$$0000000A  mc_w.l(entry8b.o)
    0x080002a0   0x080002a0   0x00000008   Code   RO         4413    .ARM.Collect$$$$0000000B  mc_w.l(entry9a.o)
    0x080002a8   0x080002a8   0x00000004   Code   RO         4420    .ARM.Collect$$$$0000000E  mc_w.l(entry12b.o)
    0x080002ac   0x080002ac   0x00000000   Code   RO         4415    .ARM.Collect$$$$0000000F  mc_w.l(entry10a.o)
    0x080002ac   0x080002ac   0x00000000   Code   RO         4417    .ARM.Collect$$$$00000011  mc_w.l(entry11a.o)
    0x080002ac   0x080002ac   0x00000004   Code   RO         4406    .ARM.Collect$$$$00002712  mc_w.l(entry2.o)
    0x080002b0   0x080002b0   0x00000024   Code   RO            4    .text               startup_stm32h750xx.o
    0x080002d4   0x080002d4   0x00000062   Code   RO         4373    .text               mc_w.l(uldiv.o)
    0x08000336   0x08000336   0x00000024   Code   RO         4375    .text               mc_w.l(memseta.o)
    0x0800035a   0x0800035a   0x0000001e   Code   RO         4421    .text               mc_w.l(llshl.o)
    0x08000378   0x08000378   0x00000020   Code   RO         4423    .text               mc_w.l(llushr.o)
    0x08000398   0x08000398   0x00000024   Code   RO         4443    .text               mc_w.l(init.o)
    0x080003bc   0x080003bc   0x0000002c   Code   RO          370    i.AD9959_SetAmp4Channel  ad9959.o
    0x080003e8   0x080003e8   0x0000002c   Code   RO          371    i.AD9959_SetFrequency4Channel  ad9959.o
    0x08000414   0x08000414   0x0000002c   Code   RO          372    i.AD9959_SetPhase4Channel  ad9959.o
    0x08000440   0x08000440   0x00000002   Code   RO          744    i.BusFault_Handler  stm32h7xx_it.o
    0x08000442   0x08000442   0x0000002e   Code   RO          224    i.CH450_Write       ch455.o
    0x08000470   0x08000470   0x00000018   Code   RO          225    i.CH450_buf_index   ch455.o
    0x08000488   0x08000488   0x0000001c   Code   RO          226    i.CH450_buf_write   ch455.o
    0x080004a4   0x080004a4   0x0000003c   Code   RO          229    i.CH455_Display     ch455.o
    0x080004e0   0x080004e0   0x00000082   Code   RO          230    i.CH455_Key_Read    ch455.o
    0x08000562   0x08000562   0x00000040   Code   RO          231    i.CH455_init        ch455.o
    0x080005a2   0x080005a2   0x00000002   PAD
    0x080005a4   0x080005a4   0x0000000c   Code   RO          745    i.DMA1_Stream0_IRQHandler  stm32h7xx_it.o
    0x080005b0   0x080005b0   0x00000002   Code   RO          746    i.DebugMon_Handler  stm32h7xx_it.o
    0x080005b2   0x080005b2   0x00000016   Code   RO          747    i.EXTI15_10_IRQHandler  stm32h7xx_it.o
    0x080005c8   0x080005c8   0x00000006   Code   RO          748    i.EXTI3_IRQHandler  stm32h7xx_it.o
    0x080005ce   0x080005ce   0x00000004   Code   RO          519    i.Error_Handler     main.o
    0x080005d2   0x080005d2   0x00000002   PAD
    0x080005d4   0x080005d4   0x00000368   Code   RO         1968    i.HAL_DMA_Abort     stm32h7xx_hal_dma.o
    0x0800093c   0x0800093c   0x000002a0   Code   RO         1969    i.HAL_DMA_Abort_IT  stm32h7xx_hal_dma.o
    0x08000bdc   0x08000bdc   0x00000780   Code   RO         1973    i.HAL_DMA_IRQHandler  stm32h7xx_hal_dma.o
    0x0800135c   0x0800135c   0x00000028   Code   RO         2813    i.HAL_Delay         stm32h7xx_hal.o
    0x08001384   0x08001384   0x00000284   Code   RO          520    i.HAL_GPIO_EXTI_Callback  main.o
    0x08001608   0x08001608   0x00000018   Code   RO         1815    i.HAL_GPIO_EXTI_IRQHandler  stm32h7xx_hal_gpio.o
    0x08001620   0x08001620   0x000001f4   Code   RO         1816    i.HAL_GPIO_Init     stm32h7xx_hal_gpio.o
    0x08001814   0x08001814   0x0000000e   Code   RO         1818    i.HAL_GPIO_ReadPin  stm32h7xx_hal_gpio.o
    0x08001822   0x08001822   0x0000000e   Code   RO         1820    i.HAL_GPIO_WritePin  stm32h7xx_hal_gpio.o
    0x08001830   0x08001830   0x0000000c   Code   RO         2824    i.HAL_GetREVID      stm32h7xx_hal.o
    0x0800183c   0x0800183c   0x0000000c   Code   RO         2825    i.HAL_GetTick       stm32h7xx_hal.o
    0x08001848   0x08001848   0x00000010   Code   RO         2831    i.HAL_IncTick       stm32h7xx_hal.o
    0x08001858   0x08001858   0x0000005c   Code   RO         2832    i.HAL_Init          stm32h7xx_hal.o
    0x080018b4   0x080018b4   0x0000004c   Code   RO         2833    i.HAL_InitTick      stm32h7xx_hal.o
    0x08001900   0x08001900   0x00000038   Code   RO          838    i.HAL_MspInit       stm32h7xx_hal_msp.o
    0x08001938   0x08001938   0x0000001c   Code   RO         2676    i.HAL_NVIC_EnableIRQ  stm32h7xx_hal_cortex.o
    0x08001954   0x08001954   0x0000006c   Code   RO         2682    i.HAL_NVIC_SetPriority  stm32h7xx_hal_cortex.o
    0x080019c0   0x080019c0   0x00000024   Code   RO         2683    i.HAL_NVIC_SetPriorityGrouping  stm32h7xx_hal_cortex.o
    0x080019e4   0x080019e4   0x00000060   Code   RO         2417    i.HAL_PWREx_ConfigSupply  stm32h7xx_hal_pwr_ex.o
    0x08001a44   0x08001a44   0x00000024   Code   RO         1379    i.HAL_RCCEx_GetD3PCLK1Freq  stm32h7xx_hal_rcc_ex.o
    0x08001a68   0x08001a68   0x000001d0   Code   RO         1381    i.HAL_RCCEx_GetPLL2ClockFreq  stm32h7xx_hal_rcc_ex.o
    0x08001c38   0x08001c38   0x000001d0   Code   RO         1382    i.HAL_RCCEx_GetPLL3ClockFreq  stm32h7xx_hal_rcc_ex.o
    0x08001e08   0x08001e08   0x00000aa8   Code   RO         1388    i.HAL_RCCEx_PeriphCLKConfig  stm32h7xx_hal_rcc_ex.o
    0x080028b0   0x080028b0   0x000002bc   Code   RO         1264    i.HAL_RCC_ClockConfig  stm32h7xx_hal_rcc.o
    0x08002b6c   0x08002b6c   0x00000048   Code   RO         1269    i.HAL_RCC_GetHCLKFreq  stm32h7xx_hal_rcc.o
    0x08002bb4   0x08002bb4   0x00000028   Code   RO         1271    i.HAL_RCC_GetPCLK1Freq  stm32h7xx_hal_rcc.o
    0x08002bdc   0x08002bdc   0x00000028   Code   RO         1272    i.HAL_RCC_GetPCLK2Freq  stm32h7xx_hal_rcc.o
    0x08002c04   0x08002c04   0x000001dc   Code   RO         1273    i.HAL_RCC_GetSysClockFreq  stm32h7xx_hal_rcc.o
    0x08002de0   0x08002de0   0x0000073c   Code   RO         1276    i.HAL_RCC_OscConfig  stm32h7xx_hal_rcc.o
    0x0800351c   0x0800351c   0x00000010   Code   RO         2843    i.HAL_SYSCFG_DisableVREFBUF  stm32h7xx_hal.o
    0x0800352c   0x0800352c   0x00000014   Code   RO         2848    i.HAL_SYSCFG_VREFBUF_HighImpedanceConfig  stm32h7xx_hal.o
    0x08003540   0x08003540   0x0000001c   Code   RO         2685    i.HAL_SYSTICK_CLKSourceConfig  stm32h7xx_hal_cortex.o
    0x0800355c   0x0800355c   0x00000028   Code   RO         2687    i.HAL_SYSTICK_Config  stm32h7xx_hal_cortex.o
    0x08003584   0x08003584   0x0000003e   Code   RO         4177    i.HAL_UARTEx_DisableFifoMode  stm32h7xx_hal_uart_ex.o
    0x080035c2   0x080035c2   0x00000002   Code   RO         3761    i.HAL_UARTEx_RxEventCallback  stm32h7xx_hal_uart.o
    0x080035c4   0x080035c4   0x00000002   Code   RO         4185    i.HAL_UARTEx_RxFifoFullCallback  stm32h7xx_hal_uart_ex.o
    0x080035c6   0x080035c6   0x0000004c   Code   RO         4186    i.HAL_UARTEx_SetRxFifoThreshold  stm32h7xx_hal_uart_ex.o
    0x08003612   0x08003612   0x0000004c   Code   RO         4187    i.HAL_UARTEx_SetTxFifoThreshold  stm32h7xx_hal_uart_ex.o
    0x0800365e   0x0800365e   0x00000002   Code   RO         4189    i.HAL_UARTEx_TxFifoEmptyCallback  stm32h7xx_hal_uart_ex.o
    0x08003660   0x08003660   0x00000002   Code   RO         4190    i.HAL_UARTEx_WakeupCallback  stm32h7xx_hal_uart_ex.o
    0x08003662   0x08003662   0x00000002   Code   RO         3777    i.HAL_UART_ErrorCallback  stm32h7xx_hal_uart.o
    0x08003664   0x08003664   0x0000000c   Code   RO         3779    i.HAL_UART_GetState  stm32h7xx_hal_uart.o
    0x08003670   0x08003670   0x000003f8   Code   RO         3780    i.HAL_UART_IRQHandler  stm32h7xx_hal_uart.o
    0x08003a68   0x08003a68   0x00000070   Code   RO         3781    i.HAL_UART_Init     stm32h7xx_hal_uart.o
    0x08003ad8   0x08003ad8   0x00000088   Code   RO          703    i.HAL_UART_MspInit  usart.o
    0x08003b60   0x08003b60   0x00000052   Code   RO         3786    i.HAL_UART_Receive_IT  stm32h7xx_hal_uart.o
    0x08003bb2   0x08003bb2   0x00000002   PAD
    0x08003bb4   0x08003bb4   0x00000064   Code   RO           13    i.HAL_UART_RxCpltCallback  debug.o
    0x08003c18   0x08003c18   0x000000c6   Code   RO         3790    i.HAL_UART_Transmit  stm32h7xx_hal_uart.o
    0x08003cde   0x08003cde   0x00000002   Code   RO         3793    i.HAL_UART_TxCpltCallback  stm32h7xx_hal_uart.o
    0x08003ce0   0x08003ce0   0x00000002   Code   RO          749    i.HardFault_Handler  stm32h7xx_it.o
    0x08003ce2   0x08003ce2   0x00000002   PAD
    0x08003ce4   0x08003ce4   0x00000054   Code   RO          304    i.IIC_Ack           myiic.o
    0x08003d38   0x08003d38   0x00000054   Code   RO          306    i.IIC_NAck          myiic.o
    0x08003d8c   0x08003d8c   0x00000074   Code   RO          307    i.IIC_Read_Byte     myiic.o
    0x08003e00   0x08003e00   0x00000074   Code   RO          308    i.IIC_Send_Byte     myiic.o
    0x08003e74   0x08003e74   0x00000054   Code   RO          309    i.IIC_Start         myiic.o
    0x08003ec8   0x08003ec8   0x00000058   Code   RO          310    i.IIC_Stop          myiic.o
    0x08003f20   0x08003f20   0x0000006c   Code   RO          311    i.IIC_Wait_Ack      myiic.o
    0x08003f8c   0x08003f8c   0x00000038   Code   RO          374    i.IO_Update         ad9959.o
    0x08003fc4   0x08003fc4   0x0000005c   Code   RO          375    i.Init_AD9959       ad9959.o
    0x08004020   0x08004020   0x00000038   Code   RO          376    i.IntReset          ad9959.o
    0x08004058   0x08004058   0x00000040   Code   RO          377    i.Intserve          ad9959.o
    0x08004098   0x08004098   0x00000100   Code   RO          602    i.MX_GPIO_Init      gpio.o
    0x08004198   0x08004198   0x00000068   Code   RO          704    i.MX_UART4_Init     usart.o
    0x08004200   0x08004200   0x00000002   Code   RO          750    i.MemManage_Handler  stm32h7xx_it.o
    0x08004202   0x08004202   0x00000002   Code   RO          751    i.NMI_Handler       stm32h7xx_it.o
    0x08004204   0x08004204   0x00000002   Code   RO          752    i.PendSV_Handler    stm32h7xx_it.o
    0x08004206   0x08004206   0x00000042   Code   RO          521    i.PeriphCommonClock_Config  main.o
    0x08004248   0x08004248   0x00000140   Code   RO         1391    i.RCCEx_PLL2_Config  stm32h7xx_hal_rcc_ex.o
    0x08004388   0x08004388   0x00000140   Code   RO         1392    i.RCCEx_PLL3_Config  stm32h7xx_hal_rcc_ex.o
    0x080044c8   0x080044c8   0x00000002   Code   RO          753    i.SVC_Handler       stm32h7xx_it.o
    0x080044ca   0x080044ca   0x00000004   Code   RO          754    i.SysTick_Handler   stm32h7xx_it.o
    0x080044ce   0x080044ce   0x00000002   PAD
    0x080044d0   0x080044d0   0x000000b8   Code   RO          522    i.SystemClock_Config  main.o
    0x08004588   0x08004588   0x000000f4   Code   RO         4301    i.SystemInit        system_stm32h7xx.o
    0x0800467c   0x0800467c   0x00000050   Code   RO           14    i.UART4_IRQHandler  debug.o
    0x080046cc   0x080046cc   0x0000005c   Code   RO         4191    i.UARTEx_SetNbDataToProcess  stm32h7xx_hal_uart_ex.o
    0x08004728   0x08004728   0x000000d8   Code   RO         3795    i.UART_AdvFeatureConfig  stm32h7xx_hal_uart.o
    0x08004800   0x08004800   0x000000ba   Code   RO         3796    i.UART_CheckIdleState  stm32h7xx_hal_uart.o
    0x080048ba   0x080048ba   0x00000014   Code   RO         3797    i.UART_DMAAbortOnError  stm32h7xx_hal_uart.o
    0x080048ce   0x080048ce   0x00000050   Code   RO         3807    i.UART_EndRxTransfer  stm32h7xx_hal_uart.o
    0x0800491e   0x0800491e   0x00000024   Code   RO         3808    i.UART_EndTransmit_IT  stm32h7xx_hal_uart.o
    0x08004942   0x08004942   0x000000d2   Code   RO         3810    i.UART_RxISR_16BIT  stm32h7xx_hal_uart.o
    0x08004a14   0x08004a14   0x000001b8   Code   RO         3811    i.UART_RxISR_16BIT_FIFOEN  stm32h7xx_hal_uart.o
    0x08004bcc   0x08004bcc   0x000000d2   Code   RO         3812    i.UART_RxISR_8BIT   stm32h7xx_hal_uart.o
    0x08004c9e   0x08004c9e   0x00000002   PAD
    0x08004ca0   0x08004ca0   0x000001b8   Code   RO         3813    i.UART_RxISR_8BIT_FIFOEN  stm32h7xx_hal_uart.o
    0x08004e58   0x08004e58   0x000004c2   Code   RO         3814    i.UART_SetConfig    stm32h7xx_hal_uart.o
    0x0800531a   0x0800531a   0x00000002   PAD
    0x0800531c   0x0800531c   0x00000130   Code   RO         3816    i.UART_Start_Receive_IT  stm32h7xx_hal_uart.o
    0x0800544c   0x0800544c   0x000000ac   Code   RO         3821    i.UART_WaitOnFlagUntilTimeout  stm32h7xx_hal_uart.o
    0x080054f8   0x080054f8   0x00000002   Code   RO          755    i.UsageFault_Handler  stm32h7xx_it.o
    0x080054fa   0x080054fa   0x00000002   PAD
    0x080054fc   0x080054fc   0x000000c4   Code   RO          378    i.WriteData_AD9959  ad9959.o
    0x080055c0   0x080055c0   0x0000005c   Code   RO          379    i.Write_Amplitude   ad9959.o
    0x0800561c   0x0800561c   0x00000074   Code   RO          380    i.Write_Phase       ad9959.o
    0x08005690   0x08005690   0x00000088   Code   RO          381    i.Write_frequence   ad9959.o
    0x08005718   0x08005718   0x0000000e   Code   RO         4447    i.__scatterload_copy  mc_w.l(handlers.o)
    0x08005726   0x08005726   0x00000002   Code   RO         4448    i.__scatterload_null  mc_w.l(handlers.o)
    0x08005728   0x08005728   0x0000000e   Code   RO         4449    i.__scatterload_zeroinit  mc_w.l(handlers.o)
    0x08005736   0x08005736   0x0000000c   Code   RO          382    i.delay1            ad9959.o
    0x08005742   0x08005742   0x00000002   PAD
    0x08005744   0x08005744   0x00000014   Code   RO          481    i.delay_init        delay.o
    0x08005758   0x08005758   0x0000001a   Code   RO          482    i.delay_ms          delay.o
    0x08005772   0x08005772   0x00000002   PAD
    0x08005774   0x08005774   0x00000034   Code   RO          483    i.delay_us          delay.o
    0x080057a8   0x080057a8   0x000000ec   Code   RO          524    i.main              main.o
    0x08005894   0x08005894   0x00000028   Code   RO           16    i.reply_er          debug.o
    0x080058bc   0x080058bc   0x00000010   Data   RO          232    .constdata          ch455.o
    0x080058cc   0x080058cc   0x00000018   Data   RO         3822    .constdata          stm32h7xx_hal_uart.o
    0x080058e4   0x080058e4   0x00000010   Data   RO         4193    .constdata          stm32h7xx_hal_uart_ex.o
    0x080058f4   0x080058f4   0x00000010   Data   RO         4302    .constdata          system_stm32h7xx.o
    0x08005904   0x08005904   0x00000020   Data   RO         4445    Region$$Table       anon$$obj.o


    Execution Region RW_IRAM1 (Exec base: 0x20000000, Load base: 0x08005924, Size: 0x00000000, Max: 0x00020000, ABSOLUTE)

    **** No section assigned to this execution region ****


    Execution Region RW_IRAM2 (Exec base: 0x24000000, Load base: 0x08005924, Size: 0x000017f8, Max: 0x00080000, ABSOLUTE)

    Exec Addr    Load Addr    Size         Type   Attr      Idx    E Section Name        Object

    0x24000000   0x08005924   0x0000000c   Data   RW           18    .data               debug.o
    0x2400000c   0x08005930   0x00000002   Data   RW          233    .data               ch455.o
    0x2400000e   0x08005932   0x00000001   Data   RW          234    .data               ch455.o
    0x2400000f   0x08005933   0x00000006   Data   RW          235    .data               ch455.o
    0x24000015   0x08005939   0x0000000b   Data   RW          383    .data               ad9959.o
    0x24000020   0x08005944   0x00000004   Data   RW          484    .data               delay.o
    0x24000024   0x08005948   0x00000010   Data   RW          525    .data               main.o
    0x24000034   0x08005958   0x0000000c   Data   RW         2854    .data               stm32h7xx_hal.o
    0x24000040   0x08005964   0x00000008   Data   RW         4303    .data               system_stm32h7xx.o
    0x24000048        -       0x000005dc   Zero   RW           17    .bss                debug.o
    0x24000624        -       0x00000140   Zero   RW          630    .bss                adc.o
    0x24000764        -       0x00000094   Zero   RW          705    .bss                usart.o
    0x240007f8        -       0x00001000   Zero   RW            1    STACK               startup_stm32h750xx.o


==============================================================================

Image component sizes


      Code (inc. data)   RO Data    RW Data    ZI Data      Debug   Object Name

       952         68          0         11          0       9598   ad9959.o
         0          0          0          0        320        328   adc.o
       352         44         16          9          0       4489   ch455.o
       220         26          0         12       1500    1253398   debug.o
        98          8          0          4          0       2031   delay.o
       256         16          0          0          0       1203   gpio.o
      1134         80          0         16          0       4911   main.o
       680         34          0          0          0       4247   myiic.o
        36          8        664          0       4096        860   startup_stm32h750xx.o
       284         58          0         12          0      24893   stm32h7xx_hal.o
       240         14          0          0          0      40045   stm32h7xx_hal_cortex.o
      3464        346          0          0          0       7424   stm32h7xx_hal_dma.o
       552          8          0          0          0       3906   stm32h7xx_hal_gpio.o
        56          6          0          0          0       1038   stm32h7xx_hal_msp.o
        96         10          0          0          0        861   stm32h7xx_hal_pwr_ex.o
      3180        162          0          0          0       8764   stm32h7xx_hal_rcc.o
      4332        190          0          0          0       8485   stm32h7xx_hal_rcc_ex.o
      4958        176         24          0          0      40574   stm32h7xx_hal_uart.o
       312          6         16          0          0       5826   stm32h7xx_hal_uart_ex.o
        60          6          0          0          0       5954   stm32h7xx_it.o
       244         62         16          8          0       1530   system_stm32h7xx.o
       240         24          0          0        148       2032   usart.o

    ----------------------------------------------------------------------
     21766       1352        768         72       6064    1432397   Object Totals
         0          0         32          0          0          0   (incl. Generated)
        20          0          0          0          0          0   (incl. Padding)

    ----------------------------------------------------------------------

      Code (inc. data)   RO Data    RW Data    ZI Data      Debug   Library Member Name

         0          0          0          0          0          0   entry.o
         0          0          0          0          0          0   entry10a.o
         0          0          0          0          0          0   entry11a.o
         4          0          0          0          0          0   entry12b.o
         8          4          0          0          0          0   entry2.o
         4          0          0          0          0          0   entry5.o
         0          0          0          0          0          0   entry7b.o
         0          0          0          0          0          0   entry8b.o
         8          4          0          0          0          0   entry9a.o
        30          0          0          0          0          0   handlers.o
        36          8          0          0          0         68   init.o
        30          0          0          0          0         68   llshl.o
        32          0          0          0          0         68   llushr.o
        36          0          0          0          0        108   memseta.o
        98          0          0          0          0         92   uldiv.o

    ----------------------------------------------------------------------
       286         16          0          0          0        404   Library Totals
         0          0          0          0          0          0   (incl. Padding)

    ----------------------------------------------------------------------

      Code (inc. data)   RO Data    RW Data    ZI Data      Debug   Library Name

       286         16          0          0          0        404   mc_w.l

    ----------------------------------------------------------------------
       286         16          0          0          0        404   Library Totals

    ----------------------------------------------------------------------

==============================================================================


      Code (inc. data)   RO Data    RW Data    ZI Data      Debug   

     22052       1368        768         72       6064    1422501   Grand Totals
     22052       1368        768         72       6064    1422501   ELF Image Totals
     22052       1368        768         72          0          0   ROM Totals

==============================================================================

    Total RO  Size (Code + RO Data)                22820 (  22.29kB)
    Total RW  Size (RW Data + ZI Data)              6136 (   5.99kB)
    Total ROM Size (Code + RO Data + RW Data)      22892 (  22.36kB)

==============================================================================

