<html>
<body>
<pre>
<h1>µVision Build Log</h1>
<h2>Tool Versions:</h2>
IDE-Version: ¦ÌVision V5.35.0.0
Copyright (C) 2021 ARM Ltd and ARM Germany GmbH. All rights reserved.
License Information: Peter Dell, ShanghaiTech, LIC=LSNXV-PU4YY-II85V-PTG3C-8EHBF-V4HIL
 
Tool Versions:
Toolchain:       MDK-ARM Plus  Version: 5.35.0.2
Toolchain Path:  D:\Keil_v5\ARM\ARMCC\Bin
C Compiler:      Armcc.exe V5.06 update 7 (build 960)
Assembler:       Armasm.exe V5.06 update 7 (build 960)
Linker/Locator:  ArmLink.exe V5.06 update 7 (build 960)
Library Manager: ArmAr.exe V5.06 update 7 (build 960)
Hex Converter:   FromElf.exe V5.06 update 7 (build 960)
CPU DLL:         SARMCM3.DLL V5.35.0.2
Dialog DLL:      DCM.DLL V1.17.3.0
Target DLL:      CMSIS_AGDI.dll V1.33.0.0
Dialog DLL:      TCM.DLL V1.53.0.0
 
<h2>Project:</h2>
D:\save\Study\ShanghaiTech\Race\Github_Respository\STM32\race1\MDK-ARM\adc_dma_1000point.uvprojx
Project File Date:  07/29/2024

<h2>Output:</h2>
*** Using Compiler 'V5.06 update 7 (build 960)', folder: 'D:\Keil_v5\ARM\ARMCC\Bin'
Build target 'adc_dma_1000point'
compiling main.c...
../Core/Src/main.c(147): warning:  #1035-D: single-precision operand implicitly converted to double-precision
  					if(adjust - 0.1 > 0.2){
../Core/Src/main.c(148): warning:  #1035-D: single-precision operand implicitly converted to double-precision
  						adjust = adjust - 0.1;
../Core/Src/main.c(150): warning:  #1035-D: single-precision operand implicitly converted to double-precision
  					else if(adjust == 0.3){
../Core/Src/main.c(161): warning:  #1035-D: single-precision operand implicitly converted to double-precision
  					if(adjust + 0.1 < 1.0){
../Core/Src/main.c(162): warning:  #1035-D: single-precision operand implicitly converted to double-precision
  						adjust = adjust + 0.1;
../Core/Src/main.c(164): warning:  #1035-D: single-precision operand implicitly converted to double-precision
  					else if(adjust == 0.9){
../Core/Src/main.c(177): warning:  #1035-D: single-precision operand implicitly converted to double-precision
  					if(adjust - 0.1 > 0.2){
../Core/Src/main.c(178): warning:  #1035-D: single-precision operand implicitly converted to double-precision
  						adjust = adjust - 0.1;
../Core/Src/main.c(180): warning:  #1035-D: single-precision operand implicitly converted to double-precision
  					else if(adjust == 0.3){
../Core/Src/main.c(191): warning:  #1035-D: single-precision operand implicitly converted to double-precision
  					if(adjust + 0.1 < 1.0){
../Core/Src/main.c(192): warning:  #1035-D: single-precision operand implicitly converted to double-precision
  						adjust = adjust + 0.1;
../Core/Src/main.c(194): warning:  #1035-D: single-precision operand implicitly converted to double-precision
  					else if(adjust == 0.9){
../Core/Src/main.c: 12 warnings, 0 errors
linking...
Program Size: Code=22052 RO-data=768 RW-data=72 ZI-data=6064  
FromELF: creating hex file...
"adc_dma_1000point\adc_dma_1000point.axf" - 0 Error(s), 12 Warning(s).

<h2>Software Packages used:</h2>

Package Vendor: ARM
                http://www.keil.com/pack/ARM.CMSIS.5.8.0.pack
                ARM.CMSIS.5.8.0
                CMSIS (Common Microcontroller Software Interface Standard)
   * Component: CORE Version: 5.5.0

Package Vendor: Keil
                https://www.keil.com/pack/Keil.STM32H7xx_DFP.3.1.1.pack
                Keil.STM32H7xx_DFP.3.1.1
                STMicroelectronics STM32H7 Series Device Support and Examples

<h2>Collection of Component include folders:</h2>
  .\RTE\_adc_dma_1000point
  C:\Users\Dell\AppData\Local\Arm\Packs\ARM\CMSIS\5.8.0\CMSIS\Core\Include
  C:\Users\Dell\AppData\Local\Arm\Packs\Keil\STM32H7xx_DFP\3.1.1\Drivers\CMSIS\Device\ST\STM32H7xx\Include

<h2>Collection of Component Files used:</h2>

   * Component: ARM::CMSIS:CORE:5.5.0
Build Time Elapsed:  00:00:08
</pre>
</body>
</html>
